[ 12%] Creating directories for 'ext_gflags-populate'
[ 25%] Performing download step (download, verify and extract) for 'ext_gflags-populate'
-- Downloading...
   dst='/home/czz/nvblox_ws/build/my_nvblox/_deps/ext_gflags-subbuild/ext_gflags-populate-prefix/src/v2.2.0.tar.gz'
   timeout='none'
   inactivity timeout='none'
-- Using src='https://github.com/gflags/gflags/archive/refs/tags/v2.2.0.tar.gz'
-- Retrying...
-- Using src='https://github.com/gflags/gflags/archive/refs/tags/v2.2.0.tar.gz'
-- Retry after 5 seconds (attempt #2) ...
-- Using src='https://github.com/gflags/gflags/archive/refs/tags/v2.2.0.tar.gz'
-- Retry after 5 seconds (attempt #3) ...
-- Using src='https://github.com/gflags/gflags/archive/refs/tags/v2.2.0.tar.gz'
-- Retry after 15 seconds (attempt #4) ...
-- Using src='https://github.com/gflags/gflags/archive/refs/tags/v2.2.0.tar.gz'
-- Retry after 60 seconds (attempt #5) ...
-- Using src='https://github.com/gflags/gflags/archive/refs/tags/v2.2.0.tar.gz'
CMake Error at ext_gflags-subbuild/ext_gflags-populate-prefix/src/ext_gflags-populate-stamp/download-ext_gflags-populate.cmake:170 (message):
  Each download failed!

    error: downloading 'https://github.com/gflags/gflags/archive/refs/tags/v2.2.0.tar.gz' failed
          status_code: 6
          status_string: "Couldn't resolve host name"
          log:
          --- LOG BEGIN ---
          Could not resolve host: github.com

  Closing connection 0

  

          --- LOG END ---
          error: downloading 'https://github.com/gflags/gflags/archive/refs/tags/v2.2.0.tar.gz' failed
          status_code: 6
          status_string: "Couldn't resolve host name"
          log:
          --- LOG BEGIN ---
          Could not resolve host: github.com

  Closing connection 0

  

          --- LOG END ---
          error: downloading 'https://github.com/gflags/gflags/archive/refs/tags/v2.2.0.tar.gz' failed
          status_code: 6
          status_string: "Couldn't resolve host name"
          log:
          --- LOG BEGIN ---
          Could not resolve host: github.com

  Closing connection 0

  

          --- LOG END ---
          error: downloading 'https://github.com/gflags/gflags/archive/refs/tags/v2.2.0.tar.gz' failed
          status_code: 6
          status_string: "Couldn't resolve host name"
          log:
          --- LOG BEGIN ---
          Could not resolve host: github.com

  Closing connection 0

  

          --- LOG END ---
          error: downloading 'https://github.com/gflags/gflags/archive/refs/tags/v2.2.0.tar.gz' failed
          status_code: 6
          status_string: "Couldn't resolve host name"
          log:
          --- LOG BEGIN ---
          Could not resolve host: github.com

  Closing connection 0

  

          --- LOG END ---
          error: downloading 'https://github.com/gflags/gflags/archive/refs/tags/v2.2.0.tar.gz' failed
          status_code: 6
          status_string: "Couldn't resolve host name"
          log:
          --- LOG BEGIN ---
          Could not resolve host: github.com

  Closing connection 0

  

          --- LOG END ---
          
    


gmake[2]: *** [CMakeFiles/ext_gflags-populate.dir/build.make:98：ext_gflags-populate-prefix/src/ext_gflags-populate-stamp/ext_gflags-populate-download] 错误 1
gmake[1]: *** [CMakeFiles/Makefile2:83：CMakeFiles/ext_gflags-populate.dir/all] 错误 2
gmake: *** [Makefile:91：all] 错误 2

CMake Error at /usr/share/cmake-3.22/Modules/FetchContent.cmake:1087 (message):
  Build step for ext_gflags failed: 2
Call Stack (most recent call first):
  /usr/share/cmake-3.22/Modules/FetchContent.cmake:1216:EVAL:2 (__FetchContent_directPopulate)
  /usr/share/cmake-3.22/Modules/FetchContent.cmake:1216 (cmake_language)
  /usr/share/cmake-3.22/Modules/FetchContent.cmake:1259 (FetchContent_Populate)
  /home/czz/nvblox_ws/src/nvblox/nvblox/thirdparty/gflags/gflags.cmake:13 (FetchContent_MakeAvailable)
  /home/czz/nvblox_ws/src/nvblox/nvblox/CMakeLists.txt:12 (include)


