[0.009s] Invoking command in '/home/czz/nvblox_ws/build/my_nvblox': CMAKE_PREFIX_PATH=${CMAKE_PREFIX_PATH}:/home/czz/workspaces/isaac_ros-dev/install/nvblox_ros_python_utils:/home/czz/workspaces/isaac_ros-dev/install/isaac_ros_test:/home/czz/workspaces/isaac_ros-dev/install/isaac_ros_launch_utils:/opt/ros/humble /usr/bin/cmake /home/czz/nvblox_ws/src/my_nvblox -DCMAKE_INSTALL_PREFIX=/home/czz/nvblox_ws/install/my_nvblox
[0.018s] -- Found ament_cmake: 1.3.12 (/opt/ros/humble/share/ament_cmake/cmake)
[0.109s] -- Override CMake install command with custom implementation using symlinks instead of copying resources
[0.113s] -- Found tf2: 0.25.17 (/opt/ros/humble/share/tf2/cmake)
[0.128s] -- Found rosidl_generator_c: 3.1.7 (/opt/ros/humble/share/rosidl_generator_c/cmake)
[0.129s] -- Found rosidl_adapter: 3.1.7 (/opt/ros/humble/share/rosidl_adapter/cmake)
[0.132s] -- Found rosidl_generator_cpp: 3.1.7 (/opt/ros/humble/share/rosidl_generator_cpp/cmake)
[0.138s] -- Using all available rosidl_typesupport_c: rosidl_typesupport_fastrtps_c;rosidl_typesupport_introspection_c
[0.145s] -- Using all available rosidl_typesupport_cpp: rosidl_typesupport_fastrtps_cpp;rosidl_typesupport_introspection_cpp
[0.165s] -- Found rclcpp: 16.0.16 (/opt/ros/humble/share/rclcpp/cmake)
[0.179s] -- Found rmw_implementation_cmake: 6.1.2 (/opt/ros/humble/share/rmw_implementation_cmake/cmake)
[0.180s] -- Found rmw_fastrtps_cpp: 6.2.9 (/opt/ros/humble/share/rmw_fastrtps_cpp/cmake)
[0.246s] -- Using RMW implementation 'rmw_fastrtps_cpp' as default
[0.266s] -- Found sensor_msgs: 4.9.0 (/opt/ros/humble/share/sensor_msgs/cmake)
[0.275s] -- Found tf2_ros: 0.25.17 (/opt/ros/humble/share/tf2_ros/cmake)
[0.315s] -- Found tf2_eigen: 0.25.17 (/opt/ros/humble/share/tf2_eigen/cmake)
[0.317s] -- Building vendored nvblox with CUDA architectures: 52
[0.318s] -- TORCH_CUDA_ARCH_LIST: 5.2
[0.319s] -- Building without pre-C++11 ABI support (PyTorch wrapper disabled)
[0.320s] -- Found CUDAToolkit: /usr/local/cuda/include (found version "12.6.20") 
[0.333s] -- Downloading 3rdparty dependencies
[0.333s] -- Downloading GFLAGS
[85.524s] [ 12%] Creating directories for 'ext_gflags-populate'
[85.524s] [ 25%] Performing download step (download, verify and extract) for 'ext_gflags-populate'
[85.524s] -- Downloading...
[85.524s]    dst='/home/czz/nvblox_ws/build/my_nvblox/_deps/ext_gflags-subbuild/ext_gflags-populate-prefix/src/v2.2.0.tar.gz'
[85.524s]    timeout='none'
[85.524s]    inactivity timeout='none'
[85.524s] -- Using src='https://github.com/gflags/gflags/archive/refs/tags/v2.2.0.tar.gz'
[85.524s] -- Retrying...
[85.524s] -- Using src='https://github.com/gflags/gflags/archive/refs/tags/v2.2.0.tar.gz'
[85.524s] -- Retry after 5 seconds (attempt #2) ...
[85.524s] -- Using src='https://github.com/gflags/gflags/archive/refs/tags/v2.2.0.tar.gz'
[85.524s] -- Retry after 5 seconds (attempt #3) ...
[85.524s] -- Using src='https://github.com/gflags/gflags/archive/refs/tags/v2.2.0.tar.gz'
[85.524s] -- Retry after 15 seconds (attempt #4) ...
[85.524s] -- Using src='https://github.com/gflags/gflags/archive/refs/tags/v2.2.0.tar.gz'
[85.524s] -- Retry after 60 seconds (attempt #5) ...
[85.524s] -- Using src='https://github.com/gflags/gflags/archive/refs/tags/v2.2.0.tar.gz'
[85.524s] CMake Error at ext_gflags-subbuild/ext_gflags-populate-prefix/src/ext_gflags-populate-stamp/download-ext_gflags-populate.cmake:170 (message):
[85.524s]   Each download failed!
[85.524s] 
[85.524s]     error: downloading 'https://github.com/gflags/gflags/archive/refs/tags/v2.2.0.tar.gz' failed
[85.524s]           status_code: 6
[85.524s]           status_string: "Couldn't resolve host name"
[85.524s]           log:
[85.524s]           --- LOG BEGIN ---
[85.524s]           Could not resolve host: github.com
[85.524s] 
[85.524s]   Closing connection 0
[85.524s] 
[85.524s]   
[85.524s] 
[85.524s]           --- LOG END ---
[85.524s]           error: downloading 'https://github.com/gflags/gflags/archive/refs/tags/v2.2.0.tar.gz' failed
[85.524s]           status_code: 6
[85.524s]           status_string: "Couldn't resolve host name"
[85.524s]           log:
[85.524s]           --- LOG BEGIN ---
[85.524s]           Could not resolve host: github.com
[85.524s] 
[85.524s]   Closing connection 0
[85.525s] 
[85.525s]   
[85.525s] 
[85.525s]           --- LOG END ---
[85.525s]           error: downloading 'https://github.com/gflags/gflags/archive/refs/tags/v2.2.0.tar.gz' failed
[85.525s]           status_code: 6
[85.525s]           status_string: "Couldn't resolve host name"
[85.525s]           log:
[85.525s]           --- LOG BEGIN ---
[85.525s]           Could not resolve host: github.com
[85.525s] 
[85.525s]   Closing connection 0
[85.525s] 
[85.525s]   
[85.525s] 
[85.525s]           --- LOG END ---
[85.525s]           error: downloading 'https://github.com/gflags/gflags/archive/refs/tags/v2.2.0.tar.gz' failed
[85.525s]           status_code: 6
[85.525s]           status_string: "Couldn't resolve host name"
[85.525s]           log:
[85.525s]           --- LOG BEGIN ---
[85.525s]           Could not resolve host: github.com
[85.525s] 
[85.525s]   Closing connection 0
[85.525s] 
[85.525s]   
[85.525s] 
[85.525s]           --- LOG END ---
[85.525s]           error: downloading 'https://github.com/gflags/gflags/archive/refs/tags/v2.2.0.tar.gz' failed
[85.525s]           status_code: 6
[85.525s]           status_string: "Couldn't resolve host name"
[85.525s]           log:
[85.525s]           --- LOG BEGIN ---
[85.525s]           Could not resolve host: github.com
[85.525s] 
[85.525s]   Closing connection 0
[85.525s] 
[85.525s]   
[85.525s] 
[85.525s]           --- LOG END ---
[85.525s]           error: downloading 'https://github.com/gflags/gflags/archive/refs/tags/v2.2.0.tar.gz' failed
[85.525s]           status_code: 6
[85.525s]           status_string: "Couldn't resolve host name"
[85.525s]           log:
[85.525s]           --- LOG BEGIN ---
[85.525s]           Could not resolve host: github.com
[85.525s] 
[85.525s]   Closing connection 0
[85.525s] 
[85.526s]   
[85.526s] 
[85.526s]           --- LOG END ---
[85.526s]           
[85.526s]     
[85.526s] 
[85.526s] 
[85.526s] gmake[2]: *** [CMakeFiles/ext_gflags-populate.dir/build.make:98：ext_gflags-populate-prefix/src/ext_gflags-populate-stamp/ext_gflags-populate-download] 错误 1
[85.526s] gmake[1]: *** [CMakeFiles/Makefile2:83：CMakeFiles/ext_gflags-populate.dir/all] 错误 2
[85.526s] gmake: *** [Makefile:91：all] 错误 2
[85.526s] 
[85.526s] CMake Error at /usr/share/cmake-3.22/Modules/FetchContent.cmake:1087 (message):
[85.526s]   Build step for ext_gflags failed: 2
[85.526s] Call Stack (most recent call first):
[85.526s]   /usr/share/cmake-3.22/Modules/FetchContent.cmake:1216:EVAL:2 (__FetchContent_directPopulate)
[85.526s]   /usr/share/cmake-3.22/Modules/FetchContent.cmake:1216 (cmake_language)
[85.526s]   /usr/share/cmake-3.22/Modules/FetchContent.cmake:1259 (FetchContent_Populate)
[85.526s]   /home/czz/nvblox_ws/src/nvblox/nvblox/thirdparty/gflags/gflags.cmake:13 (FetchContent_MakeAvailable)
[85.526s]   /home/czz/nvblox_ws/src/nvblox/nvblox/CMakeLists.txt:12 (include)
[85.526s] 
[85.526s] 
[85.526s] -- Configuring incomplete, errors occurred!
[85.526s] See also "/home/czz/nvblox_ws/build/my_nvblox/CMakeFiles/CMakeOutput.log".
[85.529s] Invoked command in '/home/czz/nvblox_ws/build/my_nvblox' returned '1': CMAKE_PREFIX_PATH=${CMAKE_PREFIX_PATH}:/home/czz/workspaces/isaac_ros-dev/install/nvblox_ros_python_utils:/home/czz/workspaces/isaac_ros-dev/install/isaac_ros_test:/home/czz/workspaces/isaac_ros-dev/install/isaac_ros_launch_utils:/opt/ros/humble /usr/bin/cmake /home/czz/nvblox_ws/src/my_nvblox -DCMAKE_INSTALL_PREFIX=/home/czz/nvblox_ws/install/my_nvblox
