[0.030s] Invoking command in '/home/czz/nvblox_ws/build/my_nvblox': CMAKE_PREFIX_PATH=${CMAKE_PREFIX_PATH}:/home/czz/workspaces/isaac_ros-dev/install/nvblox_ros_python_utils:/home/czz/workspaces/isaac_ros-dev/install/isaac_ros_test:/home/czz/workspaces/isaac_ros-dev/install/isaac_ros_launch_utils:/opt/ros/humble /usr/bin/cmake --build /home/czz/nvblox_ws/build/my_nvblox -- -j20 -l20
[0.188s] [ 25%] [32mBuilding CXX object CMakeFiles/nvblox_node.dir/src/esdf_publisher.cpp.o[0m
[0.190s] [ 50%] [32mBuilding CXX object CMakeFiles/nvblox_node.dir/src/nvblox_node.cpp.o[0m
[9.621s] In file included from [01m[K/opt/ros/humble/include/rclcpp/rclcpp/client.hpp:40[m[K,
[9.621s]                  from [01m[K/opt/ros/humble/include/rclcpp/rclcpp/callback_group.hpp:24[m[K,
[9.622s]                  from [01m[K/opt/ros/humble/include/rclcpp/rclcpp/any_executable.hpp:20[m[K,
[9.622s]                  from [01m[K/opt/ros/humble/include/rclcpp/rclcpp/memory_strategy.hpp:25[m[K,
[9.622s]                  from [01m[K/opt/ros/humble/include/rclcpp/rclcpp/memory_strategies.hpp:18[m[K,
[9.622s]                  from [01m[K/opt/ros/humble/include/rclcpp/rclcpp/executor_options.hpp:20[m[K,
[9.622s]                  from [01m[K/opt/ros/humble/include/rclcpp/rclcpp/executor.hpp:37[m[K,
[9.622s]                  from [01m[K/opt/ros/humble/include/rclcpp/rclcpp/executors/multi_threaded_executor.hpp:25[m[K,
[9.623s]                  from [01m[K/opt/ros/humble/include/rclcpp/rclcpp/executors.hpp:21[m[K,
[9.623s]                  from [01m[K/opt/ros/humble/include/rclcpp/rclcpp/rclcpp.hpp:155[m[K,
[9.623s]                  from [01m[K/home/czz/nvblox_ws/src/my_nvblox/include/my_nvblox/esdf_publisher.hpp:115[m[K,
[9.623s]                  from [01m[K/home/czz/nvblox_ws/src/my_nvblox/src/esdf_publisher.cpp:390[m[K:
[9.623s] [01m[K/home/czz/nvblox_ws/src/my_nvblox/src/esdf_publisher.cpp:[m[K In lambda function:
[9.623s] [01m[K/home/czz/nvblox_ws/src/my_nvblox/src/esdf_publisher.cpp:523:3:[m[K [01;31m[Kerror: [m[K‘[01m[Kstruct rcl_clock_s[m[K’ has no member named ‘[01m[Know[m[K’
[9.623s]   523 |   [01;31m[KRCLCPP_INFO_THROTTLE[m[K(
[9.624s]       |   [01;31m[K^~~~~~~~~~~~~~~~~~~~[m[K
[13.211s] gmake[2]: *** [CMakeFiles/nvblox_node.dir/build.make:104：CMakeFiles/nvblox_node.dir/src/esdf_publisher.cpp.o] 错误 1
[13.211s] gmake[2]: *** 正在等待未完成的任务....
[32.571s] gmake[1]: *** [CMakeFiles/Makefile2:137：CMakeFiles/nvblox_node.dir/all] 错误 2
[32.571s] gmake: *** [Makefile:146：all] 错误 2
[32.576s] Invoked command in '/home/czz/nvblox_ws/build/my_nvblox' returned '2': CMAKE_PREFIX_PATH=${CMAKE_PREFIX_PATH}:/home/czz/workspaces/isaac_ros-dev/install/nvblox_ros_python_utils:/home/czz/workspaces/isaac_ros-dev/install/isaac_ros_test:/home/czz/workspaces/isaac_ros-dev/install/isaac_ros_launch_utils:/opt/ros/humble /usr/bin/cmake --build /home/czz/nvblox_ws/build/my_nvblox -- -j20 -l20
