/usr/bin/ld: CMakeFiles/mapper_node.dir/src/mapper_node.cpp.o: in function `nvblox::Image<float>::Image(int, int, nvblox::MemoryType)':
mapper_node.cpp:(.text._ZN6nvblox5ImageIfEC2EiiNS_10MemoryTypeE[_ZN6nvblox5ImageIfEC5EiiNS_10MemoryTypeE]+0xfc): undefined reference to `google::LogMessageFatal::LogMessageFatal(char const*, int, google::CheckOpString const&)'
/usr/bin/ld: mapper_node.cpp:(.text._ZN6nvblox5ImageIfEC2EiiNS_10MemoryTypeE[_ZN6nvblox5ImageIfEC5EiiNS_10MemoryTypeE]+0x108): undefined reference to `google::LogMessage::stream()'
/usr/bin/ld: mapper_node.cpp:(.text._ZN6nvblox5ImageIfEC2EiiNS_10MemoryTypeE[_ZN6nvblox5ImageIfEC5EiiNS_10MemoryTypeE]+0x129): undefined reference to `google::LogMessageFatal::~LogMessageFatal()'
/usr/bin/ld: mapper_node.cpp:(.text._ZN6nvblox5ImageIfEC2EiiNS_10MemoryTypeE[_ZN6nvblox5ImageIfEC5EiiNS_10MemoryTypeE]+0x191): undefined reference to `google::LogMessageFatal::LogMessageFatal(char const*, int, google::CheckOpString const&)'
/usr/bin/ld: mapper_node.cpp:(.text._ZN6nvblox5ImageIfEC2EiiNS_10MemoryTypeE[_ZN6nvblox5ImageIfEC5EiiNS_10MemoryTypeE]+0x19d): undefined reference to `google::LogMessage::stream()'
/usr/bin/ld: mapper_node.cpp:(.text._ZN6nvblox5ImageIfEC2EiiNS_10MemoryTypeE[_ZN6nvblox5ImageIfEC5EiiNS_10MemoryTypeE]+0x1be): undefined reference to `google::LogMessageFatal::~LogMessageFatal()'
/usr/bin/ld: mapper_node.cpp:(.text._ZN6nvblox5ImageIfEC2EiiNS_10MemoryTypeE[_ZN6nvblox5ImageIfEC5EiiNS_10MemoryTypeE]+0x20d): undefined reference to `google::LogMessageFatal::~LogMessageFatal()'
/usr/bin/ld: mapper_node.cpp:(.text._ZN6nvblox5ImageIfEC2EiiNS_10MemoryTypeE[_ZN6nvblox5ImageIfEC5EiiNS_10MemoryTypeE]+0x21d): undefined reference to `google::LogMessageFatal::~LogMessageFatal()'
/usr/bin/ld: CMakeFiles/mapper_node.dir/src/mapper_node.cpp.o: in function `nvblox::Image<nvblox::Color>::Image(int, int, nvblox::MemoryType)':
mapper_node.cpp:(.text._ZN6nvblox5ImageINS_5ColorEEC2EiiNS_10MemoryTypeE[_ZN6nvblox5ImageINS_5ColorEEC5EiiNS_10MemoryTypeE]+0xfc): undefined reference to `google::LogMessageFatal::LogMessageFatal(char const*, int, google::CheckOpString const&)'
/usr/bin/ld: mapper_node.cpp:(.text._ZN6nvblox5ImageINS_5ColorEEC2EiiNS_10MemoryTypeE[_ZN6nvblox5ImageINS_5ColorEEC5EiiNS_10MemoryTypeE]+0x108): undefined reference to `google::LogMessage::stream()'
/usr/bin/ld: mapper_node.cpp:(.text._ZN6nvblox5ImageINS_5ColorEEC2EiiNS_10MemoryTypeE[_ZN6nvblox5ImageINS_5ColorEEC5EiiNS_10MemoryTypeE]+0x129): undefined reference to `google::LogMessageFatal::~LogMessageFatal()'
/usr/bin/ld: mapper_node.cpp:(.text._ZN6nvblox5ImageINS_5ColorEEC2EiiNS_10MemoryTypeE[_ZN6nvblox5ImageINS_5ColorEEC5EiiNS_10MemoryTypeE]+0x191): undefined reference to `google::LogMessageFatal::LogMessageFatal(char const*, int, google::CheckOpString const&)'
/usr/bin/ld: mapper_node.cpp:(.text._ZN6nvblox5ImageINS_5ColorEEC2EiiNS_10MemoryTypeE[_ZN6nvblox5ImageINS_5ColorEEC5EiiNS_10MemoryTypeE]+0x19d): undefined reference to `google::LogMessage::stream()'
/usr/bin/ld: mapper_node.cpp:(.text._ZN6nvblox5ImageINS_5ColorEEC2EiiNS_10MemoryTypeE[_ZN6nvblox5ImageINS_5ColorEEC5EiiNS_10MemoryTypeE]+0x1be): undefined reference to `google::LogMessageFatal::~LogMessageFatal()'
/usr/bin/ld: mapper_node.cpp:(.text._ZN6nvblox5ImageINS_5ColorEEC2EiiNS_10MemoryTypeE[_ZN6nvblox5ImageINS_5ColorEEC5EiiNS_10MemoryTypeE]+0x20d): undefined reference to `google::LogMessageFatal::~LogMessageFatal()'
/usr/bin/ld: mapper_node.cpp:(.text._ZN6nvblox5ImageINS_5ColorEEC2EiiNS_10MemoryTypeE[_ZN6nvblox5ImageINS_5ColorEEC5EiiNS_10MemoryTypeE]+0x21d): undefined reference to `google::LogMessageFatal::~LogMessageFatal()'
/usr/bin/ld: CMakeFiles/mapper_node.dir/src/mapper_node.cpp.o: in function `std::__cxx11::basic_string<char, std::char_traits<char>, std::allocator<char> >* google::MakeCheckOpString<int, int>(int const&, int const&, char const*)':
mapper_node.cpp:(.text._ZN6google17MakeCheckOpStringIiiEEPNSt7__cxx1112basic_stringIcSt11char_traitsIcESaIcEEERKT_RKT0_PKc[_ZN6google17MakeCheckOpStringIiiEEPNSt7__cxx1112basic_stringIcSt11char_traitsIcESaIcEEERKT_RKT0_PKc]+0x37): undefined reference to `google::base::CheckOpMessageBuilder::CheckOpMessageBuilder(char const*)'
/usr/bin/ld: mapper_node.cpp:(.text._ZN6google17MakeCheckOpStringIiiEEPNSt7__cxx1112basic_stringIcSt11char_traitsIcESaIcEEERKT_RKT0_PKc[_ZN6google17MakeCheckOpStringIiiEEPNSt7__cxx1112basic_stringIcSt11char_traitsIcESaIcEEERKT_RKT0_PKc]+0x61): undefined reference to `google::base::CheckOpMessageBuilder::ForVar2()'
/usr/bin/ld: mapper_node.cpp:(.text._ZN6google17MakeCheckOpStringIiiEEPNSt7__cxx1112basic_stringIcSt11char_traitsIcESaIcEEERKT_RKT0_PKc[_ZN6google17MakeCheckOpStringIiiEEPNSt7__cxx1112basic_stringIcSt11char_traitsIcESaIcEEERKT_RKT0_PKc]+0x7f): undefined reference to `google::base::CheckOpMessageBuilder::NewString[abi:cxx11]()'
/usr/bin/ld: mapper_node.cpp:(.text._ZN6google17MakeCheckOpStringIiiEEPNSt7__cxx1112basic_stringIcSt11char_traitsIcESaIcEEERKT_RKT0_PKc[_ZN6google17MakeCheckOpStringIiiEEPNSt7__cxx1112basic_stringIcSt11char_traitsIcESaIcEEERKT_RKT0_PKc]+0x8f): undefined reference to `google::base::CheckOpMessageBuilder::~CheckOpMessageBuilder()'
/usr/bin/ld: mapper_node.cpp:(.text._ZN6google17MakeCheckOpStringIiiEEPNSt7__cxx1112basic_stringIcSt11char_traitsIcESaIcEEERKT_RKT0_PKc[_ZN6google17MakeCheckOpStringIiiEEPNSt7__cxx1112basic_stringIcSt11char_traitsIcESaIcEEERKT_RKT0_PKc]+0xb6): undefined reference to `google::base::CheckOpMessageBuilder::~CheckOpMessageBuilder()'
/usr/bin/ld: CMakeFiles/mapper_node.dir/src/mapper_node.cpp.o: in function `nvblox::VoxelBlockLayer<nvblox::TsdfVoxel> const* nvblox::LayerCake::getConstPtr<nvblox::VoxelBlockLayer<nvblox::TsdfVoxel> >() const':
mapper_node.cpp:(.text._ZNK6nvblox9LayerCake11getConstPtrINS_15VoxelBlockLayerINS_9TsdfVoxelEEEEEPKT_v[_ZNK6nvblox9LayerCake11getConstPtrINS_15VoxelBlockLayerINS_9TsdfVoxelEEEEEPKT_v]+0x10e): undefined reference to `google::LogMessage::LogMessage(char const*, int, int)'
/usr/bin/ld: mapper_node.cpp:(.text._ZNK6nvblox9LayerCake11getConstPtrINS_15VoxelBlockLayerINS_9TsdfVoxelEEEEEPKT_v[_ZNK6nvblox9LayerCake11getConstPtrINS_15VoxelBlockLayerINS_9TsdfVoxelEEEEEPKT_v]+0x11a): undefined reference to `google::LogMessage::stream()'
/usr/bin/ld: mapper_node.cpp:(.text._ZNK6nvblox9LayerCake11getConstPtrINS_15VoxelBlockLayerINS_9TsdfVoxelEEEEEPKT_v[_ZNK6nvblox9LayerCake11getConstPtrINS_15VoxelBlockLayerINS_9TsdfVoxelEEEEEPKT_v]+0x16d): undefined reference to `google::LogMessage::~LogMessage()'
/usr/bin/ld: mapper_node.cpp:(.text._ZNK6nvblox9LayerCake11getConstPtrINS_15VoxelBlockLayerINS_9TsdfVoxelEEEEEPKT_v[_ZNK6nvblox9LayerCake11getConstPtrINS_15VoxelBlockLayerINS_9TsdfVoxelEEEEEPKT_v]+0x196): undefined reference to `google::LogMessage::~LogMessage()'
/usr/bin/ld: CMakeFiles/mapper_node.dir/src/mapper_node.cpp.o: in function `nvblox::VoxelBlockLayer<nvblox::TsdfVoxel> const*& google::CheckNotNull<nvblox::VoxelBlockLayer<nvblox::TsdfVoxel> const*&>(char const*, int, char const*, nvblox::VoxelBlockLayer<nvblox::TsdfVoxel> const*&)':
mapper_node.cpp:(.text._ZN6google12CheckNotNullIRPKN6nvblox15VoxelBlockLayerINS1_9TsdfVoxelEEEEET_PKciSA_OS8_[_ZN6google12CheckNotNullIRPKN6nvblox15VoxelBlockLayerINS1_9TsdfVoxelEEEEET_PKciSA_OS8_]+0x8a): undefined reference to `google::LogMessageFatal::LogMessageFatal(char const*, int, google::CheckOpString const&)'
/usr/bin/ld: mapper_node.cpp:(.text._ZN6google12CheckNotNullIRPKN6nvblox15VoxelBlockLayerINS1_9TsdfVoxelEEEEET_PKciSA_OS8_[_ZN6google12CheckNotNullIRPKN6nvblox15VoxelBlockLayerINS1_9TsdfVoxelEEEEET_PKciSA_OS8_]+0x96): undefined reference to `google::LogMessageFatal::~LogMessageFatal()'
/usr/bin/ld: CMakeFiles/mapper_node.dir/src/mapper_node.cpp.o: in function `nvblox::MaskedImageView<float const>::MaskedImageView<nvblox::Image<float> const>(nvblox::Image<float> const&, std::optional<nvblox::ImageView<unsigned char const> > const&, nvblox::MaskMode)':
mapper_node.cpp:(.text._ZN6nvblox15MaskedImageViewIKfEC2IKNS_5ImageIfEEEERT_RKSt8optionalINS_9ImageViewIKhEEENS_8MaskModeE[_ZN6nvblox15MaskedImageViewIKfEC5IKNS_5ImageIfEEEERT_RKSt8optionalINS_9ImageViewIKhEEENS_8MaskModeE]+0xc7): undefined reference to `google::LogMessageFatal::LogMessageFatal(char const*, int)'
/usr/bin/ld: mapper_node.cpp:(.text._ZN6nvblox15MaskedImageViewIKfEC2IKNS_5ImageIfEEEERT_RKSt8optionalINS_9ImageViewIKhEEENS_8MaskModeE[_ZN6nvblox15MaskedImageViewIKfEC5IKNS_5ImageIfEEEERT_RKSt8optionalINS_9ImageViewIKhEEENS_8MaskModeE]+0xd8): undefined reference to `google::LogMessage::stream()'
/usr/bin/ld: mapper_node.cpp:(.text._ZN6nvblox15MaskedImageViewIKfEC2IKNS_5ImageIfEEEERT_RKSt8optionalINS_9ImageViewIKhEEENS_8MaskModeE[_ZN6nvblox15MaskedImageViewIKfEC5IKNS_5ImageIfEEEERT_RKSt8optionalINS_9ImageViewIKhEEENS_8MaskModeE]+0x130): undefined reference to `google::LogMessageFatal::~LogMessageFatal()'
/usr/bin/ld: mapper_node.cpp:(.text._ZN6nvblox15MaskedImageViewIKfEC2IKNS_5ImageIfEEEERT_RKSt8optionalINS_9ImageViewIKhEEENS_8MaskModeE[_ZN6nvblox15MaskedImageViewIKfEC5IKNS_5ImageIfEEEERT_RKSt8optionalINS_9ImageViewIKhEEENS_8MaskModeE]+0x17f): undefined reference to `google::LogMessageFatal::LogMessageFatal(char const*, int)'
/usr/bin/ld: mapper_node.cpp:(.text._ZN6nvblox15MaskedImageViewIKfEC2IKNS_5ImageIfEEEERT_RKSt8optionalINS_9ImageViewIKhEEENS_8MaskModeE[_ZN6nvblox15MaskedImageViewIKfEC5IKNS_5ImageIfEEEERT_RKSt8optionalINS_9ImageViewIKhEEENS_8MaskModeE]+0x190): undefined reference to `google::LogMessage::stream()'
/usr/bin/ld: mapper_node.cpp:(.text._ZN6nvblox15MaskedImageViewIKfEC2IKNS_5ImageIfEEEERT_RKSt8optionalINS_9ImageViewIKhEEENS_8MaskModeE[_ZN6nvblox15MaskedImageViewIKfEC5IKNS_5ImageIfEEEERT_RKSt8optionalINS_9ImageViewIKhEEENS_8MaskModeE]+0x1e8): undefined reference to `google::LogMessageFatal::~LogMessageFatal()'
/usr/bin/ld: mapper_node.cpp:(.text._ZN6nvblox15MaskedImageViewIKfEC2IKNS_5ImageIfEEEERT_RKSt8optionalINS_9ImageViewIKhEEENS_8MaskModeE[_ZN6nvblox15MaskedImageViewIKfEC5IKNS_5ImageIfEEEERT_RKSt8optionalINS_9ImageViewIKhEEENS_8MaskModeE]+0x220): undefined reference to `google::LogMessageFatal::~LogMessageFatal()'
/usr/bin/ld: mapper_node.cpp:(.text._ZN6nvblox15MaskedImageViewIKfEC2IKNS_5ImageIfEEEERT_RKSt8optionalINS_9ImageViewIKhEEENS_8MaskModeE[_ZN6nvblox15MaskedImageViewIKfEC5IKNS_5ImageIfEEEERT_RKSt8optionalINS_9ImageViewIKhEEENS_8MaskModeE]+0x239): undefined reference to `google::LogMessageFatal::~LogMessageFatal()'
/usr/bin/ld: CMakeFiles/mapper_node.dir/src/mapper_node.cpp.o: in function `void nvblox::Mapper::integrateDepth<nvblox::Camera>(nvblox::MaskedImageView<float const> const&, Eigen::Transform<float, 3, 1, 0> const&, nvblox::Camera const&)':
mapper_node.cpp:(.text._ZN6nvblox6Mapper14integrateDepthINS_6CameraEEEvRKNS_15MaskedImageViewIKfEERKN5Eigen9TransformIfLi3ELi1ELi0EEERKT_[_ZN6nvblox6Mapper14integrateDepthINS_6CameraEEEvRKNS_15MaskedImageViewIKfEERKN5Eigen9TransformIfLi3ELi1ELi0EEERKT_]+0x7a): undefined reference to `google::LogMessageFatal::LogMessageFatal(char const*, int)'
/usr/bin/ld: mapper_node.cpp:(.text._ZN6nvblox6Mapper14integrateDepthINS_6CameraEEEvRKNS_15MaskedImageViewIKfEERKN5Eigen9TransformIfLi3ELi1ELi0EEERKT_[_ZN6nvblox6Mapper14integrateDepthINS_6CameraEEEvRKNS_15MaskedImageViewIKfEERKN5Eigen9TransformIfLi3ELi1ELi0EEERKT_]+0x8e): undefined reference to `google::LogMessage::stream()'
/usr/bin/ld: mapper_node.cpp:(.text._ZN6nvblox6Mapper14integrateDepthINS_6CameraEEEvRKNS_15MaskedImageViewIKfEERKN5Eigen9TransformIfLi3ELi1ELi0EEERKT_[_ZN6nvblox6Mapper14integrateDepthINS_6CameraEEEvRKNS_15MaskedImageViewIKfEERKN5Eigen9TransformIfLi3ELi1ELi0EEERKT_]+0xef): undefined reference to `google::LogMessageFatal::~LogMessageFatal()'
/usr/bin/ld: mapper_node.cpp:(.text._ZN6nvblox6Mapper14integrateDepthINS_6CameraEEEvRKNS_15MaskedImageViewIKfEERKN5Eigen9TransformIfLi3ELi1ELi0EEERKT_[_ZN6nvblox6Mapper14integrateDepthINS_6CameraEEEvRKNS_15MaskedImageViewIKfEERKN5Eigen9TransformIfLi3ELi1ELi0EEERKT_]+0x385): undefined reference to `google::LogMessage::LogMessage(char const*, int)'
/usr/bin/ld: mapper_node.cpp:(.text._ZN6nvblox6Mapper14integrateDepthINS_6CameraEEEvRKNS_15MaskedImageViewIKfEERKN5Eigen9TransformIfLi3ELi1ELi0EEERKT_[_ZN6nvblox6Mapper14integrateDepthINS_6CameraEEEvRKNS_15MaskedImageViewIKfEERKN5Eigen9TransformIfLi3ELi1ELi0EEERKT_]+0x394): undefined reference to `google::LogMessage::stream()'
/usr/bin/ld: mapper_node.cpp:(.text._ZN6nvblox6Mapper14integrateDepthINS_6CameraEEEvRKNS_15MaskedImageViewIKfEERKN5Eigen9TransformIfLi3ELi1ELi0EEERKT_[_ZN6nvblox6Mapper14integrateDepthINS_6CameraEEEvRKNS_15MaskedImageViewIKfEERKN5Eigen9TransformIfLi3ELi1ELi0EEERKT_]+0x3b8): undefined reference to `google::LogMessage::~LogMessage()'
/usr/bin/ld: mapper_node.cpp:(.text._ZN6nvblox6Mapper14integrateDepthINS_6CameraEEEvRKNS_15MaskedImageViewIKfEERKN5Eigen9TransformIfLi3ELi1ELi0EEERKT_[_ZN6nvblox6Mapper14integrateDepthINS_6CameraEEEvRKNS_15MaskedImageViewIKfEERKN5Eigen9TransformIfLi3ELi1ELi0EEERKT_]+0x628): undefined reference to `google::LogMessageFatal::~LogMessageFatal()'
/usr/bin/ld: mapper_node.cpp:(.text._ZN6nvblox6Mapper14integrateDepthINS_6CameraEEEvRKNS_15MaskedImageViewIKfEERKN5Eigen9TransformIfLi3ELi1ELi0EEERKT_[_ZN6nvblox6Mapper14integrateDepthINS_6CameraEEEvRKNS_15MaskedImageViewIKfEERKN5Eigen9TransformIfLi3ELi1ELi0EEERKT_]+0x691): undefined reference to `google::LogMessage::~LogMessage()'
/usr/bin/ld: CMakeFiles/mapper_node.dir/src/mapper_node.cpp.o: in function `nvblox::MaskedImageView<nvblox::Color const>::MaskedImageView<nvblox::Image<nvblox::Color> const>(nvblox::Image<nvblox::Color> const&, std::optional<nvblox::ImageView<unsigned char const> > const&, nvblox::MaskMode)':
mapper_node.cpp:(.text._ZN6nvblox15MaskedImageViewIKNS_5ColorEEC2IKNS_5ImageIS1_EEEERT_RKSt8optionalINS_9ImageViewIKhEEENS_8MaskModeE[_ZN6nvblox15MaskedImageViewIKNS_5ColorEEC5IKNS_5ImageIS1_EEEERT_RKSt8optionalINS_9ImageViewIKhEEENS_8MaskModeE]+0xc7): undefined reference to `google::LogMessageFatal::LogMessageFatal(char const*, int)'
/usr/bin/ld: mapper_node.cpp:(.text._ZN6nvblox15MaskedImageViewIKNS_5ColorEEC2IKNS_5ImageIS1_EEEERT_RKSt8optionalINS_9ImageViewIKhEEENS_8MaskModeE[_ZN6nvblox15MaskedImageViewIKNS_5ColorEEC5IKNS_5ImageIS1_EEEERT_RKSt8optionalINS_9ImageViewIKhEEENS_8MaskModeE]+0xd8): undefined reference to `google::LogMessage::stream()'
/usr/bin/ld: mapper_node.cpp:(.text._ZN6nvblox15MaskedImageViewIKNS_5ColorEEC2IKNS_5ImageIS1_EEEERT_RKSt8optionalINS_9ImageViewIKhEEENS_8MaskModeE[_ZN6nvblox15MaskedImageViewIKNS_5ColorEEC5IKNS_5ImageIS1_EEEERT_RKSt8optionalINS_9ImageViewIKhEEENS_8MaskModeE]+0x130): undefined reference to `google::LogMessageFatal::~LogMessageFatal()'
/usr/bin/ld: mapper_node.cpp:(.text._ZN6nvblox15MaskedImageViewIKNS_5ColorEEC2IKNS_5ImageIS1_EEEERT_RKSt8optionalINS_9ImageViewIKhEEENS_8MaskModeE[_ZN6nvblox15MaskedImageViewIKNS_5ColorEEC5IKNS_5ImageIS1_EEEERT_RKSt8optionalINS_9ImageViewIKhEEENS_8MaskModeE]+0x17f): undefined reference to `google::LogMessageFatal::LogMessageFatal(char const*, int)'
/usr/bin/ld: mapper_node.cpp:(.text._ZN6nvblox15MaskedImageViewIKNS_5ColorEEC2IKNS_5ImageIS1_EEEERT_RKSt8optionalINS_9ImageViewIKhEEENS_8MaskModeE[_ZN6nvblox15MaskedImageViewIKNS_5ColorEEC5IKNS_5ImageIS1_EEEERT_RKSt8optionalINS_9ImageViewIKhEEENS_8MaskModeE]+0x190): undefined reference to `google::LogMessage::stream()'
/usr/bin/ld: mapper_node.cpp:(.text._ZN6nvblox15MaskedImageViewIKNS_5ColorEEC2IKNS_5ImageIS1_EEEERT_RKSt8optionalINS_9ImageViewIKhEEENS_8MaskModeE[_ZN6nvblox15MaskedImageViewIKNS_5ColorEEC5IKNS_5ImageIS1_EEEERT_RKSt8optionalINS_9ImageViewIKhEEENS_8MaskModeE]+0x1e8): undefined reference to `google::LogMessageFatal::~LogMessageFatal()'
/usr/bin/ld: mapper_node.cpp:(.text._ZN6nvblox15MaskedImageViewIKNS_5ColorEEC2IKNS_5ImageIS1_EEEERT_RKSt8optionalINS_9ImageViewIKhEEENS_8MaskModeE[_ZN6nvblox15MaskedImageViewIKNS_5ColorEEC5IKNS_5ImageIS1_EEEERT_RKSt8optionalINS_9ImageViewIKhEEENS_8MaskModeE]+0x220): undefined reference to `google::LogMessageFatal::~LogMessageFatal()'
/usr/bin/ld: mapper_node.cpp:(.text._ZN6nvblox15MaskedImageViewIKNS_5ColorEEC2IKNS_5ImageIS1_EEEERT_RKSt8optionalINS_9ImageViewIKhEEENS_8MaskModeE[_ZN6nvblox15MaskedImageViewIKNS_5ColorEEC5IKNS_5ImageIS1_EEEERT_RKSt8optionalINS_9ImageViewIKhEEENS_8MaskModeE]+0x239): undefined reference to `google::LogMessageFatal::~LogMessageFatal()'
/usr/bin/ld: CMakeFiles/mapper_node.dir/src/mapper_node.cpp.o: in function `nvblox::ImageBase<float const>::strideFromBytesToElements(int)':
mapper_node.cpp:(.text._ZN6nvblox9ImageBaseIKfE25strideFromBytesToElementsEi[_ZN6nvblox9ImageBaseIKfE25strideFromBytesToElementsEi]+0x53): undefined reference to `google::LogMessageFatal::LogMessageFatal(char const*, int)'
/usr/bin/ld: mapper_node.cpp:(.text._ZN6nvblox9ImageBaseIKfE25strideFromBytesToElementsEi[_ZN6nvblox9ImageBaseIKfE25strideFromBytesToElementsEi]+0x64): undefined reference to `google::LogMessage::stream()'
/usr/bin/ld: mapper_node.cpp:(.text._ZN6nvblox9ImageBaseIKfE25strideFromBytesToElementsEi[_ZN6nvblox9ImageBaseIKfE25strideFromBytesToElementsEi]+0xbc): undefined reference to `google::LogMessageFatal::~LogMessageFatal()'
/usr/bin/ld: mapper_node.cpp:(.text._ZN6nvblox9ImageBaseIKfE25strideFromBytesToElementsEi[_ZN6nvblox9ImageBaseIKfE25strideFromBytesToElementsEi]+0xea): undefined reference to `google::LogMessageFatal::~LogMessageFatal()'
/usr/bin/ld: CMakeFiles/mapper_node.dir/src/mapper_node.cpp.o: in function `nvblox::VoxelBlockLayer<nvblox::TsdfVoxel>* nvblox::LayerCake::getPtr<nvblox::VoxelBlockLayer<nvblox::TsdfVoxel> >()':
mapper_node.cpp:(.text._ZN6nvblox9LayerCake6getPtrINS_15VoxelBlockLayerINS_9TsdfVoxelEEEEEPT_v[_ZN6nvblox9LayerCake6getPtrINS_15VoxelBlockLayerINS_9TsdfVoxelEEEEEPT_v]+0x10e): undefined reference to `google::LogMessage::LogMessage(char const*, int, int)'
/usr/bin/ld: mapper_node.cpp:(.text._ZN6nvblox9LayerCake6getPtrINS_15VoxelBlockLayerINS_9TsdfVoxelEEEEEPT_v[_ZN6nvblox9LayerCake6getPtrINS_15VoxelBlockLayerINS_9TsdfVoxelEEEEEPT_v]+0x11a): undefined reference to `google::LogMessage::stream()'
/usr/bin/ld: mapper_node.cpp:(.text._ZN6nvblox9LayerCake6getPtrINS_15VoxelBlockLayerINS_9TsdfVoxelEEEEEPT_v[_ZN6nvblox9LayerCake6getPtrINS_15VoxelBlockLayerINS_9TsdfVoxelEEEEEPT_v]+0x16d): undefined reference to `google::LogMessage::~LogMessage()'
/usr/bin/ld: mapper_node.cpp:(.text._ZN6nvblox9LayerCake6getPtrINS_15VoxelBlockLayerINS_9TsdfVoxelEEEEEPT_v[_ZN6nvblox9LayerCake6getPtrINS_15VoxelBlockLayerINS_9TsdfVoxelEEEEEPT_v]+0x196): undefined reference to `google::LogMessage::~LogMessage()'
/usr/bin/ld: CMakeFiles/mapper_node.dir/src/mapper_node.cpp.o: in function `nvblox::VoxelBlockLayer<nvblox::OccupancyVoxel>* nvblox::LayerCake::getPtr<nvblox::VoxelBlockLayer<nvblox::OccupancyVoxel> >()':
mapper_node.cpp:(.text._ZN6nvblox9LayerCake6getPtrINS_15VoxelBlockLayerINS_14OccupancyVoxelEEEEEPT_v[_ZN6nvblox9LayerCake6getPtrINS_15VoxelBlockLayerINS_14OccupancyVoxelEEEEEPT_v]+0x10e): undefined reference to `google::LogMessage::LogMessage(char const*, int, int)'
/usr/bin/ld: mapper_node.cpp:(.text._ZN6nvblox9LayerCake6getPtrINS_15VoxelBlockLayerINS_14OccupancyVoxelEEEEEPT_v[_ZN6nvblox9LayerCake6getPtrINS_15VoxelBlockLayerINS_14OccupancyVoxelEEEEEPT_v]+0x11a): undefined reference to `google::LogMessage::stream()'
/usr/bin/ld: mapper_node.cpp:(.text._ZN6nvblox9LayerCake6getPtrINS_15VoxelBlockLayerINS_14OccupancyVoxelEEEEEPT_v[_ZN6nvblox9LayerCake6getPtrINS_15VoxelBlockLayerINS_14OccupancyVoxelEEEEEPT_v]+0x16d): undefined reference to `google::LogMessage::~LogMessage()'
/usr/bin/ld: mapper_node.cpp:(.text._ZN6nvblox9LayerCake6getPtrINS_15VoxelBlockLayerINS_14OccupancyVoxelEEEEEPT_v[_ZN6nvblox9LayerCake6getPtrINS_15VoxelBlockLayerINS_14OccupancyVoxelEEEEEPT_v]+0x196): undefined reference to `google::LogMessage::~LogMessage()'
/usr/bin/ld: CMakeFiles/mapper_node.dir/src/mapper_node.cpp.o: in function `nvblox::VoxelBlockLayer<nvblox::ColorVoxel>* nvblox::LayerCake::getPtr<nvblox::VoxelBlockLayer<nvblox::ColorVoxel> >()':
mapper_node.cpp:(.text._ZN6nvblox9LayerCake6getPtrINS_15VoxelBlockLayerINS_10ColorVoxelEEEEEPT_v[_ZN6nvblox9LayerCake6getPtrINS_15VoxelBlockLayerINS_10ColorVoxelEEEEEPT_v]+0x10e): undefined reference to `google::LogMessage::LogMessage(char const*, int, int)'
/usr/bin/ld: mapper_node.cpp:(.text._ZN6nvblox9LayerCake6getPtrINS_15VoxelBlockLayerINS_10ColorVoxelEEEEEPT_v[_ZN6nvblox9LayerCake6getPtrINS_15VoxelBlockLayerINS_10ColorVoxelEEEEEPT_v]+0x11a): undefined reference to `google::LogMessage::stream()'
/usr/bin/ld: mapper_node.cpp:(.text._ZN6nvblox9LayerCake6getPtrINS_15VoxelBlockLayerINS_10ColorVoxelEEEEEPT_v[_ZN6nvblox9LayerCake6getPtrINS_15VoxelBlockLayerINS_10ColorVoxelEEEEEPT_v]+0x16d): undefined reference to `google::LogMessage::~LogMessage()'
/usr/bin/ld: mapper_node.cpp:(.text._ZN6nvblox9LayerCake6getPtrINS_15VoxelBlockLayerINS_10ColorVoxelEEEEEPT_v[_ZN6nvblox9LayerCake6getPtrINS_15VoxelBlockLayerINS_10ColorVoxelEEEEEPT_v]+0x196): undefined reference to `google::LogMessage::~LogMessage()'
/usr/bin/ld: CMakeFiles/mapper_node.dir/src/mapper_node.cpp.o: in function `nvblox::unified_vector<nvblox::Color>::reserveAsync(unsigned long, nvblox::CudaStream const&)':
mapper_node.cpp:(.text._ZN6nvblox14unified_vectorINS_5ColorEE12reserveAsyncEmRKNS_10CudaStreamE[_ZN6nvblox14unified_vectorINS_5ColorEE12reserveAsyncEmRKNS_10CudaStreamE]+0x184): undefined reference to `google::LogMessageFatal::LogMessageFatal(char const*, int)'
/usr/bin/ld: mapper_node.cpp:(.text._ZN6nvblox14unified_vectorINS_5ColorEE12reserveAsyncEmRKNS_10CudaStreamE[_ZN6nvblox14unified_vectorINS_5ColorEE12reserveAsyncEmRKNS_10CudaStreamE]+0x195): undefined reference to `google::LogMessage::stream()'
/usr/bin/ld: mapper_node.cpp:(.text._ZN6nvblox14unified_vectorINS_5ColorEE12reserveAsyncEmRKNS_10CudaStreamE[_ZN6nvblox14unified_vectorINS_5ColorEE12reserveAsyncEmRKNS_10CudaStreamE]+0x1d8): undefined reference to `google::LogMessageFatal::~LogMessageFatal()'
/usr/bin/ld: mapper_node.cpp:(.text._ZN6nvblox14unified_vectorINS_5ColorEE12reserveAsyncEmRKNS_10CudaStreamE[_ZN6nvblox14unified_vectorINS_5ColorEE12reserveAsyncEmRKNS_10CudaStreamE]+0x339): undefined reference to `google::LogMessageFatal::~LogMessageFatal()'
/usr/bin/ld: CMakeFiles/mapper_node.dir/src/mapper_node.cpp.o: in function `nvblox::unified_vector<float>::reserveAsync(unsigned long, nvblox::CudaStream const&)':
mapper_node.cpp:(.text._ZN6nvblox14unified_vectorIfE12reserveAsyncEmRKNS_10CudaStreamE[_ZN6nvblox14unified_vectorIfE12reserveAsyncEmRKNS_10CudaStreamE]+0x17b): undefined reference to `google::LogMessageFatal::LogMessageFatal(char const*, int)'
/usr/bin/ld: mapper_node.cpp:(.text._ZN6nvblox14unified_vectorIfE12reserveAsyncEmRKNS_10CudaStreamE[_ZN6nvblox14unified_vectorIfE12reserveAsyncEmRKNS_10CudaStreamE]+0x18c): undefined reference to `google::LogMessage::stream()'
/usr/bin/ld: mapper_node.cpp:(.text._ZN6nvblox14unified_vectorIfE12reserveAsyncEmRKNS_10CudaStreamE[_ZN6nvblox14unified_vectorIfE12reserveAsyncEmRKNS_10CudaStreamE]+0x1cf): undefined reference to `google::LogMessageFatal::~LogMessageFatal()'
/usr/bin/ld: mapper_node.cpp:(.text._ZN6nvblox14unified_vectorIfE12reserveAsyncEmRKNS_10CudaStreamE[_ZN6nvblox14unified_vectorIfE12reserveAsyncEmRKNS_10CudaStreamE]+0x32f): undefined reference to `google::LogMessageFatal::~LogMessageFatal()'
/usr/bin/ld: CMakeFiles/mapper_node.dir/src/mapper_node.cpp.o: in function `nvblox::VoxelBlockLayer<nvblox::TsdfVoxel>*& google::CheckNotNull<nvblox::VoxelBlockLayer<nvblox::TsdfVoxel>*&>(char const*, int, char const*, nvblox::VoxelBlockLayer<nvblox::TsdfVoxel>*&)':
mapper_node.cpp:(.text._ZN6google12CheckNotNullIRPN6nvblox15VoxelBlockLayerINS1_9TsdfVoxelEEEEET_PKciS9_OS7_[_ZN6google12CheckNotNullIRPN6nvblox15VoxelBlockLayerINS1_9TsdfVoxelEEEEET_PKciS9_OS7_]+0x8a): undefined reference to `google::LogMessageFatal::LogMessageFatal(char const*, int, google::CheckOpString const&)'
/usr/bin/ld: mapper_node.cpp:(.text._ZN6google12CheckNotNullIRPN6nvblox15VoxelBlockLayerINS1_9TsdfVoxelEEEEET_PKciS9_OS7_[_ZN6google12CheckNotNullIRPN6nvblox15VoxelBlockLayerINS1_9TsdfVoxelEEEEET_PKciS9_OS7_]+0x96): undefined reference to `google::LogMessageFatal::~LogMessageFatal()'
/usr/bin/ld: CMakeFiles/mapper_node.dir/src/mapper_node.cpp.o: in function `nvblox::VoxelBlockLayer<nvblox::OccupancyVoxel>*& google::CheckNotNull<nvblox::VoxelBlockLayer<nvblox::OccupancyVoxel>*&>(char const*, int, char const*, nvblox::VoxelBlockLayer<nvblox::OccupancyVoxel>*&)':
mapper_node.cpp:(.text._ZN6google12CheckNotNullIRPN6nvblox15VoxelBlockLayerINS1_14OccupancyVoxelEEEEET_PKciS9_OS7_[_ZN6google12CheckNotNullIRPN6nvblox15VoxelBlockLayerINS1_14OccupancyVoxelEEEEET_PKciS9_OS7_]+0x8a): undefined reference to `google::LogMessageFatal::LogMessageFatal(char const*, int, google::CheckOpString const&)'
/usr/bin/ld: mapper_node.cpp:(.text._ZN6google12CheckNotNullIRPN6nvblox15VoxelBlockLayerINS1_14OccupancyVoxelEEEEET_PKciS9_OS7_[_ZN6google12CheckNotNullIRPN6nvblox15VoxelBlockLayerINS1_14OccupancyVoxelEEEEET_PKciS9_OS7_]+0x96): undefined reference to `google::LogMessageFatal::~LogMessageFatal()'
/usr/bin/ld: CMakeFiles/mapper_node.dir/src/mapper_node.cpp.o: in function `nvblox::PosedDepthImage<nvblox::Camera> const* nvblox::TypeIndexedStore::getPtr<nvblox::PosedDepthImage<nvblox::Camera> >() const':
mapper_node.cpp:(.text._ZNK6nvblox16TypeIndexedStore6getPtrINS_15PosedDepthImageINS_6CameraEEEEEPKT_v[_ZNK6nvblox16TypeIndexedStore6getPtrINS_15PosedDepthImageINS_6CameraEEEEEPKT_v]+0x93): undefined reference to `google::LogMessageFatal::LogMessageFatal(char const*, int)'
/usr/bin/ld: mapper_node.cpp:(.text._ZNK6nvblox16TypeIndexedStore6getPtrINS_15PosedDepthImageINS_6CameraEEEEEPKT_v[_ZNK6nvblox16TypeIndexedStore6getPtrINS_15PosedDepthImageINS_6CameraEEEEEPKT_v]+0xa4): undefined reference to `google::LogMessage::stream()'
/usr/bin/ld: mapper_node.cpp:(.text._ZNK6nvblox16TypeIndexedStore6getPtrINS_15PosedDepthImageINS_6CameraEEEEEPKT_v[_ZNK6nvblox16TypeIndexedStore6getPtrINS_15PosedDepthImageINS_6CameraEEEEEPKT_v]+0xfc): undefined reference to `google::LogMessageFatal::~LogMessageFatal()'
/usr/bin/ld: mapper_node.cpp:(.text._ZNK6nvblox16TypeIndexedStore6getPtrINS_15PosedDepthImageINS_6CameraEEEEEPKT_v[_ZNK6nvblox16TypeIndexedStore6getPtrINS_15PosedDepthImageINS_6CameraEEEEEPKT_v]+0x142): undefined reference to `google::LogMessageFatal::LogMessageFatal(char const*, int)'
/usr/bin/ld: mapper_node.cpp:(.text._ZNK6nvblox16TypeIndexedStore6getPtrINS_15PosedDepthImageINS_6CameraEEEEEPKT_v[_ZNK6nvblox16TypeIndexedStore6getPtrINS_15PosedDepthImageINS_6CameraEEEEEPKT_v]+0x153): undefined reference to `google::LogMessage::stream()'
/usr/bin/ld: mapper_node.cpp:(.text._ZNK6nvblox16TypeIndexedStore6getPtrINS_15PosedDepthImageINS_6CameraEEEEEPKT_v[_ZNK6nvblox16TypeIndexedStore6getPtrINS_15PosedDepthImageINS_6CameraEEEEEPKT_v]+0x1ab): undefined reference to `google::LogMessageFatal::~LogMessageFatal()'
/usr/bin/ld: mapper_node.cpp:(.text._ZNK6nvblox16TypeIndexedStore6getPtrINS_15PosedDepthImageINS_6CameraEEEEEPKT_v[_ZNK6nvblox16TypeIndexedStore6getPtrINS_15PosedDepthImageINS_6CameraEEEEEPKT_v]+0x21e): undefined reference to `google::LogMessageFatal::LogMessageFatal(char const*, int)'
/usr/bin/ld: mapper_node.cpp:(.text._ZNK6nvblox16TypeIndexedStore6getPtrINS_15PosedDepthImageINS_6CameraEEEEEPKT_v[_ZNK6nvblox16TypeIndexedStore6getPtrINS_15PosedDepthImageINS_6CameraEEEEEPKT_v]+0x22f): undefined reference to `google::LogMessage::stream()'
/usr/bin/ld: mapper_node.cpp:(.text._ZNK6nvblox16TypeIndexedStore6getPtrINS_15PosedDepthImageINS_6CameraEEEEEPKT_v[_ZNK6nvblox16TypeIndexedStore6getPtrINS_15PosedDepthImageINS_6CameraEEEEEPKT_v]+0x287): undefined reference to `google::LogMessageFatal::~LogMessageFatal()'
/usr/bin/ld: mapper_node.cpp:(.text._ZNK6nvblox16TypeIndexedStore6getPtrINS_15PosedDepthImageINS_6CameraEEEEEPKT_v[_ZNK6nvblox16TypeIndexedStore6getPtrINS_15PosedDepthImageINS_6CameraEEEEEPKT_v]+0x2b4): undefined reference to `google::LogMessageFatal::~LogMessageFatal()'
/usr/bin/ld: mapper_node.cpp:(.text._ZNK6nvblox16TypeIndexedStore6getPtrINS_15PosedDepthImageINS_6CameraEEEEEPKT_v[_ZNK6nvblox16TypeIndexedStore6getPtrINS_15PosedDepthImageINS_6CameraEEEEEPKT_v]+0x2d0): undefined reference to `google::LogMessageFatal::~LogMessageFatal()'
/usr/bin/ld: mapper_node.cpp:(.text._ZNK6nvblox16TypeIndexedStore6getPtrINS_15PosedDepthImageINS_6CameraEEEEEPKT_v[_ZNK6nvblox16TypeIndexedStore6getPtrINS_15PosedDepthImageINS_6CameraEEEEEPKT_v]+0x2ec): undefined reference to `google::LogMessageFatal::~LogMessageFatal()'
/usr/bin/ld: CMakeFiles/mapper_node.dir/src/mapper_node.cpp.o: in function `nvblox::VoxelBlockLayer<nvblox::ColorVoxel>*& google::CheckNotNull<nvblox::VoxelBlockLayer<nvblox::ColorVoxel>*&>(char const*, int, char const*, nvblox::VoxelBlockLayer<nvblox::ColorVoxel>*&)':
mapper_node.cpp:(.text._ZN6google12CheckNotNullIRPN6nvblox15VoxelBlockLayerINS1_10ColorVoxelEEEEET_PKciS9_OS7_[_ZN6google12CheckNotNullIRPN6nvblox15VoxelBlockLayerINS1_10ColorVoxelEEEEET_PKciS9_OS7_]+0x8a): undefined reference to `google::LogMessageFatal::LogMessageFatal(char const*, int, google::CheckOpString const&)'
/usr/bin/ld: mapper_node.cpp:(.text._ZN6google12CheckNotNullIRPN6nvblox15VoxelBlockLayerINS1_10ColorVoxelEEEEET_PKciS9_OS7_[_ZN6google12CheckNotNullIRPN6nvblox15VoxelBlockLayerINS1_10ColorVoxelEEEEET_PKciS9_OS7_]+0x96): undefined reference to `google::LogMessageFatal::~LogMessageFatal()'
/usr/bin/ld: CMakeFiles/mapper_node.dir/src/mapper_node.cpp.o: in function `nvblox::ImageBase<float>::strideFromBytesToElements(int)':
mapper_node.cpp:(.text._ZN6nvblox9ImageBaseIfE25strideFromBytesToElementsEi[_ZN6nvblox9ImageBaseIfE25strideFromBytesToElementsEi]+0x53): undefined reference to `google::LogMessageFatal::LogMessageFatal(char const*, int)'
/usr/bin/ld: mapper_node.cpp:(.text._ZN6nvblox9ImageBaseIfE25strideFromBytesToElementsEi[_ZN6nvblox9ImageBaseIfE25strideFromBytesToElementsEi]+0x64): undefined reference to `google::LogMessage::stream()'
/usr/bin/ld: mapper_node.cpp:(.text._ZN6nvblox9ImageBaseIfE25strideFromBytesToElementsEi[_ZN6nvblox9ImageBaseIfE25strideFromBytesToElementsEi]+0xbc): undefined reference to `google::LogMessageFatal::~LogMessageFatal()'
/usr/bin/ld: mapper_node.cpp:(.text._ZN6nvblox9ImageBaseIfE25strideFromBytesToElementsEi[_ZN6nvblox9ImageBaseIfE25strideFromBytesToElementsEi]+0xea): undefined reference to `google::LogMessageFatal::~LogMessageFatal()'
collect2: error: ld returned 1 exit status
gmake[2]: *** [CMakeFiles/mapper_node.dir/build.make:211：mapper_node] 错误 1
gmake[1]: *** [CMakeFiles/Makefile2:137：CMakeFiles/mapper_node.dir/all] 错误 2
gmake: *** [Makefile:146：all] 错误 2
