[0.081s] DEBUG:colcon:Command line arguments: ['/usr/bin/colcon', 'build', '--symlink-install', '--packages-select', 'my_nvblox']
[0.081s] DEBUG:colcon:Parsed command line arguments: Namespace(log_base=None, log_level=None, verb_name='build', build_base='build', install_base='install', merge_install=False, symlink_install=True, test_result_base=None, continue_on_error=False, executor='parallel', parallel_workers=20, event_handlers=None, ignore_user_meta=False, metas=['./colcon.meta'], base_paths=['.'], packages_ignore=None, packages_ignore_regex=None, paths=None, packages_up_to=None, packages_up_to_regex=None, packages_above=None, packages_above_and_dependencies=None, packages_above_depth=None, packages_select_by_dep=None, packages_skip_by_dep=None, packages_skip_up_to=None, packages_select_build_failed=False, packages_skip_build_finished=False, packages_select_test_failures=False, packages_skip_test_passed=False, packages_select=['my_nvblox'], packages_skip=None, packages_select_regex=None, packages_skip_regex=None, packages_start=None, packages_end=None, allow_overriding=[], cmake_args=None, cmake_target=None, cmake_target_skip_unavailable=False, cmake_clean_cache=False, cmake_clean_first=False, cmake_force_configure=False, ament_cmake_args=None, catkin_cmake_args=None, catkin_skip_building_tests=False, verb_parser=<colcon_defaults.argument_parser.defaults.DefaultArgumentsDecorator object at 0x7267cde623e0>, verb_extension=<colcon_core.verb.build.BuildVerb object at 0x7267cdf9f9a0>, main=<bound method BuildVerb.main of <colcon_core.verb.build.BuildVerb object at 0x7267cdf9f9a0>>)
[0.240s] Level 1:colcon.colcon_core.package_discovery:discover_packages(colcon_meta) check parameters
[0.240s] Level 1:colcon.colcon_core.package_discovery:discover_packages(recursive) check parameters
[0.240s] Level 1:colcon.colcon_core.package_discovery:discover_packages(ignore) check parameters
[0.240s] Level 1:colcon.colcon_core.package_discovery:discover_packages(path) check parameters
[0.240s] Level 1:colcon.colcon_core.package_discovery:discover_packages(colcon_meta) discover
[0.240s] Level 1:colcon.colcon_core.package_discovery:discover_packages(recursive) discover
[0.240s] INFO:colcon.colcon_core.package_discovery:Crawling recursively for packages in '/home/czz/nvblox_ws'
[0.240s] Level 1:colcon.colcon_core.package_identification:_identify(.) by extensions ['ignore', 'ignore_ament_install']
[0.240s] Level 1:colcon.colcon_core.package_identification:_identify(.) by extension 'ignore'
[0.240s] Level 1:colcon.colcon_core.package_identification:_identify(.) by extension 'ignore_ament_install'
[0.241s] Level 1:colcon.colcon_core.package_identification:_identify(.) by extensions ['colcon_pkg']
[0.241s] Level 1:colcon.colcon_core.package_identification:_identify(.) by extension 'colcon_pkg'
[0.241s] Level 1:colcon.colcon_core.package_identification:_identify(.) by extensions ['colcon_meta']
[0.241s] Level 1:colcon.colcon_core.package_identification:_identify(.) by extension 'colcon_meta'
[0.241s] Level 1:colcon.colcon_core.package_identification:_identify(.) by extensions ['ros']
[0.241s] Level 1:colcon.colcon_core.package_identification:_identify(.) by extension 'ros'
[0.256s] Level 1:colcon.colcon_core.package_identification:_identify(.) by extensions ['cmake', 'python']
[0.256s] Level 1:colcon.colcon_core.package_identification:_identify(.) by extension 'cmake'
[0.256s] Level 1:colcon.colcon_core.package_identification:_identify(.) by extension 'python'
[0.256s] Level 1:colcon.colcon_core.package_identification:_identify(.) by extensions ['python_setup_py']
[0.256s] Level 1:colcon.colcon_core.package_identification:_identify(.) by extension 'python_setup_py'
[0.256s] Level 1:colcon.colcon_core.package_identification:_identify(build) by extensions ['ignore', 'ignore_ament_install']
[0.256s] Level 1:colcon.colcon_core.package_identification:_identify(build) by extension 'ignore'
[0.256s] Level 1:colcon.colcon_core.package_identification:_identify(build) ignored
[0.256s] Level 1:colcon.colcon_core.package_identification:_identify(install) by extensions ['ignore', 'ignore_ament_install']
[0.256s] Level 1:colcon.colcon_core.package_identification:_identify(install) by extension 'ignore'
[0.256s] Level 1:colcon.colcon_core.package_identification:_identify(install) ignored
[0.256s] Level 1:colcon.colcon_core.package_identification:_identify(log) by extensions ['ignore', 'ignore_ament_install']
[0.256s] Level 1:colcon.colcon_core.package_identification:_identify(log) by extension 'ignore'
[0.256s] Level 1:colcon.colcon_core.package_identification:_identify(log) ignored
[0.256s] Level 1:colcon.colcon_core.package_identification:_identify(src) by extensions ['ignore', 'ignore_ament_install']
[0.256s] Level 1:colcon.colcon_core.package_identification:_identify(src) by extension 'ignore'
[0.256s] Level 1:colcon.colcon_core.package_identification:_identify(src) by extension 'ignore_ament_install'
[0.256s] Level 1:colcon.colcon_core.package_identification:_identify(src) by extensions ['colcon_pkg']
[0.256s] Level 1:colcon.colcon_core.package_identification:_identify(src) by extension 'colcon_pkg'
[0.256s] Level 1:colcon.colcon_core.package_identification:_identify(src) by extensions ['colcon_meta']
[0.256s] Level 1:colcon.colcon_core.package_identification:_identify(src) by extension 'colcon_meta'
[0.256s] Level 1:colcon.colcon_core.package_identification:_identify(src) by extensions ['ros']
[0.256s] Level 1:colcon.colcon_core.package_identification:_identify(src) by extension 'ros'
[0.256s] Level 1:colcon.colcon_core.package_identification:_identify(src) by extensions ['cmake', 'python']
[0.256s] Level 1:colcon.colcon_core.package_identification:_identify(src) by extension 'cmake'
[0.256s] Level 1:colcon.colcon_core.package_identification:_identify(src) by extension 'python'
[0.256s] Level 1:colcon.colcon_core.package_identification:_identify(src) by extensions ['python_setup_py']
[0.256s] Level 1:colcon.colcon_core.package_identification:_identify(src) by extension 'python_setup_py'
[0.257s] Level 1:colcon.colcon_core.package_identification:_identify(src/my_nvblox) by extensions ['ignore', 'ignore_ament_install']
[0.257s] Level 1:colcon.colcon_core.package_identification:_identify(src/my_nvblox) by extension 'ignore'
[0.257s] Level 1:colcon.colcon_core.package_identification:_identify(src/my_nvblox) by extension 'ignore_ament_install'
[0.257s] Level 1:colcon.colcon_core.package_identification:_identify(src/my_nvblox) by extensions ['colcon_pkg']
[0.257s] Level 1:colcon.colcon_core.package_identification:_identify(src/my_nvblox) by extension 'colcon_pkg'
[0.257s] Level 1:colcon.colcon_core.package_identification:_identify(src/my_nvblox) by extensions ['colcon_meta']
[0.257s] Level 1:colcon.colcon_core.package_identification:_identify(src/my_nvblox) by extension 'colcon_meta'
[0.257s] Level 1:colcon.colcon_core.package_identification:_identify(src/my_nvblox) by extensions ['ros']
[0.257s] Level 1:colcon.colcon_core.package_identification:_identify(src/my_nvblox) by extension 'ros'
[0.259s] DEBUG:colcon.colcon_core.package_identification:Package 'src/my_nvblox' with type 'ros.ament_cmake' and name 'my_nvblox'
[0.259s] Level 1:colcon.colcon_core.package_identification:_identify(src/nvblox) by extensions ['ignore', 'ignore_ament_install']
[0.259s] Level 1:colcon.colcon_core.package_identification:_identify(src/nvblox) by extension 'ignore'
[0.259s] Level 1:colcon.colcon_core.package_identification:_identify(src/nvblox) by extension 'ignore_ament_install'
[0.259s] Level 1:colcon.colcon_core.package_identification:_identify(src/nvblox) by extensions ['colcon_pkg']
[0.259s] Level 1:colcon.colcon_core.package_identification:_identify(src/nvblox) by extension 'colcon_pkg'
[0.259s] Level 1:colcon.colcon_core.package_identification:_identify(src/nvblox) by extensions ['colcon_meta']
[0.259s] Level 1:colcon.colcon_core.package_identification:_identify(src/nvblox) by extension 'colcon_meta'
[0.259s] Level 1:colcon.colcon_core.package_identification:_identify(src/nvblox) by extensions ['ros']
[0.259s] Level 1:colcon.colcon_core.package_identification:_identify(src/nvblox) by extension 'ros'
[0.259s] Level 1:colcon.colcon_core.package_identification:_identify(src/nvblox) by extensions ['cmake', 'python']
[0.259s] Level 1:colcon.colcon_core.package_identification:_identify(src/nvblox) by extension 'cmake'
[0.492s] Level 1:colcon.colcon_core.package_identification:_identify(src/nvblox) by extension 'python'
[0.492s] DEBUG:colcon.colcon_core.package_identification:Package 'src/nvblox' with type 'cmake' and name 'nvblox'
[0.492s] Level 1:colcon.colcon_core.package_identification:_identify(src/nvblox_realsenseD435) by extensions ['ignore', 'ignore_ament_install']
[0.492s] Level 1:colcon.colcon_core.package_identification:_identify(src/nvblox_realsenseD435) by extension 'ignore'
[0.492s] Level 1:colcon.colcon_core.package_identification:_identify(src/nvblox_realsenseD435) by extension 'ignore_ament_install'
[0.492s] Level 1:colcon.colcon_core.package_identification:_identify(src/nvblox_realsenseD435) by extensions ['colcon_pkg']
[0.492s] Level 1:colcon.colcon_core.package_identification:_identify(src/nvblox_realsenseD435) by extension 'colcon_pkg'
[0.492s] Level 1:colcon.colcon_core.package_identification:_identify(src/nvblox_realsenseD435) by extensions ['colcon_meta']
[0.492s] Level 1:colcon.colcon_core.package_identification:_identify(src/nvblox_realsenseD435) by extension 'colcon_meta'
[0.492s] Level 1:colcon.colcon_core.package_identification:_identify(src/nvblox_realsenseD435) by extensions ['ros']
[0.492s] Level 1:colcon.colcon_core.package_identification:_identify(src/nvblox_realsenseD435) by extension 'ros'
[0.492s] Level 1:colcon.colcon_core.package_identification:_identify(src/nvblox_realsenseD435) by extensions ['cmake', 'python']
[0.492s] Level 1:colcon.colcon_core.package_identification:_identify(src/nvblox_realsenseD435) by extension 'cmake'
[0.492s] Level 1:colcon.colcon_core.package_identification:_identify(src/nvblox_realsenseD435) by extension 'python'
[0.492s] Level 1:colcon.colcon_core.package_identification:_identify(src/nvblox_realsenseD435) by extensions ['python_setup_py']
[0.492s] Level 1:colcon.colcon_core.package_identification:_identify(src/nvblox_realsenseD435) by extension 'python_setup_py'
[0.492s] Level 1:colcon.colcon_core.package_identification:_identify(src/nvblox_realsenseD435/nvblox_D435i) by extensions ['ignore', 'ignore_ament_install']
[0.492s] Level 1:colcon.colcon_core.package_identification:_identify(src/nvblox_realsenseD435/nvblox_D435i) by extension 'ignore'
[0.492s] Level 1:colcon.colcon_core.package_identification:_identify(src/nvblox_realsenseD435/nvblox_D435i) by extension 'ignore_ament_install'
[0.492s] Level 1:colcon.colcon_core.package_identification:_identify(src/nvblox_realsenseD435/nvblox_D435i) by extensions ['colcon_pkg']
[0.492s] Level 1:colcon.colcon_core.package_identification:_identify(src/nvblox_realsenseD435/nvblox_D435i) by extension 'colcon_pkg'
[0.492s] Level 1:colcon.colcon_core.package_identification:_identify(src/nvblox_realsenseD435/nvblox_D435i) by extensions ['colcon_meta']
[0.492s] Level 1:colcon.colcon_core.package_identification:_identify(src/nvblox_realsenseD435/nvblox_D435i) by extension 'colcon_meta'
[0.492s] Level 1:colcon.colcon_core.package_identification:_identify(src/nvblox_realsenseD435/nvblox_D435i) by extensions ['ros']
[0.492s] Level 1:colcon.colcon_core.package_identification:_identify(src/nvblox_realsenseD435/nvblox_D435i) by extension 'ros'
[0.492s] Level 1:colcon.colcon_core.package_identification:_identify(src/nvblox_realsenseD435/nvblox_D435i) by extensions ['cmake', 'python']
[0.492s] Level 1:colcon.colcon_core.package_identification:_identify(src/nvblox_realsenseD435/nvblox_D435i) by extension 'cmake'
[0.492s] Level 1:colcon.colcon_core.package_identification:_identify(src/nvblox_realsenseD435/nvblox_D435i) by extension 'python'
[0.492s] Level 1:colcon.colcon_core.package_identification:_identify(src/nvblox_realsenseD435/nvblox_D435i) by extensions ['python_setup_py']
[0.492s] Level 1:colcon.colcon_core.package_identification:_identify(src/nvblox_realsenseD435/nvblox_D435i) by extension 'python_setup_py'
[0.493s] Level 1:colcon.colcon_core.package_identification:_identify(src/nvblox_realsenseD435/nvblox_D435i/__pycache__) by extensions ['ignore', 'ignore_ament_install']
[0.493s] Level 1:colcon.colcon_core.package_identification:_identify(src/nvblox_realsenseD435/nvblox_D435i/__pycache__) by extension 'ignore'
[0.493s] Level 1:colcon.colcon_core.package_identification:_identify(src/nvblox_realsenseD435/nvblox_D435i/__pycache__) by extension 'ignore_ament_install'
[0.493s] Level 1:colcon.colcon_core.package_identification:_identify(src/nvblox_realsenseD435/nvblox_D435i/__pycache__) by extensions ['colcon_pkg']
[0.493s] Level 1:colcon.colcon_core.package_identification:_identify(src/nvblox_realsenseD435/nvblox_D435i/__pycache__) by extension 'colcon_pkg'
[0.493s] Level 1:colcon.colcon_core.package_identification:_identify(src/nvblox_realsenseD435/nvblox_D435i/__pycache__) by extensions ['colcon_meta']
[0.493s] Level 1:colcon.colcon_core.package_identification:_identify(src/nvblox_realsenseD435/nvblox_D435i/__pycache__) by extension 'colcon_meta'
[0.493s] Level 1:colcon.colcon_core.package_identification:_identify(src/nvblox_realsenseD435/nvblox_D435i/__pycache__) by extensions ['ros']
[0.493s] Level 1:colcon.colcon_core.package_identification:_identify(src/nvblox_realsenseD435/nvblox_D435i/__pycache__) by extension 'ros'
[0.493s] Level 1:colcon.colcon_core.package_identification:_identify(src/nvblox_realsenseD435/nvblox_D435i/__pycache__) by extensions ['cmake', 'python']
[0.493s] Level 1:colcon.colcon_core.package_identification:_identify(src/nvblox_realsenseD435/nvblox_D435i/__pycache__) by extension 'cmake'
[0.493s] Level 1:colcon.colcon_core.package_identification:_identify(src/nvblox_realsenseD435/nvblox_D435i/__pycache__) by extension 'python'
[0.493s] Level 1:colcon.colcon_core.package_identification:_identify(src/nvblox_realsenseD435/nvblox_D435i/__pycache__) by extensions ['python_setup_py']
[0.493s] Level 1:colcon.colcon_core.package_identification:_identify(src/nvblox_realsenseD435/nvblox_D435i/__pycache__) by extension 'python_setup_py'
[0.493s] Level 1:colcon.colcon_core.package_identification:_identify(src/nvblox_realsenseD435/nvblox_D435i/launch) by extensions ['ignore', 'ignore_ament_install']
[0.493s] Level 1:colcon.colcon_core.package_identification:_identify(src/nvblox_realsenseD435/nvblox_D435i/launch) by extension 'ignore'
[0.493s] Level 1:colcon.colcon_core.package_identification:_identify(src/nvblox_realsenseD435/nvblox_D435i/launch) by extension 'ignore_ament_install'
[0.493s] Level 1:colcon.colcon_core.package_identification:_identify(src/nvblox_realsenseD435/nvblox_D435i/launch) by extensions ['colcon_pkg']
[0.493s] Level 1:colcon.colcon_core.package_identification:_identify(src/nvblox_realsenseD435/nvblox_D435i/launch) by extension 'colcon_pkg'
[0.493s] Level 1:colcon.colcon_core.package_identification:_identify(src/nvblox_realsenseD435/nvblox_D435i/launch) by extensions ['colcon_meta']
[0.493s] Level 1:colcon.colcon_core.package_identification:_identify(src/nvblox_realsenseD435/nvblox_D435i/launch) by extension 'colcon_meta'
[0.493s] Level 1:colcon.colcon_core.package_identification:_identify(src/nvblox_realsenseD435/nvblox_D435i/launch) by extensions ['ros']
[0.493s] Level 1:colcon.colcon_core.package_identification:_identify(src/nvblox_realsenseD435/nvblox_D435i/launch) by extension 'ros'
[0.493s] Level 1:colcon.colcon_core.package_identification:_identify(src/nvblox_realsenseD435/nvblox_D435i/launch) by extensions ['cmake', 'python']
[0.493s] Level 1:colcon.colcon_core.package_identification:_identify(src/nvblox_realsenseD435/nvblox_D435i/launch) by extension 'cmake'
[0.493s] Level 1:colcon.colcon_core.package_identification:_identify(src/nvblox_realsenseD435/nvblox_D435i/launch) by extension 'python'
[0.493s] Level 1:colcon.colcon_core.package_identification:_identify(src/nvblox_realsenseD435/nvblox_D435i/launch) by extensions ['python_setup_py']
[0.493s] Level 1:colcon.colcon_core.package_identification:_identify(src/nvblox_realsenseD435/nvblox_D435i/launch) by extension 'python_setup_py'
[0.493s] Level 1:colcon.colcon_core.package_identification:_identify(src/nvblox_realsenseD435/nvblox_D435i/launch/__pycache__) by extensions ['ignore', 'ignore_ament_install']
[0.493s] Level 1:colcon.colcon_core.package_identification:_identify(src/nvblox_realsenseD435/nvblox_D435i/launch/__pycache__) by extension 'ignore'
[0.493s] Level 1:colcon.colcon_core.package_identification:_identify(src/nvblox_realsenseD435/nvblox_D435i/launch/__pycache__) by extension 'ignore_ament_install'
[0.493s] Level 1:colcon.colcon_core.package_identification:_identify(src/nvblox_realsenseD435/nvblox_D435i/launch/__pycache__) by extensions ['colcon_pkg']
[0.493s] Level 1:colcon.colcon_core.package_identification:_identify(src/nvblox_realsenseD435/nvblox_D435i/launch/__pycache__) by extension 'colcon_pkg'
[0.493s] Level 1:colcon.colcon_core.package_identification:_identify(src/nvblox_realsenseD435/nvblox_D435i/launch/__pycache__) by extensions ['colcon_meta']
[0.493s] Level 1:colcon.colcon_core.package_identification:_identify(src/nvblox_realsenseD435/nvblox_D435i/launch/__pycache__) by extension 'colcon_meta'
[0.493s] Level 1:colcon.colcon_core.package_identification:_identify(src/nvblox_realsenseD435/nvblox_D435i/launch/__pycache__) by extensions ['ros']
[0.493s] Level 1:colcon.colcon_core.package_identification:_identify(src/nvblox_realsenseD435/nvblox_D435i/launch/__pycache__) by extension 'ros'
[0.493s] Level 1:colcon.colcon_core.package_identification:_identify(src/nvblox_realsenseD435/nvblox_D435i/launch/__pycache__) by extensions ['cmake', 'python']
[0.493s] Level 1:colcon.colcon_core.package_identification:_identify(src/nvblox_realsenseD435/nvblox_D435i/launch/__pycache__) by extension 'cmake'
[0.493s] Level 1:colcon.colcon_core.package_identification:_identify(src/nvblox_realsenseD435/nvblox_D435i/launch/__pycache__) by extension 'python'
[0.493s] Level 1:colcon.colcon_core.package_identification:_identify(src/nvblox_realsenseD435/nvblox_D435i/launch/__pycache__) by extensions ['python_setup_py']
[0.493s] Level 1:colcon.colcon_core.package_identification:_identify(src/nvblox_realsenseD435/nvblox_D435i/launch/__pycache__) by extension 'python_setup_py'
[0.493s] Level 1:colcon.colcon_core.package_identification:_identify(src/nvblox_realsenseD435/nvblox_D435i/result) by extensions ['ignore', 'ignore_ament_install']
[0.493s] Level 1:colcon.colcon_core.package_identification:_identify(src/nvblox_realsenseD435/nvblox_D435i/result) by extension 'ignore'
[0.494s] Level 1:colcon.colcon_core.package_identification:_identify(src/nvblox_realsenseD435/nvblox_D435i/result) by extension 'ignore_ament_install'
[0.494s] Level 1:colcon.colcon_core.package_identification:_identify(src/nvblox_realsenseD435/nvblox_D435i/result) by extensions ['colcon_pkg']
[0.494s] Level 1:colcon.colcon_core.package_identification:_identify(src/nvblox_realsenseD435/nvblox_D435i/result) by extension 'colcon_pkg'
[0.494s] Level 1:colcon.colcon_core.package_identification:_identify(src/nvblox_realsenseD435/nvblox_D435i/result) by extensions ['colcon_meta']
[0.494s] Level 1:colcon.colcon_core.package_identification:_identify(src/nvblox_realsenseD435/nvblox_D435i/result) by extension 'colcon_meta'
[0.494s] Level 1:colcon.colcon_core.package_identification:_identify(src/nvblox_realsenseD435/nvblox_D435i/result) by extensions ['ros']
[0.494s] Level 1:colcon.colcon_core.package_identification:_identify(src/nvblox_realsenseD435/nvblox_D435i/result) by extension 'ros'
[0.494s] Level 1:colcon.colcon_core.package_identification:_identify(src/nvblox_realsenseD435/nvblox_D435i/result) by extensions ['cmake', 'python']
[0.494s] Level 1:colcon.colcon_core.package_identification:_identify(src/nvblox_realsenseD435/nvblox_D435i/result) by extension 'cmake'
[0.494s] Level 1:colcon.colcon_core.package_identification:_identify(src/nvblox_realsenseD435/nvblox_D435i/result) by extension 'python'
[0.494s] Level 1:colcon.colcon_core.package_identification:_identify(src/nvblox_realsenseD435/nvblox_D435i/result) by extensions ['python_setup_py']
[0.494s] Level 1:colcon.colcon_core.package_identification:_identify(src/nvblox_realsenseD435/nvblox_D435i/result) by extension 'python_setup_py'
[0.494s] Level 1:colcon.colcon_core.package_identification:_identify(src/nvblox_realsenseD435/realsense_gazebo_plugin) by extensions ['ignore', 'ignore_ament_install']
[0.494s] Level 1:colcon.colcon_core.package_identification:_identify(src/nvblox_realsenseD435/realsense_gazebo_plugin) by extension 'ignore'
[0.494s] Level 1:colcon.colcon_core.package_identification:_identify(src/nvblox_realsenseD435/realsense_gazebo_plugin) by extension 'ignore_ament_install'
[0.494s] Level 1:colcon.colcon_core.package_identification:_identify(src/nvblox_realsenseD435/realsense_gazebo_plugin) by extensions ['colcon_pkg']
[0.494s] Level 1:colcon.colcon_core.package_identification:_identify(src/nvblox_realsenseD435/realsense_gazebo_plugin) by extension 'colcon_pkg'
[0.494s] Level 1:colcon.colcon_core.package_identification:_identify(src/nvblox_realsenseD435/realsense_gazebo_plugin) by extensions ['colcon_meta']
[0.494s] Level 1:colcon.colcon_core.package_identification:_identify(src/nvblox_realsenseD435/realsense_gazebo_plugin) by extension 'colcon_meta'
[0.494s] Level 1:colcon.colcon_core.package_identification:_identify(src/nvblox_realsenseD435/realsense_gazebo_plugin) by extensions ['ros']
[0.494s] Level 1:colcon.colcon_core.package_identification:_identify(src/nvblox_realsenseD435/realsense_gazebo_plugin) by extension 'ros'
[0.494s] Level 1:colcon.colcon_core.package_identification:_identify(src/nvblox_realsenseD435/realsense_gazebo_plugin) by extensions ['cmake', 'python']
[0.494s] Level 1:colcon.colcon_core.package_identification:_identify(src/nvblox_realsenseD435/realsense_gazebo_plugin) by extension 'cmake'
[0.494s] Level 1:colcon.colcon_core.package_identification:_identify(src/nvblox_realsenseD435/realsense_gazebo_plugin) by extension 'python'
[0.494s] Level 1:colcon.colcon_core.package_identification:_identify(src/nvblox_realsenseD435/realsense_gazebo_plugin) by extensions ['python_setup_py']
[0.494s] Level 1:colcon.colcon_core.package_identification:_identify(src/nvblox_realsenseD435/realsense_gazebo_plugin) by extension 'python_setup_py'
[0.494s] Level 1:colcon.colcon_core.package_identification:_identify(src/nvblox_realsenseD435/sim_gazebo_scene) by extensions ['ignore', 'ignore_ament_install']
[0.494s] Level 1:colcon.colcon_core.package_identification:_identify(src/nvblox_realsenseD435/sim_gazebo_scene) by extension 'ignore'
[0.494s] Level 1:colcon.colcon_core.package_identification:_identify(src/nvblox_realsenseD435/sim_gazebo_scene) by extension 'ignore_ament_install'
[0.494s] Level 1:colcon.colcon_core.package_identification:_identify(src/nvblox_realsenseD435/sim_gazebo_scene) by extensions ['colcon_pkg']
[0.494s] Level 1:colcon.colcon_core.package_identification:_identify(src/nvblox_realsenseD435/sim_gazebo_scene) by extension 'colcon_pkg'
[0.494s] Level 1:colcon.colcon_core.package_identification:_identify(src/nvblox_realsenseD435/sim_gazebo_scene) by extensions ['colcon_meta']
[0.494s] Level 1:colcon.colcon_core.package_identification:_identify(src/nvblox_realsenseD435/sim_gazebo_scene) by extension 'colcon_meta'
[0.494s] Level 1:colcon.colcon_core.package_identification:_identify(src/nvblox_realsenseD435/sim_gazebo_scene) by extensions ['ros']
[0.494s] Level 1:colcon.colcon_core.package_identification:_identify(src/nvblox_realsenseD435/sim_gazebo_scene) by extension 'ros'
[0.495s] DEBUG:colcon.colcon_core.package_identification:Package 'src/nvblox_realsenseD435/sim_gazebo_scene' with type 'ros.ament_python' and name 'sim_gazebo_scene'
[0.495s] Level 1:colcon.colcon_core.package_identification:_identify(src/nvblox_realsenseD435/sim_gazebo_scene_two_d435) by extensions ['ignore', 'ignore_ament_install']
[0.495s] Level 1:colcon.colcon_core.package_identification:_identify(src/nvblox_realsenseD435/sim_gazebo_scene_two_d435) by extension 'ignore'
[0.495s] Level 1:colcon.colcon_core.package_identification:_identify(src/nvblox_realsenseD435/sim_gazebo_scene_two_d435) by extension 'ignore_ament_install'
[0.495s] Level 1:colcon.colcon_core.package_identification:_identify(src/nvblox_realsenseD435/sim_gazebo_scene_two_d435) by extensions ['colcon_pkg']
[0.495s] Level 1:colcon.colcon_core.package_identification:_identify(src/nvblox_realsenseD435/sim_gazebo_scene_two_d435) by extension 'colcon_pkg'
[0.495s] Level 1:colcon.colcon_core.package_identification:_identify(src/nvblox_realsenseD435/sim_gazebo_scene_two_d435) by extensions ['colcon_meta']
[0.495s] Level 1:colcon.colcon_core.package_identification:_identify(src/nvblox_realsenseD435/sim_gazebo_scene_two_d435) by extension 'colcon_meta'
[0.495s] Level 1:colcon.colcon_core.package_identification:_identify(src/nvblox_realsenseD435/sim_gazebo_scene_two_d435) by extensions ['ros']
[0.495s] Level 1:colcon.colcon_core.package_identification:_identify(src/nvblox_realsenseD435/sim_gazebo_scene_two_d435) by extension 'ros'
[0.496s] DEBUG:colcon.colcon_core.package_identification:Package 'src/nvblox_realsenseD435/sim_gazebo_scene_two_d435' with type 'ros.ament_python' and name 'sim_gazebo_scene_two_d435'
[0.496s] Level 1:colcon.colcon_core.package_identification:_identify(src/nvblox_realsenseD435/sim_nvblox) by extensions ['ignore', 'ignore_ament_install']
[0.496s] Level 1:colcon.colcon_core.package_identification:_identify(src/nvblox_realsenseD435/sim_nvblox) by extension 'ignore'
[0.496s] Level 1:colcon.colcon_core.package_identification:_identify(src/nvblox_realsenseD435/sim_nvblox) by extension 'ignore_ament_install'
[0.496s] Level 1:colcon.colcon_core.package_identification:_identify(src/nvblox_realsenseD435/sim_nvblox) by extensions ['colcon_pkg']
[0.496s] Level 1:colcon.colcon_core.package_identification:_identify(src/nvblox_realsenseD435/sim_nvblox) by extension 'colcon_pkg'
[0.496s] Level 1:colcon.colcon_core.package_identification:_identify(src/nvblox_realsenseD435/sim_nvblox) by extensions ['colcon_meta']
[0.496s] Level 1:colcon.colcon_core.package_identification:_identify(src/nvblox_realsenseD435/sim_nvblox) by extension 'colcon_meta'
[0.496s] Level 1:colcon.colcon_core.package_identification:_identify(src/nvblox_realsenseD435/sim_nvblox) by extensions ['ros']
[0.496s] Level 1:colcon.colcon_core.package_identification:_identify(src/nvblox_realsenseD435/sim_nvblox) by extension 'ros'
[0.496s] DEBUG:colcon.colcon_core.package_identification:Package 'src/nvblox_realsenseD435/sim_nvblox' with type 'ros.ament_python' and name 'sim_nvblox'
[0.496s] Level 1:colcon.colcon_core.package_identification:_identify(src/nvblox_realsenseD435/sim_nvblox_two_d435) by extensions ['ignore', 'ignore_ament_install']
[0.496s] Level 1:colcon.colcon_core.package_identification:_identify(src/nvblox_realsenseD435/sim_nvblox_two_d435) by extension 'ignore'
[0.496s] Level 1:colcon.colcon_core.package_identification:_identify(src/nvblox_realsenseD435/sim_nvblox_two_d435) by extension 'ignore_ament_install'
[0.496s] Level 1:colcon.colcon_core.package_identification:_identify(src/nvblox_realsenseD435/sim_nvblox_two_d435) by extensions ['colcon_pkg']
[0.496s] Level 1:colcon.colcon_core.package_identification:_identify(src/nvblox_realsenseD435/sim_nvblox_two_d435) by extension 'colcon_pkg'
[0.496s] Level 1:colcon.colcon_core.package_identification:_identify(src/nvblox_realsenseD435/sim_nvblox_two_d435) by extensions ['colcon_meta']
[0.496s] Level 1:colcon.colcon_core.package_identification:_identify(src/nvblox_realsenseD435/sim_nvblox_two_d435) by extension 'colcon_meta'
[0.496s] Level 1:colcon.colcon_core.package_identification:_identify(src/nvblox_realsenseD435/sim_nvblox_two_d435) by extensions ['ros']
[0.496s] Level 1:colcon.colcon_core.package_identification:_identify(src/nvblox_realsenseD435/sim_nvblox_two_d435) by extension 'ros'
[0.497s] DEBUG:colcon.colcon_core.package_identification:Package 'src/nvblox_realsenseD435/sim_nvblox_two_d435' with type 'ros.ament_python' and name 'sim_nvblox_two_d435'
[0.497s] Level 1:colcon.colcon_core.package_discovery:discover_packages(recursive) using defaults
[0.497s] Level 1:colcon.colcon_core.package_discovery:discover_packages(ignore) discover
[0.497s] Level 1:colcon.colcon_core.package_discovery:discover_packages(ignore) using defaults
[0.497s] Level 1:colcon.colcon_core.package_discovery:discover_packages(path) discover
[0.497s] Level 1:colcon.colcon_core.package_discovery:discover_packages(path) using defaults
[0.509s] INFO:colcon.colcon_core.package_selection:Skipping not selected package 'nvblox' in 'src/nvblox'
[0.509s] INFO:colcon.colcon_core.package_selection:Skipping not selected package 'sim_gazebo_scene' in 'src/nvblox_realsenseD435/sim_gazebo_scene'
[0.509s] INFO:colcon.colcon_core.package_selection:Skipping not selected package 'sim_gazebo_scene_two_d435' in 'src/nvblox_realsenseD435/sim_gazebo_scene_two_d435'
[0.509s] INFO:colcon.colcon_core.package_selection:Skipping not selected package 'sim_nvblox' in 'src/nvblox_realsenseD435/sim_nvblox'
[0.509s] INFO:colcon.colcon_core.package_selection:Skipping not selected package 'sim_nvblox_two_d435' in 'src/nvblox_realsenseD435/sim_nvblox_two_d435'
[0.509s] Level 1:colcon.colcon_core.package_discovery:discover_packages(prefix_path) check parameters
[0.509s] Level 1:colcon.colcon_core.package_discovery:discover_packages(prefix_path) discover
[0.511s] DEBUG:colcon.colcon_installed_package_information.package_discovery:Found 2 installed packages in /home/czz/nvblox_ws/install
[0.511s] DEBUG:colcon.colcon_installed_package_information.package_discovery:Found 9 installed packages in /home/czz/ros_pack/install
[0.512s] DEBUG:colcon.colcon_installed_package_information.package_discovery:Found 21 installed packages in /home/czz/workspaces/isaac_ros-dev/install
[0.512s] DEBUG:colcon.colcon_installed_package_information.package_discovery:Found 435 installed packages in /opt/ros/humble
[0.514s] Level 1:colcon.colcon_core.package_discovery:discover_packages(prefix_path) using defaults
[0.540s] Level 5:colcon.colcon_core.verb:set package 'my_nvblox' build argument 'cmake_args' from command line to 'None'
[0.540s] Level 5:colcon.colcon_core.verb:set package 'my_nvblox' build argument 'cmake_target' from command line to 'None'
[0.540s] Level 5:colcon.colcon_core.verb:set package 'my_nvblox' build argument 'cmake_target_skip_unavailable' from command line to 'False'
[0.540s] Level 5:colcon.colcon_core.verb:set package 'my_nvblox' build argument 'cmake_clean_cache' from command line to 'False'
[0.540s] Level 5:colcon.colcon_core.verb:set package 'my_nvblox' build argument 'cmake_clean_first' from command line to 'False'
[0.540s] Level 5:colcon.colcon_core.verb:set package 'my_nvblox' build argument 'cmake_force_configure' from command line to 'False'
[0.540s] Level 5:colcon.colcon_core.verb:set package 'my_nvblox' build argument 'ament_cmake_args' from command line to 'None'
[0.540s] Level 5:colcon.colcon_core.verb:set package 'my_nvblox' build argument 'catkin_cmake_args' from command line to 'None'
[0.540s] Level 5:colcon.colcon_core.verb:set package 'my_nvblox' build argument 'catkin_skip_building_tests' from command line to 'False'
[0.540s] DEBUG:colcon.colcon_core.verb:Building package 'my_nvblox' with the following arguments: {'ament_cmake_args': None, 'build_base': '/home/czz/nvblox_ws/build/my_nvblox', 'catkin_cmake_args': None, 'catkin_skip_building_tests': False, 'cmake_args': None, 'cmake_clean_cache': False, 'cmake_clean_first': False, 'cmake_force_configure': False, 'cmake_target': None, 'cmake_target_skip_unavailable': False, 'install_base': '/home/czz/nvblox_ws/install/my_nvblox', 'merge_install': False, 'path': '/home/czz/nvblox_ws/src/my_nvblox', 'symlink_install': True, 'test_result_base': None}
[0.540s] INFO:colcon.colcon_core.executor:Executing jobs using 'parallel' executor
[0.541s] DEBUG:colcon.colcon_parallel_executor.executor.parallel:run_until_complete
[0.541s] INFO:colcon.colcon_ros.task.ament_cmake.build:Building ROS package in '/home/czz/nvblox_ws/src/my_nvblox' with build type 'ament_cmake'
[0.541s] INFO:colcon.colcon_cmake.task.cmake.build:Building CMake package in '/home/czz/nvblox_ws/src/my_nvblox'
[0.543s] INFO:colcon.colcon_core.plugin_system:Skipping extension 'colcon_core.shell.bat': Not used on non-Windows systems
[0.543s] INFO:colcon.colcon_core.shell:Skip shell extension 'powershell' for command environment: Not usable outside of PowerShell
[0.543s] DEBUG:colcon.colcon_core.shell:Skip shell extension 'dsv' for command environment
[0.552s] DEBUG:colcon.colcon_core.event_handler.log_command:Invoking command in '/home/czz/nvblox_ws/build/my_nvblox': CMAKE_PREFIX_PATH=${CMAKE_PREFIX_PATH}:/home/czz/workspaces/isaac_ros-dev/install/nvblox_ros_python_utils:/home/czz/workspaces/isaac_ros-dev/install/isaac_ros_test:/home/czz/workspaces/isaac_ros-dev/install/isaac_ros_launch_utils:/opt/ros/humble /usr/bin/cmake --build /home/czz/nvblox_ws/build/my_nvblox -- -j20 -l20
[12.707s] DEBUG:colcon.colcon_core.event_handler.log_command:Invoked command in '/home/czz/nvblox_ws/build/my_nvblox' returned '0': CMAKE_PREFIX_PATH=${CMAKE_PREFIX_PATH}:/home/czz/workspaces/isaac_ros-dev/install/nvblox_ros_python_utils:/home/czz/workspaces/isaac_ros-dev/install/isaac_ros_test:/home/czz/workspaces/isaac_ros-dev/install/isaac_ros_launch_utils:/opt/ros/humble /usr/bin/cmake --build /home/czz/nvblox_ws/build/my_nvblox -- -j20 -l20
[12.717s] DEBUG:colcon.colcon_core.event_handler.log_command:Invoking command in '/home/czz/nvblox_ws/build/my_nvblox': CMAKE_PREFIX_PATH=${CMAKE_PREFIX_PATH}:/home/czz/workspaces/isaac_ros-dev/install/nvblox_ros_python_utils:/home/czz/workspaces/isaac_ros-dev/install/isaac_ros_test:/home/czz/workspaces/isaac_ros-dev/install/isaac_ros_launch_utils:/opt/ros/humble /usr/bin/cmake --install /home/czz/nvblox_ws/build/my_nvblox
[12.733s] Level 1:colcon.colcon_core.environment:create_environment_scripts_only(my_nvblox)
[12.734s] DEBUG:colcon.colcon_core.event_handler.log_command:Invoked command in '/home/czz/nvblox_ws/build/my_nvblox' returned '0': CMAKE_PREFIX_PATH=${CMAKE_PREFIX_PATH}:/home/czz/workspaces/isaac_ros-dev/install/nvblox_ros_python_utils:/home/czz/workspaces/isaac_ros-dev/install/isaac_ros_test:/home/czz/workspaces/isaac_ros-dev/install/isaac_ros_launch_utils:/opt/ros/humble /usr/bin/cmake --install /home/czz/nvblox_ws/build/my_nvblox
[12.736s] Level 1:colcon.colcon_core.environment:checking '/home/czz/nvblox_ws/install/my_nvblox' for CMake module files
[12.737s] Level 1:colcon.colcon_core.environment:checking '/home/czz/nvblox_ws/install/my_nvblox' for CMake config files
[12.737s] Level 1:colcon.colcon_core.shell:create_environment_hook('my_nvblox', 'cmake_prefix_path')
[12.737s] INFO:colcon.colcon_core.shell:Creating environment hook '/home/czz/nvblox_ws/install/my_nvblox/share/my_nvblox/hook/cmake_prefix_path.ps1'
[12.738s] INFO:colcon.colcon_core.shell:Creating environment descriptor '/home/czz/nvblox_ws/install/my_nvblox/share/my_nvblox/hook/cmake_prefix_path.dsv'
[12.738s] INFO:colcon.colcon_core.shell:Creating environment hook '/home/czz/nvblox_ws/install/my_nvblox/share/my_nvblox/hook/cmake_prefix_path.sh'
[12.739s] Level 1:colcon.colcon_core.environment:checking '/home/czz/nvblox_ws/install/my_nvblox/lib'
[12.739s] Level 1:colcon.colcon_core.environment:checking '/home/czz/nvblox_ws/install/my_nvblox/bin'
[12.739s] Level 1:colcon.colcon_core.environment:checking '/home/czz/nvblox_ws/install/my_nvblox/lib/pkgconfig/my_nvblox.pc'
[12.739s] Level 1:colcon.colcon_core.environment:checking '/home/czz/nvblox_ws/install/my_nvblox/lib/python3.10/site-packages'
[12.740s] Level 1:colcon.colcon_core.environment:checking '/home/czz/nvblox_ws/install/my_nvblox/bin'
[12.740s] INFO:colcon.colcon_core.shell:Creating package script '/home/czz/nvblox_ws/install/my_nvblox/share/my_nvblox/package.ps1'
[12.740s] INFO:colcon.colcon_core.shell:Creating package descriptor '/home/czz/nvblox_ws/install/my_nvblox/share/my_nvblox/package.dsv'
[12.741s] INFO:colcon.colcon_core.shell:Creating package script '/home/czz/nvblox_ws/install/my_nvblox/share/my_nvblox/package.sh'
[12.741s] INFO:colcon.colcon_core.shell:Creating package script '/home/czz/nvblox_ws/install/my_nvblox/share/my_nvblox/package.bash'
[12.741s] INFO:colcon.colcon_core.shell:Creating package script '/home/czz/nvblox_ws/install/my_nvblox/share/my_nvblox/package.zsh'
[12.742s] Level 1:colcon.colcon_core.environment:create_file_with_runtime_dependencies(/home/czz/nvblox_ws/install/my_nvblox/share/colcon-core/packages/my_nvblox)
[12.742s] Level 1:colcon.colcon_core.environment:create_environment_scripts_only(my_nvblox)
[12.742s] Level 1:colcon.colcon_core.environment:checking '/home/czz/nvblox_ws/install/my_nvblox' for CMake module files
[12.742s] Level 1:colcon.colcon_core.environment:checking '/home/czz/nvblox_ws/install/my_nvblox' for CMake config files
[12.743s] Level 1:colcon.colcon_core.shell:create_environment_hook('my_nvblox', 'cmake_prefix_path')
[12.743s] INFO:colcon.colcon_core.shell:Creating environment hook '/home/czz/nvblox_ws/install/my_nvblox/share/my_nvblox/hook/cmake_prefix_path.ps1'
[12.743s] INFO:colcon.colcon_core.shell:Creating environment descriptor '/home/czz/nvblox_ws/install/my_nvblox/share/my_nvblox/hook/cmake_prefix_path.dsv'
[12.743s] INFO:colcon.colcon_core.shell:Creating environment hook '/home/czz/nvblox_ws/install/my_nvblox/share/my_nvblox/hook/cmake_prefix_path.sh'
[12.743s] Level 1:colcon.colcon_core.environment:checking '/home/czz/nvblox_ws/install/my_nvblox/lib'
[12.743s] Level 1:colcon.colcon_core.environment:checking '/home/czz/nvblox_ws/install/my_nvblox/bin'
[12.743s] Level 1:colcon.colcon_core.environment:checking '/home/czz/nvblox_ws/install/my_nvblox/lib/pkgconfig/my_nvblox.pc'
[12.743s] Level 1:colcon.colcon_core.environment:checking '/home/czz/nvblox_ws/install/my_nvblox/lib/python3.10/site-packages'
[12.744s] Level 1:colcon.colcon_core.environment:checking '/home/czz/nvblox_ws/install/my_nvblox/bin'
[12.744s] INFO:colcon.colcon_core.shell:Creating package script '/home/czz/nvblox_ws/install/my_nvblox/share/my_nvblox/package.ps1'
[12.744s] INFO:colcon.colcon_core.shell:Creating package descriptor '/home/czz/nvblox_ws/install/my_nvblox/share/my_nvblox/package.dsv'
[12.744s] INFO:colcon.colcon_core.shell:Creating package script '/home/czz/nvblox_ws/install/my_nvblox/share/my_nvblox/package.sh'
[12.744s] INFO:colcon.colcon_core.shell:Creating package script '/home/czz/nvblox_ws/install/my_nvblox/share/my_nvblox/package.bash'
[12.745s] INFO:colcon.colcon_core.shell:Creating package script '/home/czz/nvblox_ws/install/my_nvblox/share/my_nvblox/package.zsh'
[12.745s] Level 1:colcon.colcon_core.environment:create_file_with_runtime_dependencies(/home/czz/nvblox_ws/install/my_nvblox/share/colcon-core/packages/my_nvblox)
[12.745s] DEBUG:colcon.colcon_parallel_executor.executor.parallel:closing loop
[12.745s] DEBUG:colcon.colcon_parallel_executor.executor.parallel:loop closed
[12.745s] DEBUG:colcon.colcon_parallel_executor.executor.parallel:run_until_complete finished with '0'
[12.745s] DEBUG:colcon.colcon_core.event_reactor:joining thread
[12.749s] INFO:colcon.colcon_core.plugin_system:Skipping extension 'colcon_notification.desktop_notification.terminal_notifier': Not used on non-Darwin systems
[12.749s] INFO:colcon.colcon_core.plugin_system:Skipping extension 'colcon_notification.desktop_notification.win32': Not used on non-Windows systems
[12.749s] INFO:colcon.colcon_notification.desktop_notification:Sending desktop notification using 'notify2'
[12.757s] DEBUG:colcon.colcon_core.event_reactor:joined thread
[12.757s] INFO:colcon.colcon_core.shell:Creating prefix script '/home/czz/nvblox_ws/install/local_setup.ps1'
[12.758s] INFO:colcon.colcon_core.shell:Creating prefix util module '/home/czz/nvblox_ws/install/_local_setup_util_ps1.py'
[12.759s] INFO:colcon.colcon_core.shell:Creating prefix chain script '/home/czz/nvblox_ws/install/setup.ps1'
[12.762s] INFO:colcon.colcon_core.shell:Creating prefix script '/home/czz/nvblox_ws/install/local_setup.sh'
[12.763s] INFO:colcon.colcon_core.shell:Creating prefix util module '/home/czz/nvblox_ws/install/_local_setup_util_sh.py'
[12.763s] INFO:colcon.colcon_core.shell:Creating prefix chain script '/home/czz/nvblox_ws/install/setup.sh'
[12.766s] INFO:colcon.colcon_core.shell:Creating prefix script '/home/czz/nvblox_ws/install/local_setup.bash'
[12.767s] INFO:colcon.colcon_core.shell:Creating prefix chain script '/home/czz/nvblox_ws/install/setup.bash'
[12.768s] INFO:colcon.colcon_core.shell:Creating prefix script '/home/czz/nvblox_ws/install/local_setup.zsh'
[12.768s] INFO:colcon.colcon_core.shell:Creating prefix chain script '/home/czz/nvblox_ws/install/setup.zsh'
