[0.012s] Invoking command in '/home/czz/nvblox_ws/build/my_nvblox': CMAKE_PREFIX_PATH=${CMAKE_PREFIX_PATH}:/home/czz/workspaces/isaac_ros-dev/install/nvblox_ros_python_utils:/home/czz/workspaces/isaac_ros-dev/install/isaac_ros_test:/home/czz/workspaces/isaac_ros-dev/install/isaac_ros_launch_utils:/opt/ros/humble /usr/bin/cmake --build /home/czz/nvblox_ws/build/my_nvblox -- -j20 -l20
[0.099s] [100%] Built target mapper_node
[0.106s] Invoked command in '/home/czz/nvblox_ws/build/my_nvblox' returned '0': CMAKE_PREFIX_PATH=${CMAKE_PREFIX_PATH}:/home/czz/workspaces/isaac_ros-dev/install/nvblox_ros_python_utils:/home/czz/workspaces/isaac_ros-dev/install/isaac_ros_test:/home/czz/workspaces/isaac_ros-dev/install/isaac_ros_launch_utils:/opt/ros/humble /usr/bin/cmake --build /home/czz/nvblox_ws/build/my_nvblox -- -j20 -l20
[0.115s] Invoking command in '/home/czz/nvblox_ws/build/my_nvblox': CMAKE_PREFIX_PATH=${CMAKE_PREFIX_PATH}:/home/czz/workspaces/isaac_ros-dev/install/nvblox_ros_python_utils:/home/czz/workspaces/isaac_ros-dev/install/isaac_ros_test:/home/czz/workspaces/isaac_ros-dev/install/isaac_ros_launch_utils:/opt/ros/humble /usr/bin/cmake --install /home/czz/nvblox_ws/build/my_nvblox
[0.122s] -- Install configuration: ""
[0.124s] -- Up-to-date: /home/czz/nvblox_ws/install/my_nvblox/lib/my_nvblox/mapper_node
[0.124s] -- Up-to-date: /home/czz/nvblox_ws/install/my_nvblox/share/my_nvblox/launch
[0.124s] -- Up-to-date: /home/czz/nvblox_ws/install/my_nvblox/share/my_nvblox/launch/mapping.launch.py
[0.124s] -- Installing: /home/czz/nvblox_ws/install/my_nvblox/share/my_nvblox/launch/my_nvblox_bringup.launch.py
[0.124s] -- Up-to-date: /home/czz/nvblox_ws/install/my_nvblox/share/my_nvblox/launch/esdf_node.launch.py
[0.124s] -- Up-to-date: /home/czz/nvblox_ws/install/my_nvblox/lib/my_nvblox/esdf_node.py
[0.124s] -- Up-to-date: /home/czz/nvblox_ws/install/my_nvblox/share/my_nvblox/launch
[0.124s] -- Up-to-date: /home/czz/nvblox_ws/install/my_nvblox/share/my_nvblox/launch/mapping.launch.py
[0.124s] -- Up-to-date: /home/czz/nvblox_ws/install/my_nvblox/share/my_nvblox/launch/my_nvblox_bringup.launch.py
[0.124s] -- Up-to-date: /home/czz/nvblox_ws/install/my_nvblox/share/my_nvblox/launch/esdf_node.launch.py
[0.125s] -- Up-to-date: /home/czz/nvblox_ws/install/my_nvblox/share/ament_index/resource_index/package_run_dependencies/my_nvblox
[0.125s] -- Up-to-date: /home/czz/nvblox_ws/install/my_nvblox/share/ament_index/resource_index/parent_prefix_path/my_nvblox
[0.125s] -- Up-to-date: /home/czz/nvblox_ws/install/my_nvblox/share/my_nvblox/environment/ament_prefix_path.sh
[0.125s] -- Up-to-date: /home/czz/nvblox_ws/install/my_nvblox/share/my_nvblox/environment/ament_prefix_path.dsv
[0.125s] -- Up-to-date: /home/czz/nvblox_ws/install/my_nvblox/share/my_nvblox/environment/path.sh
[0.125s] -- Up-to-date: /home/czz/nvblox_ws/install/my_nvblox/share/my_nvblox/environment/path.dsv
[0.125s] -- Up-to-date: /home/czz/nvblox_ws/install/my_nvblox/share/my_nvblox/local_setup.bash
[0.125s] -- Up-to-date: /home/czz/nvblox_ws/install/my_nvblox/share/my_nvblox/local_setup.sh
[0.125s] -- Up-to-date: /home/czz/nvblox_ws/install/my_nvblox/share/my_nvblox/local_setup.zsh
[0.125s] -- Up-to-date: /home/czz/nvblox_ws/install/my_nvblox/share/my_nvblox/local_setup.dsv
[0.125s] -- Up-to-date: /home/czz/nvblox_ws/install/my_nvblox/share/my_nvblox/package.dsv
[0.125s] -- Up-to-date: /home/czz/nvblox_ws/install/my_nvblox/share/ament_index/resource_index/packages/my_nvblox
[0.125s] -- Up-to-date: /home/czz/nvblox_ws/install/my_nvblox/share/my_nvblox/cmake/my_nvbloxConfig.cmake
[0.125s] -- Up-to-date: /home/czz/nvblox_ws/install/my_nvblox/share/my_nvblox/cmake/my_nvbloxConfig-version.cmake
[0.125s] -- Up-to-date: /home/czz/nvblox_ws/install/my_nvblox/share/my_nvblox/package.xml
[0.126s] Invoked command in '/home/czz/nvblox_ws/build/my_nvblox' returned '0': CMAKE_PREFIX_PATH=${CMAKE_PREFIX_PATH}:/home/czz/workspaces/isaac_ros-dev/install/nvblox_ros_python_utils:/home/czz/workspaces/isaac_ros-dev/install/isaac_ros_test:/home/czz/workspaces/isaac_ros-dev/install/isaac_ros_launch_utils:/opt/ros/humble /usr/bin/cmake --install /home/czz/nvblox_ws/build/my_nvblox
