[0.009s] Invoking command in '/home/czz/nvblox_ws/build/my_nvblox': CMAKE_PREFIX_PATH=${CMAKE_PREFIX_PATH}:/home/czz/workspaces/isaac_ros-dev/install/nvblox_ros_python_utils:/home/czz/workspaces/isaac_ros-dev/install/isaac_ros_test:/home/czz/workspaces/isaac_ros-dev/install/isaac_ros_launch_utils:/opt/ros/humble /usr/bin/cmake /home/czz/nvblox_ws/src/my_nvblox -DCMAKE_INSTALL_PREFIX=/home/czz/nvblox_ws/install/my_nvblox
[0.023s] -- Found ament_cmake: 1.3.12 (/opt/ros/humble/share/ament_cmake/cmake)
[0.122s] -- Override CMake install command with custom implementation using symlinks instead of copying resources
[0.125s] -- Found rclcpp: 16.0.16 (/opt/ros/humble/share/rclcpp/cmake)
[0.142s] -- Found rosidl_generator_c: 3.1.7 (/opt/ros/humble/share/rosidl_generator_c/cmake)
[0.144s] -- Found rosidl_adapter: 3.1.7 (/opt/ros/humble/share/rosidl_adapter/cmake)
[0.147s] -- Found rosidl_generator_cpp: 3.1.7 (/opt/ros/humble/share/rosidl_generator_cpp/cmake)
[0.154s] -- Using all available rosidl_typesupport_c: rosidl_typesupport_fastrtps_c;rosidl_typesupport_introspection_c
[0.162s] -- Using all available rosidl_typesupport_cpp: rosidl_typesupport_fastrtps_cpp;rosidl_typesupport_introspection_cpp
[0.180s] -- Found rmw_implementation_cmake: 6.1.2 (/opt/ros/humble/share/rmw_implementation_cmake/cmake)
[0.181s] -- Found rmw_fastrtps_cpp: 6.2.9 (/opt/ros/humble/share/rmw_fastrtps_cpp/cmake)
[0.248s] -- Using RMW implementation 'rmw_fastrtps_cpp' as default
[0.274s] -- Found sensor_msgs: 4.9.0 (/opt/ros/humble/share/sensor_msgs/cmake)
[0.289s] -- Found tf2: 0.25.17 (/opt/ros/humble/share/tf2/cmake)
[0.291s] -- Found tf2_ros: 0.25.17 (/opt/ros/humble/share/tf2_ros/cmake)
[0.331s] -- Found tf2_geometry_msgs: 0.25.17 (/opt/ros/humble/share/tf2_geometry_msgs/cmake)
[0.333s] -- Found eigen3_cmake_module: 0.1.1 (/opt/ros/humble/share/eigen3_cmake_module/cmake)
[0.334s] -- Ensuring Eigen3 include directory is part of orocos-kdl CMake target
[0.334s] -- Found cv_bridge: 3.2.1 (/opt/ros/humble/share/cv_bridge/cmake)
[0.405s] -- Configuring done
[0.408s] [31mCMake Error at CMakeLists.txt:55 (add_executable):
[0.408s]   Target "mapper_node" links to target "glog::glog" but the target was not
[0.408s]   found.  Perhaps a find_package() call is missing for an IMPORTED target, or
[0.408s]   an ALIAS target is missing?
[0.408s] 
[0.408s] [0m
[0.408s] [31mCMake Error at CMakeLists.txt:55 (add_executable):
[0.408s]   Target "mapper_node" links to target "CUDA::cudart" but the target was not
[0.408s]   found.  Perhaps a find_package() call is missing for an IMPORTED target, or
[0.408s]   an ALIAS target is missing?
[0.408s] 
[0.408s] [0m
[0.408s] [31mCMake Error at CMakeLists.txt:55 (add_executable):
[0.408s]   Target "mapper_node" links to target "glog::glog" but the target was not
[0.408s]   found.  Perhaps a find_package() call is missing for an IMPORTED target, or
[0.408s]   an ALIAS target is missing?
[0.408s] 
[0.409s] [0m
[0.412s] -- Generating done
[0.413s] [0mCMake Generate step failed.  Build files cannot be regenerated correctly.[0m
[0.418s] Invoked command in '/home/czz/nvblox_ws/build/my_nvblox' returned '1': CMAKE_PREFIX_PATH=${CMAKE_PREFIX_PATH}:/home/czz/workspaces/isaac_ros-dev/install/nvblox_ros_python_utils:/home/czz/workspaces/isaac_ros-dev/install/isaac_ros_test:/home/czz/workspaces/isaac_ros-dev/install/isaac_ros_launch_utils:/opt/ros/humble /usr/bin/cmake /home/czz/nvblox_ws/src/my_nvblox -DCMAKE_INSTALL_PREFIX=/home/czz/nvblox_ws/install/my_nvblox
