-- Found ament_cmake: 1.3.12 (/opt/ros/humble/share/ament_cmake/cmake)
-- Found rclcpp: 16.0.16 (/opt/ros/humble/share/rclcpp/cmake)
-- Found rosidl_generator_c: 3.1.7 (/opt/ros/humble/share/rosidl_generator_c/cmake)
-- Found rosidl_adapter: 3.1.7 (/opt/ros/humble/share/rosidl_adapter/cmake)
-- Found rosidl_generator_cpp: 3.1.7 (/opt/ros/humble/share/rosidl_generator_cpp/cmake)
-- Using all available rosidl_typesupport_c: rosidl_typesupport_fastrtps_c;rosidl_typesupport_introspection_c
-- Using all available rosidl_typesupport_cpp: rosidl_typesupport_fastrtps_cpp;rosidl_typesupport_introspection_cpp
-- Found rmw_implementation_cmake: 6.1.2 (/opt/ros/humble/share/rmw_implementation_cmake/cmake)
-- Found rmw_fastrtps_cpp: 6.2.9 (/opt/ros/humble/share/rmw_fastrtps_cpp/cmake)
-- Using RMW implementation 'rmw_fastrtps_cpp' as default
-- Found sensor_msgs: 4.9.0 (/opt/ros/humble/share/sensor_msgs/cmake)
-- Found tf2: 0.25.17 (/opt/ros/humble/share/tf2/cmake)
-- Found tf2_ros: 0.25.17 (/opt/ros/humble/share/tf2_ros/cmake)
-- Found tf2_geometry_msgs: 0.25.17 (/opt/ros/humble/share/tf2_geometry_msgs/cmake)
-- Found eigen3_cmake_module: 0.1.1 (/opt/ros/humble/share/eigen3_cmake_module/cmake)
-- Ensuring Eigen3 include directory is part of orocos-kdl CMake target
-- Found cv_bridge: 3.2.1 (/opt/ros/humble/share/cv_bridge/cmake)
-- Found visualization_msgs: 4.9.0 (/opt/ros/humble/share/visualization_msgs/cmake)
-- Configuring done
-- Generating done
-- Build files have been written to: /home/czz/nvblox_ws/build/my_nvblox
[35m[1mConsolidate compiler generated dependencies of target mapper_node[0m
[100%] Built target mapper_node
-- Install configuration: ""
-- Up-to-date: /home/czz/nvblox_ws/install/my_nvblox/lib/my_nvblox/mapper_node
-- Up-to-date: /home/czz/nvblox_ws/install/my_nvblox/share/my_nvblox/launch
-- Up-to-date: /home/czz/nvblox_ws/install/my_nvblox/share/my_nvblox/launch/mapping.launch.py
-- Installing: /home/czz/nvblox_ws/install/my_nvblox/share/my_nvblox/launch/esdf_node.launch.py
-- Installing: /home/czz/nvblox_ws/install/my_nvblox/lib/my_nvblox/esdf_node.py
-- Up-to-date: /home/czz/nvblox_ws/install/my_nvblox/share/my_nvblox/launch
-- Up-to-date: /home/czz/nvblox_ws/install/my_nvblox/share/my_nvblox/launch/mapping.launch.py
-- Up-to-date: /home/czz/nvblox_ws/install/my_nvblox/share/my_nvblox/launch/esdf_node.launch.py
-- Installing: /home/czz/nvblox_ws/install/my_nvblox/share/ament_index/resource_index/package_run_dependencies/my_nvblox
-- Installing: /home/czz/nvblox_ws/install/my_nvblox/share/ament_index/resource_index/parent_prefix_path/my_nvblox
-- Up-to-date: /home/czz/nvblox_ws/install/my_nvblox/share/my_nvblox/environment/ament_prefix_path.sh
-- Installing: /home/czz/nvblox_ws/install/my_nvblox/share/my_nvblox/environment/ament_prefix_path.dsv
-- Up-to-date: /home/czz/nvblox_ws/install/my_nvblox/share/my_nvblox/environment/path.sh
-- Installing: /home/czz/nvblox_ws/install/my_nvblox/share/my_nvblox/environment/path.dsv
-- Up-to-date: /home/czz/nvblox_ws/install/my_nvblox/share/my_nvblox/local_setup.bash
-- Up-to-date: /home/czz/nvblox_ws/install/my_nvblox/share/my_nvblox/local_setup.sh
-- Up-to-date: /home/czz/nvblox_ws/install/my_nvblox/share/my_nvblox/local_setup.zsh
-- Installing: /home/czz/nvblox_ws/install/my_nvblox/share/my_nvblox/local_setup.dsv
-- Installing: /home/czz/nvblox_ws/install/my_nvblox/share/my_nvblox/package.dsv
-- Up-to-date: /home/czz/nvblox_ws/install/my_nvblox/share/ament_index/resource_index/packages/my_nvblox
-- Up-to-date: /home/czz/nvblox_ws/install/my_nvblox/share/my_nvblox/cmake/my_nvbloxConfig.cmake
-- Up-to-date: /home/czz/nvblox_ws/install/my_nvblox/share/my_nvblox/cmake/my_nvbloxConfig-version.cmake
-- Installing: /home/czz/nvblox_ws/install/my_nvblox/share/my_nvblox/package.xml
