[0.007s] Invoking command in '/home/czz/nvblox_ws/build/my_nvblox': CMAKE_PREFIX_PATH=${CMAKE_PREFIX_PATH}:/home/czz/workspaces/isaac_ros-dev/install/nvblox_ros_python_utils:/home/czz/workspaces/isaac_ros-dev/install/isaac_ros_test:/home/czz/workspaces/isaac_ros-dev/install/isaac_ros_launch_utils:/opt/ros/humble /usr/bin/cmake --build /home/czz/nvblox_ws/build/my_nvblox -- -j20 -l20
[0.030s] -- Found ament_cmake: 1.3.12 (/opt/ros/humble/share/ament_cmake/cmake)
[0.113s] -- Found rclcpp: 16.0.16 (/opt/ros/humble/share/rclcpp/cmake)
[0.131s] -- Found rosidl_generator_c: 3.1.7 (/opt/ros/humble/share/rosidl_generator_c/cmake)
[0.132s] -- Found rosidl_adapter: 3.1.7 (/opt/ros/humble/share/rosidl_adapter/cmake)
[0.135s] -- Found rosidl_generator_cpp: 3.1.7 (/opt/ros/humble/share/rosidl_generator_cpp/cmake)
[0.141s] -- Using all available rosidl_typesupport_c: rosidl_typesupport_fastrtps_c;rosidl_typesupport_introspection_c
[0.147s] -- Using all available rosidl_typesupport_cpp: rosidl_typesupport_fastrtps_cpp;rosidl_typesupport_introspection_cpp
[0.165s] -- Found rmw_implementation_cmake: 6.1.2 (/opt/ros/humble/share/rmw_implementation_cmake/cmake)
[0.166s] -- Found rmw_fastrtps_cpp: 6.2.9 (/opt/ros/humble/share/rmw_fastrtps_cpp/cmake)
[0.234s] -- Using RMW implementation 'rmw_fastrtps_cpp' as default
[0.260s] -- Found sensor_msgs: 4.9.0 (/opt/ros/humble/share/sensor_msgs/cmake)
[0.274s] -- Found tf2: 0.25.17 (/opt/ros/humble/share/tf2/cmake)
[0.276s] -- Found tf2_ros: 0.25.17 (/opt/ros/humble/share/tf2_ros/cmake)
[0.317s] -- Found tf2_geometry_msgs: 0.25.17 (/opt/ros/humble/share/tf2_geometry_msgs/cmake)
[0.319s] -- Found eigen3_cmake_module: 0.1.1 (/opt/ros/humble/share/eigen3_cmake_module/cmake)
[0.320s] -- Ensuring Eigen3 include directory is part of orocos-kdl CMake target
[0.320s] -- Found cv_bridge: 3.2.1 (/opt/ros/humble/share/cv_bridge/cmake)
[0.325s] -- Found visualization_msgs: 4.9.0 (/opt/ros/humble/share/visualization_msgs/cmake)
[0.416s] -- Configuring done
[0.429s] -- Generating done
[0.432s] -- Build files have been written to: /home/czz/nvblox_ws/build/my_nvblox
[0.457s] [35m[1mConsolidate compiler generated dependencies of target mapper_node[0m
[0.481s] [100%] Built target mapper_node
[0.492s] Invoked command in '/home/czz/nvblox_ws/build/my_nvblox' returned '0': CMAKE_PREFIX_PATH=${CMAKE_PREFIX_PATH}:/home/czz/workspaces/isaac_ros-dev/install/nvblox_ros_python_utils:/home/czz/workspaces/isaac_ros-dev/install/isaac_ros_test:/home/czz/workspaces/isaac_ros-dev/install/isaac_ros_launch_utils:/opt/ros/humble /usr/bin/cmake --build /home/czz/nvblox_ws/build/my_nvblox -- -j20 -l20
[0.500s] Invoking command in '/home/czz/nvblox_ws/build/my_nvblox': CMAKE_PREFIX_PATH=${CMAKE_PREFIX_PATH}:/home/czz/workspaces/isaac_ros-dev/install/nvblox_ros_python_utils:/home/czz/workspaces/isaac_ros-dev/install/isaac_ros_test:/home/czz/workspaces/isaac_ros-dev/install/isaac_ros_launch_utils:/opt/ros/humble /usr/bin/cmake --install /home/czz/nvblox_ws/build/my_nvblox
[0.508s] -- Install configuration: ""
[0.509s] -- Up-to-date: /home/czz/nvblox_ws/install/my_nvblox/lib/my_nvblox/mapper_node
[0.509s] -- Up-to-date: /home/czz/nvblox_ws/install/my_nvblox/share/my_nvblox/launch
[0.509s] -- Up-to-date: /home/czz/nvblox_ws/install/my_nvblox/share/my_nvblox/launch/mapping.launch.py
[0.509s] -- Installing: /home/czz/nvblox_ws/install/my_nvblox/share/my_nvblox/launch/esdf_node.launch.py
[0.509s] -- Installing: /home/czz/nvblox_ws/install/my_nvblox/lib/my_nvblox/esdf_node.py
[0.509s] -- Up-to-date: /home/czz/nvblox_ws/install/my_nvblox/share/my_nvblox/launch
[0.509s] -- Up-to-date: /home/czz/nvblox_ws/install/my_nvblox/share/my_nvblox/launch/mapping.launch.py
[0.509s] -- Up-to-date: /home/czz/nvblox_ws/install/my_nvblox/share/my_nvblox/launch/esdf_node.launch.py
[0.510s] -- Installing: /home/czz/nvblox_ws/install/my_nvblox/share/ament_index/resource_index/package_run_dependencies/my_nvblox
[0.510s] -- Installing: /home/czz/nvblox_ws/install/my_nvblox/share/ament_index/resource_index/parent_prefix_path/my_nvblox
[0.510s] -- Up-to-date: /home/czz/nvblox_ws/install/my_nvblox/share/my_nvblox/environment/ament_prefix_path.sh
[0.510s] -- Installing: /home/czz/nvblox_ws/install/my_nvblox/share/my_nvblox/environment/ament_prefix_path.dsv
[0.510s] -- Up-to-date: /home/czz/nvblox_ws/install/my_nvblox/share/my_nvblox/environment/path.sh
[0.510s] -- Installing: /home/czz/nvblox_ws/install/my_nvblox/share/my_nvblox/environment/path.dsv
[0.510s] -- Up-to-date: /home/czz/nvblox_ws/install/my_nvblox/share/my_nvblox/local_setup.bash
[0.510s] -- Up-to-date: /home/czz/nvblox_ws/install/my_nvblox/share/my_nvblox/local_setup.sh
[0.510s] -- Up-to-date: /home/czz/nvblox_ws/install/my_nvblox/share/my_nvblox/local_setup.zsh
[0.511s] -- Installing: /home/czz/nvblox_ws/install/my_nvblox/share/my_nvblox/local_setup.dsv
[0.511s] -- Installing: /home/czz/nvblox_ws/install/my_nvblox/share/my_nvblox/package.dsv
[0.511s] -- Up-to-date: /home/czz/nvblox_ws/install/my_nvblox/share/ament_index/resource_index/packages/my_nvblox
[0.511s] -- Up-to-date: /home/czz/nvblox_ws/install/my_nvblox/share/my_nvblox/cmake/my_nvbloxConfig.cmake
[0.511s] -- Up-to-date: /home/czz/nvblox_ws/install/my_nvblox/share/my_nvblox/cmake/my_nvbloxConfig-version.cmake
[0.511s] -- Installing: /home/czz/nvblox_ws/install/my_nvblox/share/my_nvblox/package.xml
[0.512s] Invoked command in '/home/czz/nvblox_ws/build/my_nvblox' returned '0': CMAKE_PREFIX_PATH=${CMAKE_PREFIX_PATH}:/home/czz/workspaces/isaac_ros-dev/install/nvblox_ros_python_utils:/home/czz/workspaces/isaac_ros-dev/install/isaac_ros_test:/home/czz/workspaces/isaac_ros-dev/install/isaac_ros_launch_utils:/opt/ros/humble /usr/bin/cmake --install /home/czz/nvblox_ws/build/my_nvblox
