[30.035s] Invoking command in '/home/czz/nvblox_ws/build/my_nvblox': CMAKE_PREFIX_PATH=${CMAKE_PREFIX_PATH}:/home/czz/workspaces/isaac_ros-dev/install/nvblox_ros_python_utils:/home/czz/workspaces/isaac_ros-dev/install/isaac_ros_test:/home/czz/workspaces/isaac_ros-dev/install/isaac_ros_launch_utils:/opt/ros/humble /usr/bin/cmake /home/czz/nvblox_ws/src/my_nvblox -DCMAKE_INSTALL_PREFIX=/home/czz/nvblox_ws/install/my_nvblox
[30.063s] -- Found ament_cmake: 1.3.12 (/opt/ros/humble/share/ament_cmake/cmake)
[30.158s] -- Override CMake install command with custom implementation using symlinks instead of copying resources
[30.170s] -- Found tf2: 0.25.17 (/opt/ros/humble/share/tf2/cmake)
[30.193s] -- Found rosidl_generator_c: 3.1.7 (/opt/ros/humble/share/rosidl_generator_c/cmake)
[30.195s] -- Found rosidl_adapter: 3.1.7 (/opt/ros/humble/share/rosidl_adapter/cmake)
[30.201s] -- Found rosidl_generator_cpp: 3.1.7 (/opt/ros/humble/share/rosidl_generator_cpp/cmake)
[30.209s] -- Using all available rosidl_typesupport_c: rosidl_typesupport_fastrtps_c;rosidl_typesupport_introspection_c
[30.219s] -- Using all available rosidl_typesupport_cpp: rosidl_typesupport_fastrtps_cpp;rosidl_typesupport_introspection_cpp
[30.249s] -- Found rclcpp: 16.0.16 (/opt/ros/humble/share/rclcpp/cmake)
[30.273s] -- Found rmw_implementation_cmake: 6.1.2 (/opt/ros/humble/share/rmw_implementation_cmake/cmake)
[30.274s] -- Found rmw_fastrtps_cpp: 6.2.9 (/opt/ros/humble/share/rmw_fastrtps_cpp/cmake)
[30.357s] -- Using RMW implementation 'rmw_fastrtps_cpp' as default
[30.388s] -- Found sensor_msgs: 4.9.0 (/opt/ros/humble/share/sensor_msgs/cmake)
[30.400s] -- Found tf2_ros: 0.25.17 (/opt/ros/humble/share/tf2_ros/cmake)
[30.460s] -- Found tf2_eigen: 0.25.17 (/opt/ros/humble/share/tf2_eigen/cmake)
[30.462s] -- Building vendored nvblox with CUDA architectures: 52
[30.464s] -- TORCH_CUDA_ARCH_LIST: 5.2
[30.464s] -- Building without pre-C++11 ABI support (PyTorch wrapper disabled)
[30.479s] -- Downloading 3rdparty dependencies
[30.480s] -- Downloading GFLAGS
[30.485s] -- Downloading SQLITE
