[0.009s] Invoking command in '/home/czz/nvblox_ws/build/my_nvblox': CMAKE_PREFIX_PATH=${CMAKE_PREFIX_PATH}:/home/czz/workspaces/isaac_ros-dev/install/nvblox_ros_python_utils:/home/czz/workspaces/isaac_ros-dev/install/isaac_ros_test:/home/czz/workspaces/isaac_ros-dev/install/isaac_ros_launch_utils:/opt/ros/humble /usr/bin/cmake --build /home/czz/nvblox_ws/build/my_nvblox -- -j20 -l20
[0.032s] -- Found ament_cmake: 1.3.12 (/opt/ros/humble/share/ament_cmake/cmake)
[0.115s] -- Override CMake install command with custom implementation using symlinks instead of copying resources
[0.119s] -- Found rclcpp: 16.0.16 (/opt/ros/humble/share/rclcpp/cmake)
[0.138s] -- Found rosidl_generator_c: 3.1.7 (/opt/ros/humble/share/rosidl_generator_c/cmake)
[0.140s] -- Found rosidl_adapter: 3.1.7 (/opt/ros/humble/share/rosidl_adapter/cmake)
[0.143s] -- Found rosidl_generator_cpp: 3.1.7 (/opt/ros/humble/share/rosidl_generator_cpp/cmake)
[0.148s] -- Using all available rosidl_typesupport_c: rosidl_typesupport_fastrtps_c;rosidl_typesupport_introspection_c
[0.154s] -- Using all available rosidl_typesupport_cpp: rosidl_typesupport_fastrtps_cpp;rosidl_typesupport_introspection_cpp
[0.172s] -- Found rmw_implementation_cmake: 6.1.2 (/opt/ros/humble/share/rmw_implementation_cmake/cmake)
[0.173s] -- Found rmw_fastrtps_cpp: 6.2.9 (/opt/ros/humble/share/rmw_fastrtps_cpp/cmake)
[0.243s] -- Using RMW implementation 'rmw_fastrtps_cpp' as default
[0.270s] -- Found sensor_msgs: 4.9.0 (/opt/ros/humble/share/sensor_msgs/cmake)
[0.285s] -- Found tf2_ros: 0.25.17 (/opt/ros/humble/share/tf2_ros/cmake)
[0.327s] -- Found tf2_eigen: 0.25.17 (/opt/ros/humble/share/tf2_eigen/cmake)
[0.328s] -- Found ament_lint_auto: 0.12.14 (/opt/ros/humble/share/ament_lint_auto/cmake)
[0.385s] -- Added test 'cppcheck' to perform static code analysis on C / C++ code
[0.385s] -- Configured cppcheck include dirs: 
[0.385s] -- Configured cppcheck exclude dirs and/or files: 
[0.385s] -- Added test 'flake8' to check Python code syntax and style conventions
[0.385s] -- Added test 'lint_cmake' to check CMake code style
[0.385s] -- Added test 'pep257' to check Python code against some of the docstring style conventions in PEP 257
[0.385s] -- Added test 'uncrustify' to check C / C++ code style
[0.385s] -- Configured uncrustify additional arguments: 
[0.386s] -- Added test 'xmllint' to check XML markup files
[0.386s] -- Configuring done
[0.388s] -- Generating done
[0.389s] -- Build files have been written to: /home/czz/nvblox_ws/build/my_nvblox
[0.410s] Invoked command in '/home/czz/nvblox_ws/build/my_nvblox' returned '0': CMAKE_PREFIX_PATH=${CMAKE_PREFIX_PATH}:/home/czz/workspaces/isaac_ros-dev/install/nvblox_ros_python_utils:/home/czz/workspaces/isaac_ros-dev/install/isaac_ros_test:/home/czz/workspaces/isaac_ros-dev/install/isaac_ros_launch_utils:/opt/ros/humble /usr/bin/cmake --build /home/czz/nvblox_ws/build/my_nvblox -- -j20 -l20
[0.420s] Invoking command in '/home/czz/nvblox_ws/build/my_nvblox': CMAKE_PREFIX_PATH=${CMAKE_PREFIX_PATH}:/home/czz/workspaces/isaac_ros-dev/install/nvblox_ros_python_utils:/home/czz/workspaces/isaac_ros-dev/install/isaac_ros_test:/home/czz/workspaces/isaac_ros-dev/install/isaac_ros_launch_utils:/opt/ros/humble /usr/bin/cmake --install /home/czz/nvblox_ws/build/my_nvblox
[0.428s] -- Install configuration: "Release"
[0.429s] -- Execute custom install script
[0.429s] -- Symlinking: /home/czz/nvblox_ws/install/my_nvblox/share/my_nvblox/launch/esdf.launch.py
[0.434s] -- Up-to-date symlink: /home/czz/nvblox_ws/install/my_nvblox/share/ament_index/resource_index/package_run_dependencies/my_nvblox
[0.434s] -- Up-to-date symlink: /home/czz/nvblox_ws/install/my_nvblox/share/ament_index/resource_index/parent_prefix_path/my_nvblox
[0.434s] -- Up-to-date symlink: /home/czz/nvblox_ws/install/my_nvblox/share/my_nvblox/environment/ament_prefix_path.sh
[0.434s] -- Up-to-date symlink: /home/czz/nvblox_ws/install/my_nvblox/share/my_nvblox/environment/ament_prefix_path.dsv
[0.434s] -- Up-to-date symlink: /home/czz/nvblox_ws/install/my_nvblox/share/my_nvblox/environment/path.sh
[0.435s] -- Up-to-date symlink: /home/czz/nvblox_ws/install/my_nvblox/share/my_nvblox/environment/path.dsv
[0.435s] -- Up-to-date symlink: /home/czz/nvblox_ws/install/my_nvblox/share/my_nvblox/local_setup.bash
[0.435s] -- Up-to-date symlink: /home/czz/nvblox_ws/install/my_nvblox/share/my_nvblox/local_setup.sh
[0.435s] -- Up-to-date symlink: /home/czz/nvblox_ws/install/my_nvblox/share/my_nvblox/local_setup.zsh
[0.435s] -- Up-to-date symlink: /home/czz/nvblox_ws/install/my_nvblox/share/my_nvblox/local_setup.dsv
[0.435s] -- Symlinking: /home/czz/nvblox_ws/install/my_nvblox/share/my_nvblox/package.dsv
[0.442s] -- Up-to-date symlink: /home/czz/nvblox_ws/install/my_nvblox/share/ament_index/resource_index/packages/my_nvblox
[0.442s] -- Up-to-date symlink: /home/czz/nvblox_ws/install/my_nvblox/share/my_nvblox/cmake/my_nvbloxConfig.cmake
[0.442s] -- Up-to-date symlink: /home/czz/nvblox_ws/install/my_nvblox/share/my_nvblox/cmake/my_nvbloxConfig-version.cmake
[0.442s] -- Up-to-date symlink: /home/czz/nvblox_ws/install/my_nvblox/share/my_nvblox/package.xml
[0.443s] Invoked command in '/home/czz/nvblox_ws/build/my_nvblox' returned '0': CMAKE_PREFIX_PATH=${CMAKE_PREFIX_PATH}:/home/czz/workspaces/isaac_ros-dev/install/nvblox_ros_python_utils:/home/czz/workspaces/isaac_ros-dev/install/isaac_ros_test:/home/czz/workspaces/isaac_ros-dev/install/isaac_ros_launch_utils:/opt/ros/humble /usr/bin/cmake --install /home/czz/nvblox_ws/build/my_nvblox
