[0.017s] Invoking command in '/home/czz/nvblox_ws/build/my_nvblox': CMAKE_PREFIX_PATH=/home/czz/nvblox_ws/install/nvblox:${CMAKE_PREFIX_PATH} LD_LIBRARY_PATH=/home/czz/nvblox_ws/install/nvblox/lib:/usr/local/cuda/lib64:/usr/local/cuda/lib64:/home/czz/workspaces/isaac_ros-dev/install/realsense_splitter/lib:/home/czz/workspaces/isaac_ros-dev/install/realsense2_camera/lib:/home/czz/workspaces/isaac_ros-dev/install/realsense2_camera_msgs/lib:/home/czz/workspaces/isaac_ros-dev/install/nvblox_ros/lib:/home/czz/workspaces/isaac_ros-dev/install/nvblox_rviz_plugin/lib:/home/czz/workspaces/isaac_ros-dev/install/nvblox_image_padding/lib:/home/czz/workspaces/isaac_ros-dev/install/nvblox_ros_common/lib:/home/czz/workspaces/isaac_ros-dev/install/nvblox_nav2/lib:/home/czz/workspaces/isaac_ros-dev/install/nvblox_msgs/lib:/home/czz/workspaces/isaac_ros-dev/install/isaac_ros_visual_slam/lib:/home/czz/workspaces/isaac_ros-dev/install/isaac_ros_visual_slam_interfaces/lib:/home/czz/workspaces/isaac_ros-dev/install/isaac_ros_common/lib:/home/czz/ros_pack/install/moveit_task_constructor_visualization/lib:/home/czz/ros_pack/install/moveit_task_constructor_demo/lib:/home/czz/ros_pack/install/moveit_task_constructor_capabilities/lib:/home/czz/ros_pack/install/moveit_task_constructor_core/lib:/home/czz/ros_pack/install/rviz_marker_tools/lib:/home/czz/ros_pack/install/negotiated_examples/lib:/home/czz/ros_pack/install/negotiated/lib:/home/czz/ros_pack/install/negotiated_interfaces/lib:/home/czz/ros_pack/install/moveit_task_constructor_msgs/lib:/usr/lib/x86_64-linux-gnu/gazebo-11/plugins:/opt/ros/humble/opt/rviz_ogre_vendor/lib:/opt/ros/humble/lib/x86_64-linux-gnu:/opt/ros/humble/lib:/opt/tritonserver/lib:/opt/tritonserver/lib PATH=/home/czz/nvblox_ws/install/nvblox/bin:${PATH} /usr/bin/cmake --build /home/czz/nvblox_ws/build/my_nvblox -- -j20 -l20
[0.087s] -- Found ament_cmake: 1.3.12 (/opt/ros/humble/share/ament_cmake/cmake)
[0.195s] -- Found rclcpp: 16.0.16 (/opt/ros/humble/share/rclcpp/cmake)
[0.223s] -- Found rosidl_generator_c: 3.1.7 (/opt/ros/humble/share/rosidl_generator_c/cmake)
[0.225s] -- Found rosidl_adapter: 3.1.7 (/opt/ros/humble/share/rosidl_adapter/cmake)
[0.231s] -- Found rosidl_generator_cpp: 3.1.7 (/opt/ros/humble/share/rosidl_generator_cpp/cmake)
[0.240s] -- Using all available rosidl_typesupport_c: rosidl_typesupport_fastrtps_c;rosidl_typesupport_introspection_c
[0.251s] -- Using all available rosidl_typesupport_cpp: rosidl_typesupport_fastrtps_cpp;rosidl_typesupport_introspection_cpp
[0.279s] -- Found rmw_implementation_cmake: 6.1.2 (/opt/ros/humble/share/rmw_implementation_cmake/cmake)
[0.281s] -- Found rmw_fastrtps_cpp: 6.2.9 (/opt/ros/humble/share/rmw_fastrtps_cpp/cmake)
[0.359s] -- Using RMW implementation 'rmw_fastrtps_cpp' as default
[0.398s] -- Found sensor_msgs: 4.9.0 (/opt/ros/humble/share/sensor_msgs/cmake)
[0.422s] -- Found tf2: 0.25.17 (/opt/ros/humble/share/tf2/cmake)
[0.426s] -- Found tf2_ros: 0.25.17 (/opt/ros/humble/share/tf2_ros/cmake)
[0.484s] -- Found tf2_geometry_msgs: 0.25.17 (/opt/ros/humble/share/tf2_geometry_msgs/cmake)
[0.487s] -- Found eigen3_cmake_module: 0.1.1 (/opt/ros/humble/share/eigen3_cmake_module/cmake)
[0.488s] -- Ensuring Eigen3 include directory is part of orocos-kdl CMake target
[0.489s] -- Found cv_bridge: 3.2.1 (/opt/ros/humble/share/cv_bridge/cmake)
[0.495s] -- Found visualization_msgs: 4.9.0 (/opt/ros/humble/share/visualization_msgs/cmake)
[0.582s] Error parsing '/home/czz/nvblox_ws/src/my_nvblox/package.xml':
[0.615s] Traceback (most recent call last):
[0.615s]   File "/opt/ros/humble/share/ament_cmake_core/cmake/core/package_xml_2_cmake.py", line 150, in <module>
[0.615s]     main()
[0.615s]   File "/opt/ros/humble/share/ament_cmake_core/cmake/core/package_xml_2_cmake.py", line 53, in main
[0.615s]     raise e
[0.615s]   File "/opt/ros/humble/share/ament_cmake_core/cmake/core/package_xml_2_cmake.py", line 49, in main
[0.615s]     package = parse_package_string(
[0.615s]   File "/usr/lib/python3/dist-packages/catkin_pkg/package.py", line 786, in parse_package_string
[0.615s]     raise InvalidPackage('Error(s):%s' % (''.join(['\n- %s' % e for e in errors])), filename)
[0.615s] catkin_pkg.package.InvalidPackage: Error(s) in package '/home/czz/nvblox_ws/src/my_nvblox/package.xml':
[0.615s] Error(s):
[0.615s] - The generic dependency on 'sensor_msgs' is redundant with: exec_depend
[0.615s] - The generic dependency on 'tf2_ros' is redundant with: exec_depend
[0.615s] - The generic dependency on 'cv_bridge' is redundant with: exec_depend
[0.615s] - The generic dependency on 'message_filters' is redundant with: exec_depend
[0.624s] [31mCMake Error at /opt/ros/humble/share/ament_cmake_core/cmake/core/ament_package_xml.cmake:95 (message):
[0.625s]   execute_process(/usr/bin/python3
[0.625s]   /opt/ros/humble/share/ament_cmake_core/cmake/core/package_xml_2_cmake.py
[0.625s]   /home/czz/nvblox_ws/src/my_nvblox/package.xml
[0.625s]   /home/czz/nvblox_ws/build/my_nvblox/ament_cmake_core/package.cmake)
[0.625s]   returned error code 1
[0.625s] Call Stack (most recent call first):
[0.625s]   /opt/ros/humble/share/ament_cmake_core/cmake/core/ament_package_xml.cmake:49 (_ament_package_xml)
[0.625s]   /opt/ros/humble/share/ament_cmake_core/cmake/core/ament_package.cmake:63 (ament_package_xml)
[0.625s]   CMakeLists.txt:95 (ament_package)
[0.625s] 
[0.625s] [0m
[0.625s] -- Configuring incomplete, errors occurred!
[0.625s] See also "/home/czz/nvblox_ws/build/my_nvblox/CMakeFiles/CMakeOutput.log".
[0.630s] gmake: *** [Makefile:267：cmake_check_build_system] 错误 1
[0.632s] Invoked command in '/home/czz/nvblox_ws/build/my_nvblox' returned '2': CMAKE_PREFIX_PATH=/home/czz/nvblox_ws/install/nvblox:${CMAKE_PREFIX_PATH} LD_LIBRARY_PATH=/home/czz/nvblox_ws/install/nvblox/lib:/usr/local/cuda/lib64:/usr/local/cuda/lib64:/home/czz/workspaces/isaac_ros-dev/install/realsense_splitter/lib:/home/czz/workspaces/isaac_ros-dev/install/realsense2_camera/lib:/home/czz/workspaces/isaac_ros-dev/install/realsense2_camera_msgs/lib:/home/czz/workspaces/isaac_ros-dev/install/nvblox_ros/lib:/home/czz/workspaces/isaac_ros-dev/install/nvblox_rviz_plugin/lib:/home/czz/workspaces/isaac_ros-dev/install/nvblox_image_padding/lib:/home/czz/workspaces/isaac_ros-dev/install/nvblox_ros_common/lib:/home/czz/workspaces/isaac_ros-dev/install/nvblox_nav2/lib:/home/czz/workspaces/isaac_ros-dev/install/nvblox_msgs/lib:/home/czz/workspaces/isaac_ros-dev/install/isaac_ros_visual_slam/lib:/home/czz/workspaces/isaac_ros-dev/install/isaac_ros_visual_slam_interfaces/lib:/home/czz/workspaces/isaac_ros-dev/install/isaac_ros_common/lib:/home/czz/ros_pack/install/moveit_task_constructor_visualization/lib:/home/czz/ros_pack/install/moveit_task_constructor_demo/lib:/home/czz/ros_pack/install/moveit_task_constructor_capabilities/lib:/home/czz/ros_pack/install/moveit_task_constructor_core/lib:/home/czz/ros_pack/install/rviz_marker_tools/lib:/home/czz/ros_pack/install/negotiated_examples/lib:/home/czz/ros_pack/install/negotiated/lib:/home/czz/ros_pack/install/negotiated_interfaces/lib:/home/czz/ros_pack/install/moveit_task_constructor_msgs/lib:/usr/lib/x86_64-linux-gnu/gazebo-11/plugins:/opt/ros/humble/opt/rviz_ogre_vendor/lib:/opt/ros/humble/lib/x86_64-linux-gnu:/opt/ros/humble/lib:/opt/tritonserver/lib:/opt/tritonserver/lib PATH=/home/czz/nvblox_ws/install/nvblox/bin:${PATH} /usr/bin/cmake --build /home/czz/nvblox_ws/build/my_nvblox -- -j20 -l20
