[0.217s] DEBUG:colcon:Command line arguments: ['/usr/bin/colcon', 'build', '--symlink-install', '--packages-select', 'my_nvblox']
[0.218s] DEBUG:colcon:Parsed command line arguments: Namespace(log_base=None, log_level=None, verb_name='build', build_base='build', install_base='install', merge_install=False, symlink_install=True, test_result_base=None, continue_on_error=False, executor='parallel', parallel_workers=20, event_handlers=None, ignore_user_meta=False, metas=['./colcon.meta'], base_paths=['.'], packages_ignore=None, packages_ignore_regex=None, paths=None, packages_up_to=None, packages_up_to_regex=None, packages_above=None, packages_above_and_dependencies=None, packages_above_depth=None, packages_select_by_dep=None, packages_skip_by_dep=None, packages_skip_up_to=None, packages_select_build_failed=False, packages_skip_build_finished=False, packages_select_test_failures=False, packages_skip_test_passed=False, packages_select=['my_nvblox'], packages_skip=None, packages_select_regex=None, packages_skip_regex=None, packages_start=None, packages_end=None, allow_overriding=[], cmake_args=None, cmake_target=None, cmake_target_skip_unavailable=False, cmake_clean_cache=False, cmake_clean_first=False, cmake_force_configure=False, ament_cmake_args=None, catkin_cmake_args=None, catkin_skip_building_tests=False, verb_parser=<colcon_defaults.argument_parser.defaults.DefaultArgumentsDecorator object at 0x7bf61975a3e0>, verb_extension=<colcon_core.verb.build.BuildVerb object at 0x7bf61989b9a0>, main=<bound method BuildVerb.main of <colcon_core.verb.build.BuildVerb object at 0x7bf61989b9a0>>)
[0.721s] Level 1:colcon.colcon_core.package_discovery:discover_packages(colcon_meta) check parameters
[0.721s] Level 1:colcon.colcon_core.package_discovery:discover_packages(recursive) check parameters
[0.721s] Level 1:colcon.colcon_core.package_discovery:discover_packages(ignore) check parameters
[0.721s] Level 1:colcon.colcon_core.package_discovery:discover_packages(path) check parameters
[0.721s] Level 1:colcon.colcon_core.package_discovery:discover_packages(colcon_meta) discover
[0.721s] Level 1:colcon.colcon_core.package_discovery:discover_packages(recursive) discover
[0.721s] INFO:colcon.colcon_core.package_discovery:Crawling recursively for packages in '/home/czz/nvblox_ws'
[0.722s] Level 1:colcon.colcon_core.package_identification:_identify(.) by extensions ['ignore', 'ignore_ament_install']
[0.722s] Level 1:colcon.colcon_core.package_identification:_identify(.) by extension 'ignore'
[0.722s] Level 1:colcon.colcon_core.package_identification:_identify(.) by extension 'ignore_ament_install'
[0.722s] Level 1:colcon.colcon_core.package_identification:_identify(.) by extensions ['colcon_pkg']
[0.722s] Level 1:colcon.colcon_core.package_identification:_identify(.) by extension 'colcon_pkg'
[0.722s] Level 1:colcon.colcon_core.package_identification:_identify(.) by extensions ['colcon_meta']
[0.722s] Level 1:colcon.colcon_core.package_identification:_identify(.) by extension 'colcon_meta'
[0.722s] Level 1:colcon.colcon_core.package_identification:_identify(.) by extensions ['ros']
[0.722s] Level 1:colcon.colcon_core.package_identification:_identify(.) by extension 'ros'
[0.774s] Level 1:colcon.colcon_core.package_identification:_identify(.) by extensions ['cmake', 'python']
[0.774s] Level 1:colcon.colcon_core.package_identification:_identify(.) by extension 'cmake'
[0.774s] Level 1:colcon.colcon_core.package_identification:_identify(.) by extension 'python'
[0.774s] Level 1:colcon.colcon_core.package_identification:_identify(.) by extensions ['python_setup_py']
[0.774s] Level 1:colcon.colcon_core.package_identification:_identify(.) by extension 'python_setup_py'
[0.775s] Level 1:colcon.colcon_core.package_identification:_identify(build) by extensions ['ignore', 'ignore_ament_install']
[0.775s] Level 1:colcon.colcon_core.package_identification:_identify(build) by extension 'ignore'
[0.775s] Level 1:colcon.colcon_core.package_identification:_identify(build) ignored
[0.775s] Level 1:colcon.colcon_core.package_identification:_identify(install) by extensions ['ignore', 'ignore_ament_install']
[0.775s] Level 1:colcon.colcon_core.package_identification:_identify(install) by extension 'ignore'
[0.775s] Level 1:colcon.colcon_core.package_identification:_identify(install) ignored
[0.775s] Level 1:colcon.colcon_core.package_identification:_identify(log) by extensions ['ignore', 'ignore_ament_install']
[0.776s] Level 1:colcon.colcon_core.package_identification:_identify(log) by extension 'ignore'
[0.776s] Level 1:colcon.colcon_core.package_identification:_identify(log) ignored
[0.776s] Level 1:colcon.colcon_core.package_identification:_identify(src) by extensions ['ignore', 'ignore_ament_install']
[0.776s] Level 1:colcon.colcon_core.package_identification:_identify(src) by extension 'ignore'
[0.776s] Level 1:colcon.colcon_core.package_identification:_identify(src) by extension 'ignore_ament_install'
[0.776s] Level 1:colcon.colcon_core.package_identification:_identify(src) by extensions ['colcon_pkg']
[0.776s] Level 1:colcon.colcon_core.package_identification:_identify(src) by extension 'colcon_pkg'
[0.776s] Level 1:colcon.colcon_core.package_identification:_identify(src) by extensions ['colcon_meta']
[0.776s] Level 1:colcon.colcon_core.package_identification:_identify(src) by extension 'colcon_meta'
[0.776s] Level 1:colcon.colcon_core.package_identification:_identify(src) by extensions ['ros']
[0.776s] Level 1:colcon.colcon_core.package_identification:_identify(src) by extension 'ros'
[0.776s] Level 1:colcon.colcon_core.package_identification:_identify(src) by extensions ['cmake', 'python']
[0.776s] Level 1:colcon.colcon_core.package_identification:_identify(src) by extension 'cmake'
[0.777s] Level 1:colcon.colcon_core.package_identification:_identify(src) by extension 'python'
[0.777s] Level 1:colcon.colcon_core.package_identification:_identify(src) by extensions ['python_setup_py']
[0.777s] Level 1:colcon.colcon_core.package_identification:_identify(src) by extension 'python_setup_py'
[0.777s] Level 1:colcon.colcon_core.package_identification:_identify(src/my_nvblox) by extensions ['ignore', 'ignore_ament_install']
[0.777s] Level 1:colcon.colcon_core.package_identification:_identify(src/my_nvblox) by extension 'ignore'
[0.777s] Level 1:colcon.colcon_core.package_identification:_identify(src/my_nvblox) by extension 'ignore_ament_install'
[0.777s] Level 1:colcon.colcon_core.package_identification:_identify(src/my_nvblox) by extensions ['colcon_pkg']
[0.777s] Level 1:colcon.colcon_core.package_identification:_identify(src/my_nvblox) by extension 'colcon_pkg'
[0.777s] Level 1:colcon.colcon_core.package_identification:_identify(src/my_nvblox) by extensions ['colcon_meta']
[0.777s] Level 1:colcon.colcon_core.package_identification:_identify(src/my_nvblox) by extension 'colcon_meta'
[0.777s] Level 1:colcon.colcon_core.package_identification:_identify(src/my_nvblox) by extensions ['ros']
[0.777s] Level 1:colcon.colcon_core.package_identification:_identify(src/my_nvblox) by extension 'ros'
[0.784s] DEBUG:colcon.colcon_core.package_identification:Package 'src/my_nvblox' with type 'ros.ament_cmake' and name 'my_nvblox'
[0.784s] Level 1:colcon.colcon_core.package_identification:_identify(src/nvblox) by extensions ['ignore', 'ignore_ament_install']
[0.784s] Level 1:colcon.colcon_core.package_identification:_identify(src/nvblox) by extension 'ignore'
[0.784s] Level 1:colcon.colcon_core.package_identification:_identify(src/nvblox) by extension 'ignore_ament_install'
[0.784s] Level 1:colcon.colcon_core.package_identification:_identify(src/nvblox) by extensions ['colcon_pkg']
[0.784s] Level 1:colcon.colcon_core.package_identification:_identify(src/nvblox) by extension 'colcon_pkg'
[0.785s] Level 1:colcon.colcon_core.package_identification:_identify(src/nvblox) by extensions ['colcon_meta']
[0.785s] Level 1:colcon.colcon_core.package_identification:_identify(src/nvblox) by extension 'colcon_meta'
[0.785s] Level 1:colcon.colcon_core.package_identification:_identify(src/nvblox) by extensions ['ros']
[0.785s] Level 1:colcon.colcon_core.package_identification:_identify(src/nvblox) by extension 'ros'
[0.785s] Level 1:colcon.colcon_core.package_identification:_identify(src/nvblox) by extensions ['cmake', 'python']
[0.785s] Level 1:colcon.colcon_core.package_identification:_identify(src/nvblox) by extension 'cmake'
[1.517s] Level 1:colcon.colcon_core.package_identification:_identify(src/nvblox) by extension 'python'
[1.517s] DEBUG:colcon.colcon_core.package_identification:Package 'src/nvblox' with type 'cmake' and name 'nvblox'
[1.517s] Level 1:colcon.colcon_core.package_identification:_identify(src/nvblox_realsenseD435) by extensions ['ignore', 'ignore_ament_install']
[1.518s] Level 1:colcon.colcon_core.package_identification:_identify(src/nvblox_realsenseD435) by extension 'ignore'
[1.518s] Level 1:colcon.colcon_core.package_identification:_identify(src/nvblox_realsenseD435) by extension 'ignore_ament_install'
[1.518s] Level 1:colcon.colcon_core.package_identification:_identify(src/nvblox_realsenseD435) by extensions ['colcon_pkg']
[1.518s] Level 1:colcon.colcon_core.package_identification:_identify(src/nvblox_realsenseD435) by extension 'colcon_pkg'
[1.518s] Level 1:colcon.colcon_core.package_identification:_identify(src/nvblox_realsenseD435) by extensions ['colcon_meta']
[1.518s] Level 1:colcon.colcon_core.package_identification:_identify(src/nvblox_realsenseD435) by extension 'colcon_meta'
[1.518s] Level 1:colcon.colcon_core.package_identification:_identify(src/nvblox_realsenseD435) by extensions ['ros']
[1.518s] Level 1:colcon.colcon_core.package_identification:_identify(src/nvblox_realsenseD435) by extension 'ros'
[1.518s] Level 1:colcon.colcon_core.package_identification:_identify(src/nvblox_realsenseD435) by extensions ['cmake', 'python']
[1.518s] Level 1:colcon.colcon_core.package_identification:_identify(src/nvblox_realsenseD435) by extension 'cmake'
[1.518s] Level 1:colcon.colcon_core.package_identification:_identify(src/nvblox_realsenseD435) by extension 'python'
[1.518s] Level 1:colcon.colcon_core.package_identification:_identify(src/nvblox_realsenseD435) by extensions ['python_setup_py']
[1.518s] Level 1:colcon.colcon_core.package_identification:_identify(src/nvblox_realsenseD435) by extension 'python_setup_py'
[1.519s] Level 1:colcon.colcon_core.package_identification:_identify(src/nvblox_realsenseD435/nvblox_D435i) by extensions ['ignore', 'ignore_ament_install']
[1.519s] Level 1:colcon.colcon_core.package_identification:_identify(src/nvblox_realsenseD435/nvblox_D435i) by extension 'ignore'
[1.519s] Level 1:colcon.colcon_core.package_identification:_identify(src/nvblox_realsenseD435/nvblox_D435i) by extension 'ignore_ament_install'
[1.519s] Level 1:colcon.colcon_core.package_identification:_identify(src/nvblox_realsenseD435/nvblox_D435i) by extensions ['colcon_pkg']
[1.519s] Level 1:colcon.colcon_core.package_identification:_identify(src/nvblox_realsenseD435/nvblox_D435i) by extension 'colcon_pkg'
[1.519s] Level 1:colcon.colcon_core.package_identification:_identify(src/nvblox_realsenseD435/nvblox_D435i) by extensions ['colcon_meta']
[1.519s] Level 1:colcon.colcon_core.package_identification:_identify(src/nvblox_realsenseD435/nvblox_D435i) by extension 'colcon_meta'
[1.519s] Level 1:colcon.colcon_core.package_identification:_identify(src/nvblox_realsenseD435/nvblox_D435i) by extensions ['ros']
[1.519s] Level 1:colcon.colcon_core.package_identification:_identify(src/nvblox_realsenseD435/nvblox_D435i) by extension 'ros'
[1.519s] Level 1:colcon.colcon_core.package_identification:_identify(src/nvblox_realsenseD435/nvblox_D435i) by extensions ['cmake', 'python']
[1.520s] Level 1:colcon.colcon_core.package_identification:_identify(src/nvblox_realsenseD435/nvblox_D435i) by extension 'cmake'
[1.520s] Level 1:colcon.colcon_core.package_identification:_identify(src/nvblox_realsenseD435/nvblox_D435i) by extension 'python'
[1.520s] Level 1:colcon.colcon_core.package_identification:_identify(src/nvblox_realsenseD435/nvblox_D435i) by extensions ['python_setup_py']
[1.520s] Level 1:colcon.colcon_core.package_identification:_identify(src/nvblox_realsenseD435/nvblox_D435i) by extension 'python_setup_py'
[1.520s] Level 1:colcon.colcon_core.package_identification:_identify(src/nvblox_realsenseD435/nvblox_D435i/__pycache__) by extensions ['ignore', 'ignore_ament_install']
[1.520s] Level 1:colcon.colcon_core.package_identification:_identify(src/nvblox_realsenseD435/nvblox_D435i/__pycache__) by extension 'ignore'
[1.520s] Level 1:colcon.colcon_core.package_identification:_identify(src/nvblox_realsenseD435/nvblox_D435i/__pycache__) by extension 'ignore_ament_install'
[1.520s] Level 1:colcon.colcon_core.package_identification:_identify(src/nvblox_realsenseD435/nvblox_D435i/__pycache__) by extensions ['colcon_pkg']
[1.520s] Level 1:colcon.colcon_core.package_identification:_identify(src/nvblox_realsenseD435/nvblox_D435i/__pycache__) by extension 'colcon_pkg'
[1.520s] Level 1:colcon.colcon_core.package_identification:_identify(src/nvblox_realsenseD435/nvblox_D435i/__pycache__) by extensions ['colcon_meta']
[1.520s] Level 1:colcon.colcon_core.package_identification:_identify(src/nvblox_realsenseD435/nvblox_D435i/__pycache__) by extension 'colcon_meta'
[1.521s] Level 1:colcon.colcon_core.package_identification:_identify(src/nvblox_realsenseD435/nvblox_D435i/__pycache__) by extensions ['ros']
[1.521s] Level 1:colcon.colcon_core.package_identification:_identify(src/nvblox_realsenseD435/nvblox_D435i/__pycache__) by extension 'ros'
[1.521s] Level 1:colcon.colcon_core.package_identification:_identify(src/nvblox_realsenseD435/nvblox_D435i/__pycache__) by extensions ['cmake', 'python']
[1.521s] Level 1:colcon.colcon_core.package_identification:_identify(src/nvblox_realsenseD435/nvblox_D435i/__pycache__) by extension 'cmake'
[1.521s] Level 1:colcon.colcon_core.package_identification:_identify(src/nvblox_realsenseD435/nvblox_D435i/__pycache__) by extension 'python'
[1.521s] Level 1:colcon.colcon_core.package_identification:_identify(src/nvblox_realsenseD435/nvblox_D435i/__pycache__) by extensions ['python_setup_py']
[1.521s] Level 1:colcon.colcon_core.package_identification:_identify(src/nvblox_realsenseD435/nvblox_D435i/__pycache__) by extension 'python_setup_py'
[1.521s] Level 1:colcon.colcon_core.package_identification:_identify(src/nvblox_realsenseD435/nvblox_D435i/launch) by extensions ['ignore', 'ignore_ament_install']
[1.521s] Level 1:colcon.colcon_core.package_identification:_identify(src/nvblox_realsenseD435/nvblox_D435i/launch) by extension 'ignore'
[1.521s] Level 1:colcon.colcon_core.package_identification:_identify(src/nvblox_realsenseD435/nvblox_D435i/launch) by extension 'ignore_ament_install'
[1.521s] Level 1:colcon.colcon_core.package_identification:_identify(src/nvblox_realsenseD435/nvblox_D435i/launch) by extensions ['colcon_pkg']
[1.521s] Level 1:colcon.colcon_core.package_identification:_identify(src/nvblox_realsenseD435/nvblox_D435i/launch) by extension 'colcon_pkg'
[1.522s] Level 1:colcon.colcon_core.package_identification:_identify(src/nvblox_realsenseD435/nvblox_D435i/launch) by extensions ['colcon_meta']
[1.522s] Level 1:colcon.colcon_core.package_identification:_identify(src/nvblox_realsenseD435/nvblox_D435i/launch) by extension 'colcon_meta'
[1.522s] Level 1:colcon.colcon_core.package_identification:_identify(src/nvblox_realsenseD435/nvblox_D435i/launch) by extensions ['ros']
[1.522s] Level 1:colcon.colcon_core.package_identification:_identify(src/nvblox_realsenseD435/nvblox_D435i/launch) by extension 'ros'
[1.522s] Level 1:colcon.colcon_core.package_identification:_identify(src/nvblox_realsenseD435/nvblox_D435i/launch) by extensions ['cmake', 'python']
[1.522s] Level 1:colcon.colcon_core.package_identification:_identify(src/nvblox_realsenseD435/nvblox_D435i/launch) by extension 'cmake'
[1.522s] Level 1:colcon.colcon_core.package_identification:_identify(src/nvblox_realsenseD435/nvblox_D435i/launch) by extension 'python'
[1.522s] Level 1:colcon.colcon_core.package_identification:_identify(src/nvblox_realsenseD435/nvblox_D435i/launch) by extensions ['python_setup_py']
[1.522s] Level 1:colcon.colcon_core.package_identification:_identify(src/nvblox_realsenseD435/nvblox_D435i/launch) by extension 'python_setup_py'
[1.522s] Level 1:colcon.colcon_core.package_identification:_identify(src/nvblox_realsenseD435/nvblox_D435i/launch/__pycache__) by extensions ['ignore', 'ignore_ament_install']
[1.522s] Level 1:colcon.colcon_core.package_identification:_identify(src/nvblox_realsenseD435/nvblox_D435i/launch/__pycache__) by extension 'ignore'
[1.523s] Level 1:colcon.colcon_core.package_identification:_identify(src/nvblox_realsenseD435/nvblox_D435i/launch/__pycache__) by extension 'ignore_ament_install'
[1.523s] Level 1:colcon.colcon_core.package_identification:_identify(src/nvblox_realsenseD435/nvblox_D435i/launch/__pycache__) by extensions ['colcon_pkg']
[1.523s] Level 1:colcon.colcon_core.package_identification:_identify(src/nvblox_realsenseD435/nvblox_D435i/launch/__pycache__) by extension 'colcon_pkg'
[1.523s] Level 1:colcon.colcon_core.package_identification:_identify(src/nvblox_realsenseD435/nvblox_D435i/launch/__pycache__) by extensions ['colcon_meta']
[1.523s] Level 1:colcon.colcon_core.package_identification:_identify(src/nvblox_realsenseD435/nvblox_D435i/launch/__pycache__) by extension 'colcon_meta'
[1.523s] Level 1:colcon.colcon_core.package_identification:_identify(src/nvblox_realsenseD435/nvblox_D435i/launch/__pycache__) by extensions ['ros']
[1.523s] Level 1:colcon.colcon_core.package_identification:_identify(src/nvblox_realsenseD435/nvblox_D435i/launch/__pycache__) by extension 'ros'
[1.523s] Level 1:colcon.colcon_core.package_identification:_identify(src/nvblox_realsenseD435/nvblox_D435i/launch/__pycache__) by extensions ['cmake', 'python']
[1.523s] Level 1:colcon.colcon_core.package_identification:_identify(src/nvblox_realsenseD435/nvblox_D435i/launch/__pycache__) by extension 'cmake'
[1.523s] Level 1:colcon.colcon_core.package_identification:_identify(src/nvblox_realsenseD435/nvblox_D435i/launch/__pycache__) by extension 'python'
[1.523s] Level 1:colcon.colcon_core.package_identification:_identify(src/nvblox_realsenseD435/nvblox_D435i/launch/__pycache__) by extensions ['python_setup_py']
[1.523s] Level 1:colcon.colcon_core.package_identification:_identify(src/nvblox_realsenseD435/nvblox_D435i/launch/__pycache__) by extension 'python_setup_py'
[1.523s] Level 1:colcon.colcon_core.package_identification:_identify(src/nvblox_realsenseD435/nvblox_D435i/result) by extensions ['ignore', 'ignore_ament_install']
[1.524s] Level 1:colcon.colcon_core.package_identification:_identify(src/nvblox_realsenseD435/nvblox_D435i/result) by extension 'ignore'
[1.524s] Level 1:colcon.colcon_core.package_identification:_identify(src/nvblox_realsenseD435/nvblox_D435i/result) by extension 'ignore_ament_install'
[1.524s] Level 1:colcon.colcon_core.package_identification:_identify(src/nvblox_realsenseD435/nvblox_D435i/result) by extensions ['colcon_pkg']
[1.524s] Level 1:colcon.colcon_core.package_identification:_identify(src/nvblox_realsenseD435/nvblox_D435i/result) by extension 'colcon_pkg'
[1.524s] Level 1:colcon.colcon_core.package_identification:_identify(src/nvblox_realsenseD435/nvblox_D435i/result) by extensions ['colcon_meta']
[1.524s] Level 1:colcon.colcon_core.package_identification:_identify(src/nvblox_realsenseD435/nvblox_D435i/result) by extension 'colcon_meta'
[1.524s] Level 1:colcon.colcon_core.package_identification:_identify(src/nvblox_realsenseD435/nvblox_D435i/result) by extensions ['ros']
[1.524s] Level 1:colcon.colcon_core.package_identification:_identify(src/nvblox_realsenseD435/nvblox_D435i/result) by extension 'ros'
[1.524s] Level 1:colcon.colcon_core.package_identification:_identify(src/nvblox_realsenseD435/nvblox_D435i/result) by extensions ['cmake', 'python']
[1.524s] Level 1:colcon.colcon_core.package_identification:_identify(src/nvblox_realsenseD435/nvblox_D435i/result) by extension 'cmake'
[1.524s] Level 1:colcon.colcon_core.package_identification:_identify(src/nvblox_realsenseD435/nvblox_D435i/result) by extension 'python'
[1.524s] Level 1:colcon.colcon_core.package_identification:_identify(src/nvblox_realsenseD435/nvblox_D435i/result) by extensions ['python_setup_py']
[1.524s] Level 1:colcon.colcon_core.package_identification:_identify(src/nvblox_realsenseD435/nvblox_D435i/result) by extension 'python_setup_py'
[1.525s] Level 1:colcon.colcon_core.package_identification:_identify(src/nvblox_realsenseD435/realsense_gazebo_plugin) by extensions ['ignore', 'ignore_ament_install']
[1.525s] Level 1:colcon.colcon_core.package_identification:_identify(src/nvblox_realsenseD435/realsense_gazebo_plugin) by extension 'ignore'
[1.525s] Level 1:colcon.colcon_core.package_identification:_identify(src/nvblox_realsenseD435/realsense_gazebo_plugin) by extension 'ignore_ament_install'
[1.525s] Level 1:colcon.colcon_core.package_identification:_identify(src/nvblox_realsenseD435/realsense_gazebo_plugin) by extensions ['colcon_pkg']
[1.525s] Level 1:colcon.colcon_core.package_identification:_identify(src/nvblox_realsenseD435/realsense_gazebo_plugin) by extension 'colcon_pkg'
[1.525s] Level 1:colcon.colcon_core.package_identification:_identify(src/nvblox_realsenseD435/realsense_gazebo_plugin) by extensions ['colcon_meta']
[1.525s] Level 1:colcon.colcon_core.package_identification:_identify(src/nvblox_realsenseD435/realsense_gazebo_plugin) by extension 'colcon_meta'
[1.525s] Level 1:colcon.colcon_core.package_identification:_identify(src/nvblox_realsenseD435/realsense_gazebo_plugin) by extensions ['ros']
[1.525s] Level 1:colcon.colcon_core.package_identification:_identify(src/nvblox_realsenseD435/realsense_gazebo_plugin) by extension 'ros'
[1.525s] Level 1:colcon.colcon_core.package_identification:_identify(src/nvblox_realsenseD435/realsense_gazebo_plugin) by extensions ['cmake', 'python']
[1.525s] Level 1:colcon.colcon_core.package_identification:_identify(src/nvblox_realsenseD435/realsense_gazebo_plugin) by extension 'cmake'
[1.525s] Level 1:colcon.colcon_core.package_identification:_identify(src/nvblox_realsenseD435/realsense_gazebo_plugin) by extension 'python'
[1.526s] Level 1:colcon.colcon_core.package_identification:_identify(src/nvblox_realsenseD435/realsense_gazebo_plugin) by extensions ['python_setup_py']
[1.526s] Level 1:colcon.colcon_core.package_identification:_identify(src/nvblox_realsenseD435/realsense_gazebo_plugin) by extension 'python_setup_py'
[1.526s] Level 1:colcon.colcon_core.package_identification:_identify(src/nvblox_realsenseD435/sim_gazebo_scene) by extensions ['ignore', 'ignore_ament_install']
[1.526s] Level 1:colcon.colcon_core.package_identification:_identify(src/nvblox_realsenseD435/sim_gazebo_scene) by extension 'ignore'
[1.526s] Level 1:colcon.colcon_core.package_identification:_identify(src/nvblox_realsenseD435/sim_gazebo_scene) by extension 'ignore_ament_install'
[1.526s] Level 1:colcon.colcon_core.package_identification:_identify(src/nvblox_realsenseD435/sim_gazebo_scene) by extensions ['colcon_pkg']
[1.526s] Level 1:colcon.colcon_core.package_identification:_identify(src/nvblox_realsenseD435/sim_gazebo_scene) by extension 'colcon_pkg'
[1.526s] Level 1:colcon.colcon_core.package_identification:_identify(src/nvblox_realsenseD435/sim_gazebo_scene) by extensions ['colcon_meta']
[1.526s] Level 1:colcon.colcon_core.package_identification:_identify(src/nvblox_realsenseD435/sim_gazebo_scene) by extension 'colcon_meta'
[1.526s] Level 1:colcon.colcon_core.package_identification:_identify(src/nvblox_realsenseD435/sim_gazebo_scene) by extensions ['ros']
[1.526s] Level 1:colcon.colcon_core.package_identification:_identify(src/nvblox_realsenseD435/sim_gazebo_scene) by extension 'ros'
[1.528s] DEBUG:colcon.colcon_core.package_identification:Package 'src/nvblox_realsenseD435/sim_gazebo_scene' with type 'ros.ament_python' and name 'sim_gazebo_scene'
[1.529s] Level 1:colcon.colcon_core.package_identification:_identify(src/nvblox_realsenseD435/sim_gazebo_scene_two_d435) by extensions ['ignore', 'ignore_ament_install']
[1.529s] Level 1:colcon.colcon_core.package_identification:_identify(src/nvblox_realsenseD435/sim_gazebo_scene_two_d435) by extension 'ignore'
[1.529s] Level 1:colcon.colcon_core.package_identification:_identify(src/nvblox_realsenseD435/sim_gazebo_scene_two_d435) by extension 'ignore_ament_install'
[1.529s] Level 1:colcon.colcon_core.package_identification:_identify(src/nvblox_realsenseD435/sim_gazebo_scene_two_d435) by extensions ['colcon_pkg']
[1.529s] Level 1:colcon.colcon_core.package_identification:_identify(src/nvblox_realsenseD435/sim_gazebo_scene_two_d435) by extension 'colcon_pkg'
[1.529s] Level 1:colcon.colcon_core.package_identification:_identify(src/nvblox_realsenseD435/sim_gazebo_scene_two_d435) by extensions ['colcon_meta']
[1.529s] Level 1:colcon.colcon_core.package_identification:_identify(src/nvblox_realsenseD435/sim_gazebo_scene_two_d435) by extension 'colcon_meta'
[1.529s] Level 1:colcon.colcon_core.package_identification:_identify(src/nvblox_realsenseD435/sim_gazebo_scene_two_d435) by extensions ['ros']
[1.529s] Level 1:colcon.colcon_core.package_identification:_identify(src/nvblox_realsenseD435/sim_gazebo_scene_two_d435) by extension 'ros'
[1.531s] DEBUG:colcon.colcon_core.package_identification:Package 'src/nvblox_realsenseD435/sim_gazebo_scene_two_d435' with type 'ros.ament_python' and name 'sim_gazebo_scene_two_d435'
[1.532s] Level 1:colcon.colcon_core.package_identification:_identify(src/nvblox_realsenseD435/sim_nvblox) by extensions ['ignore', 'ignore_ament_install']
[1.532s] Level 1:colcon.colcon_core.package_identification:_identify(src/nvblox_realsenseD435/sim_nvblox) by extension 'ignore'
[1.532s] Level 1:colcon.colcon_core.package_identification:_identify(src/nvblox_realsenseD435/sim_nvblox) by extension 'ignore_ament_install'
[1.532s] Level 1:colcon.colcon_core.package_identification:_identify(src/nvblox_realsenseD435/sim_nvblox) by extensions ['colcon_pkg']
[1.532s] Level 1:colcon.colcon_core.package_identification:_identify(src/nvblox_realsenseD435/sim_nvblox) by extension 'colcon_pkg'
[1.532s] Level 1:colcon.colcon_core.package_identification:_identify(src/nvblox_realsenseD435/sim_nvblox) by extensions ['colcon_meta']
[1.532s] Level 1:colcon.colcon_core.package_identification:_identify(src/nvblox_realsenseD435/sim_nvblox) by extension 'colcon_meta'
[1.532s] Level 1:colcon.colcon_core.package_identification:_identify(src/nvblox_realsenseD435/sim_nvblox) by extensions ['ros']
[1.532s] Level 1:colcon.colcon_core.package_identification:_identify(src/nvblox_realsenseD435/sim_nvblox) by extension 'ros'
[1.534s] DEBUG:colcon.colcon_core.package_identification:Package 'src/nvblox_realsenseD435/sim_nvblox' with type 'ros.ament_python' and name 'sim_nvblox'
[1.534s] Level 1:colcon.colcon_core.package_identification:_identify(src/nvblox_realsenseD435/sim_nvblox_two_d435) by extensions ['ignore', 'ignore_ament_install']
[1.534s] Level 1:colcon.colcon_core.package_identification:_identify(src/nvblox_realsenseD435/sim_nvblox_two_d435) by extension 'ignore'
[1.534s] Level 1:colcon.colcon_core.package_identification:_identify(src/nvblox_realsenseD435/sim_nvblox_two_d435) by extension 'ignore_ament_install'
[1.534s] Level 1:colcon.colcon_core.package_identification:_identify(src/nvblox_realsenseD435/sim_nvblox_two_d435) by extensions ['colcon_pkg']
[1.534s] Level 1:colcon.colcon_core.package_identification:_identify(src/nvblox_realsenseD435/sim_nvblox_two_d435) by extension 'colcon_pkg'
[1.534s] Level 1:colcon.colcon_core.package_identification:_identify(src/nvblox_realsenseD435/sim_nvblox_two_d435) by extensions ['colcon_meta']
[1.534s] Level 1:colcon.colcon_core.package_identification:_identify(src/nvblox_realsenseD435/sim_nvblox_two_d435) by extension 'colcon_meta'
[1.535s] Level 1:colcon.colcon_core.package_identification:_identify(src/nvblox_realsenseD435/sim_nvblox_two_d435) by extensions ['ros']
[1.535s] Level 1:colcon.colcon_core.package_identification:_identify(src/nvblox_realsenseD435/sim_nvblox_two_d435) by extension 'ros'
[1.536s] DEBUG:colcon.colcon_core.package_identification:Package 'src/nvblox_realsenseD435/sim_nvblox_two_d435' with type 'ros.ament_python' and name 'sim_nvblox_two_d435'
[1.536s] Level 1:colcon.colcon_core.package_discovery:discover_packages(recursive) using defaults
[1.536s] Level 1:colcon.colcon_core.package_discovery:discover_packages(ignore) discover
[1.537s] Level 1:colcon.colcon_core.package_discovery:discover_packages(ignore) using defaults
[1.537s] Level 1:colcon.colcon_core.package_discovery:discover_packages(path) discover
[1.537s] Level 1:colcon.colcon_core.package_discovery:discover_packages(path) using defaults
[1.581s] INFO:colcon.colcon_core.package_selection:Skipping not selected package 'nvblox' in 'src/nvblox'
[1.581s] INFO:colcon.colcon_core.package_selection:Skipping not selected package 'sim_gazebo_scene' in 'src/nvblox_realsenseD435/sim_gazebo_scene'
[1.581s] INFO:colcon.colcon_core.package_selection:Skipping not selected package 'sim_gazebo_scene_two_d435' in 'src/nvblox_realsenseD435/sim_gazebo_scene_two_d435'
[1.581s] INFO:colcon.colcon_core.package_selection:Skipping not selected package 'sim_nvblox' in 'src/nvblox_realsenseD435/sim_nvblox'
[1.582s] INFO:colcon.colcon_core.package_selection:Skipping not selected package 'sim_nvblox_two_d435' in 'src/nvblox_realsenseD435/sim_nvblox_two_d435'
[1.582s] Level 1:colcon.colcon_core.package_discovery:discover_packages(prefix_path) check parameters
[1.582s] Level 1:colcon.colcon_core.package_discovery:discover_packages(prefix_path) discover
[1.588s] DEBUG:colcon.colcon_installed_package_information.package_discovery:Found 9 installed packages in /home/czz/ros_pack/install
[1.589s] DEBUG:colcon.colcon_installed_package_information.package_discovery:Found 21 installed packages in /home/czz/workspaces/isaac_ros-dev/install
[1.593s] DEBUG:colcon.colcon_installed_package_information.package_discovery:Found 435 installed packages in /opt/ros/humble
[1.597s] Level 1:colcon.colcon_core.package_discovery:discover_packages(prefix_path) using defaults
[1.688s] Level 5:colcon.colcon_core.verb:set package 'my_nvblox' build argument 'cmake_args' from command line to 'None'
[1.688s] Level 5:colcon.colcon_core.verb:set package 'my_nvblox' build argument 'cmake_target' from command line to 'None'
[1.688s] Level 5:colcon.colcon_core.verb:set package 'my_nvblox' build argument 'cmake_target_skip_unavailable' from command line to 'False'
[1.688s] Level 5:colcon.colcon_core.verb:set package 'my_nvblox' build argument 'cmake_clean_cache' from command line to 'False'
[1.688s] Level 5:colcon.colcon_core.verb:set package 'my_nvblox' build argument 'cmake_clean_first' from command line to 'False'
[1.688s] Level 5:colcon.colcon_core.verb:set package 'my_nvblox' build argument 'cmake_force_configure' from command line to 'False'
[1.688s] Level 5:colcon.colcon_core.verb:set package 'my_nvblox' build argument 'ament_cmake_args' from command line to 'None'
[1.688s] Level 5:colcon.colcon_core.verb:set package 'my_nvblox' build argument 'catkin_cmake_args' from command line to 'None'
[1.688s] Level 5:colcon.colcon_core.verb:set package 'my_nvblox' build argument 'catkin_skip_building_tests' from command line to 'False'
[1.688s] DEBUG:colcon.colcon_core.verb:Building package 'my_nvblox' with the following arguments: {'ament_cmake_args': None, 'build_base': '/home/czz/nvblox_ws/build/my_nvblox', 'catkin_cmake_args': None, 'catkin_skip_building_tests': False, 'cmake_args': None, 'cmake_clean_cache': False, 'cmake_clean_first': False, 'cmake_force_configure': False, 'cmake_target': None, 'cmake_target_skip_unavailable': False, 'install_base': '/home/czz/nvblox_ws/install/my_nvblox', 'merge_install': False, 'path': '/home/czz/nvblox_ws/src/my_nvblox', 'symlink_install': True, 'test_result_base': None}
[1.689s] INFO:colcon.colcon_core.executor:Executing jobs using 'parallel' executor
[1.691s] DEBUG:colcon.colcon_parallel_executor.executor.parallel:run_until_complete
[1.691s] INFO:colcon.colcon_ros.task.ament_cmake.build:Building ROS package in '/home/czz/nvblox_ws/src/my_nvblox' with build type 'ament_cmake'
[1.691s] INFO:colcon.colcon_cmake.task.cmake.build:Building CMake package in '/home/czz/nvblox_ws/src/my_nvblox'
[1.696s] INFO:colcon.colcon_core.plugin_system:Skipping extension 'colcon_core.shell.bat': Not used on non-Windows systems
[1.696s] INFO:colcon.colcon_core.shell:Skip shell extension 'powershell' for command environment: Not usable outside of PowerShell
[1.697s] DEBUG:colcon.colcon_core.shell:Skip shell extension 'dsv' for command environment
[1.722s] DEBUG:colcon.colcon_core.event_handler.log_command:Invoking command in '/home/czz/nvblox_ws/build/my_nvblox': CMAKE_PREFIX_PATH=${CMAKE_PREFIX_PATH}:/home/czz/workspaces/isaac_ros-dev/install/nvblox_ros_python_utils:/home/czz/workspaces/isaac_ros-dev/install/isaac_ros_test:/home/czz/workspaces/isaac_ros-dev/install/isaac_ros_launch_utils:/opt/ros/humble /usr/bin/cmake --build /home/czz/nvblox_ws/build/my_nvblox -- -j20 -l20
[37.329s] DEBUG:colcon.colcon_core.event_handler.log_command:Invoked command in '/home/czz/nvblox_ws/build/my_nvblox' returned '0': CMAKE_PREFIX_PATH=${CMAKE_PREFIX_PATH}:/home/czz/workspaces/isaac_ros-dev/install/nvblox_ros_python_utils:/home/czz/workspaces/isaac_ros-dev/install/isaac_ros_test:/home/czz/workspaces/isaac_ros-dev/install/isaac_ros_launch_utils:/opt/ros/humble /usr/bin/cmake --build /home/czz/nvblox_ws/build/my_nvblox -- -j20 -l20
[37.350s] DEBUG:colcon.colcon_core.event_handler.log_command:Invoking command in '/home/czz/nvblox_ws/build/my_nvblox': CMAKE_PREFIX_PATH=${CMAKE_PREFIX_PATH}:/home/czz/workspaces/isaac_ros-dev/install/nvblox_ros_python_utils:/home/czz/workspaces/isaac_ros-dev/install/isaac_ros_test:/home/czz/workspaces/isaac_ros-dev/install/isaac_ros_launch_utils:/opt/ros/humble /usr/bin/cmake --install /home/czz/nvblox_ws/build/my_nvblox
[37.390s] Level 1:colcon.colcon_core.environment:create_environment_scripts_only(my_nvblox)
[37.392s] DEBUG:colcon.colcon_core.event_handler.log_command:Invoked command in '/home/czz/nvblox_ws/build/my_nvblox' returned '0': CMAKE_PREFIX_PATH=${CMAKE_PREFIX_PATH}:/home/czz/workspaces/isaac_ros-dev/install/nvblox_ros_python_utils:/home/czz/workspaces/isaac_ros-dev/install/isaac_ros_test:/home/czz/workspaces/isaac_ros-dev/install/isaac_ros_launch_utils:/opt/ros/humble /usr/bin/cmake --install /home/czz/nvblox_ws/build/my_nvblox
[37.397s] Level 1:colcon.colcon_core.environment:checking '/home/czz/nvblox_ws/install/my_nvblox' for CMake module files
[37.399s] Level 1:colcon.colcon_core.environment:checking '/home/czz/nvblox_ws/install/my_nvblox' for CMake config files
[37.399s] Level 1:colcon.colcon_core.shell:create_environment_hook('my_nvblox', 'cmake_prefix_path')
[37.400s] INFO:colcon.colcon_core.shell:Creating environment hook '/home/czz/nvblox_ws/install/my_nvblox/share/my_nvblox/hook/cmake_prefix_path.ps1'
[37.402s] INFO:colcon.colcon_core.shell:Creating environment descriptor '/home/czz/nvblox_ws/install/my_nvblox/share/my_nvblox/hook/cmake_prefix_path.dsv'
[37.402s] INFO:colcon.colcon_core.shell:Creating environment hook '/home/czz/nvblox_ws/install/my_nvblox/share/my_nvblox/hook/cmake_prefix_path.sh'
[37.404s] Level 1:colcon.colcon_core.environment:checking '/home/czz/nvblox_ws/install/my_nvblox/lib'
[37.404s] Level 1:colcon.colcon_core.environment:checking '/home/czz/nvblox_ws/install/my_nvblox/bin'
[37.404s] Level 1:colcon.colcon_core.environment:checking '/home/czz/nvblox_ws/install/my_nvblox/lib/pkgconfig/my_nvblox.pc'
[37.405s] Level 1:colcon.colcon_core.environment:checking '/home/czz/nvblox_ws/install/my_nvblox/lib/python3.10/site-packages'
[37.405s] Level 1:colcon.colcon_core.environment:checking '/home/czz/nvblox_ws/install/my_nvblox/bin'
[37.406s] INFO:colcon.colcon_core.shell:Creating package script '/home/czz/nvblox_ws/install/my_nvblox/share/my_nvblox/package.ps1'
[37.407s] INFO:colcon.colcon_core.shell:Creating package descriptor '/home/czz/nvblox_ws/install/my_nvblox/share/my_nvblox/package.dsv'
[37.408s] INFO:colcon.colcon_core.shell:Creating package script '/home/czz/nvblox_ws/install/my_nvblox/share/my_nvblox/package.sh'
[37.409s] INFO:colcon.colcon_core.shell:Creating package script '/home/czz/nvblox_ws/install/my_nvblox/share/my_nvblox/package.bash'
[37.410s] INFO:colcon.colcon_core.shell:Creating package script '/home/czz/nvblox_ws/install/my_nvblox/share/my_nvblox/package.zsh'
[37.411s] Level 1:colcon.colcon_core.environment:create_file_with_runtime_dependencies(/home/czz/nvblox_ws/install/my_nvblox/share/colcon-core/packages/my_nvblox)
[37.412s] Level 1:colcon.colcon_core.environment:create_environment_scripts_only(my_nvblox)
[37.413s] Level 1:colcon.colcon_core.environment:checking '/home/czz/nvblox_ws/install/my_nvblox' for CMake module files
[37.413s] Level 1:colcon.colcon_core.environment:checking '/home/czz/nvblox_ws/install/my_nvblox' for CMake config files
[37.414s] Level 1:colcon.colcon_core.shell:create_environment_hook('my_nvblox', 'cmake_prefix_path')
[37.414s] INFO:colcon.colcon_core.shell:Creating environment hook '/home/czz/nvblox_ws/install/my_nvblox/share/my_nvblox/hook/cmake_prefix_path.ps1'
[37.415s] INFO:colcon.colcon_core.shell:Creating environment descriptor '/home/czz/nvblox_ws/install/my_nvblox/share/my_nvblox/hook/cmake_prefix_path.dsv'
[37.415s] INFO:colcon.colcon_core.shell:Creating environment hook '/home/czz/nvblox_ws/install/my_nvblox/share/my_nvblox/hook/cmake_prefix_path.sh'
[37.416s] Level 1:colcon.colcon_core.environment:checking '/home/czz/nvblox_ws/install/my_nvblox/lib'
[37.416s] Level 1:colcon.colcon_core.environment:checking '/home/czz/nvblox_ws/install/my_nvblox/bin'
[37.416s] Level 1:colcon.colcon_core.environment:checking '/home/czz/nvblox_ws/install/my_nvblox/lib/pkgconfig/my_nvblox.pc'
[37.417s] Level 1:colcon.colcon_core.environment:checking '/home/czz/nvblox_ws/install/my_nvblox/lib/python3.10/site-packages'
[37.417s] Level 1:colcon.colcon_core.environment:checking '/home/czz/nvblox_ws/install/my_nvblox/bin'
[37.418s] INFO:colcon.colcon_core.shell:Creating package script '/home/czz/nvblox_ws/install/my_nvblox/share/my_nvblox/package.ps1'
[37.418s] INFO:colcon.colcon_core.shell:Creating package descriptor '/home/czz/nvblox_ws/install/my_nvblox/share/my_nvblox/package.dsv'
[37.419s] INFO:colcon.colcon_core.shell:Creating package script '/home/czz/nvblox_ws/install/my_nvblox/share/my_nvblox/package.sh'
[37.420s] INFO:colcon.colcon_core.shell:Creating package script '/home/czz/nvblox_ws/install/my_nvblox/share/my_nvblox/package.bash'
[37.420s] INFO:colcon.colcon_core.shell:Creating package script '/home/czz/nvblox_ws/install/my_nvblox/share/my_nvblox/package.zsh'
[37.421s] Level 1:colcon.colcon_core.environment:create_file_with_runtime_dependencies(/home/czz/nvblox_ws/install/my_nvblox/share/colcon-core/packages/my_nvblox)
[37.421s] DEBUG:colcon.colcon_parallel_executor.executor.parallel:closing loop
[37.421s] DEBUG:colcon.colcon_parallel_executor.executor.parallel:loop closed
[37.422s] DEBUG:colcon.colcon_parallel_executor.executor.parallel:run_until_complete finished with '0'
[37.422s] DEBUG:colcon.colcon_core.event_reactor:joining thread
[37.431s] INFO:colcon.colcon_core.plugin_system:Skipping extension 'colcon_notification.desktop_notification.terminal_notifier': Not used on non-Darwin systems
[37.431s] INFO:colcon.colcon_core.plugin_system:Skipping extension 'colcon_notification.desktop_notification.win32': Not used on non-Windows systems
[37.431s] INFO:colcon.colcon_notification.desktop_notification:Sending desktop notification using 'notify2'
[37.448s] DEBUG:colcon.colcon_core.event_reactor:joined thread
[37.448s] INFO:colcon.colcon_core.shell:Creating prefix script '/home/czz/nvblox_ws/install/local_setup.ps1'
[37.450s] INFO:colcon.colcon_core.shell:Creating prefix util module '/home/czz/nvblox_ws/install/_local_setup_util_ps1.py'
[37.452s] INFO:colcon.colcon_core.shell:Creating prefix chain script '/home/czz/nvblox_ws/install/setup.ps1'
[37.455s] INFO:colcon.colcon_core.shell:Creating prefix script '/home/czz/nvblox_ws/install/local_setup.sh'
[37.457s] INFO:colcon.colcon_core.shell:Creating prefix util module '/home/czz/nvblox_ws/install/_local_setup_util_sh.py'
[37.458s] INFO:colcon.colcon_core.shell:Creating prefix chain script '/home/czz/nvblox_ws/install/setup.sh'
[37.461s] INFO:colcon.colcon_core.shell:Creating prefix script '/home/czz/nvblox_ws/install/local_setup.bash'
[37.462s] INFO:colcon.colcon_core.shell:Creating prefix chain script '/home/czz/nvblox_ws/install/setup.bash'
[37.465s] INFO:colcon.colcon_core.shell:Creating prefix script '/home/czz/nvblox_ws/install/local_setup.zsh'
[37.466s] INFO:colcon.colcon_core.shell:Creating prefix chain script '/home/czz/nvblox_ws/install/setup.zsh'
