[0.008s] Invoking command in '/home/czz/nvblox_ws/build/my_nvblox': CMAKE_PREFIX_PATH=${CMAKE_PREFIX_PATH}:/home/czz/workspaces/isaac_ros-dev/install/nvblox_ros_python_utils:/home/czz/workspaces/isaac_ros-dev/install/isaac_ros_test:/home/czz/workspaces/isaac_ros-dev/install/isaac_ros_launch_utils:/opt/ros/humble /usr/bin/cmake /home/czz/nvblox_ws/src/my_nvblox -DCMAKE_INSTALL_PREFIX=/home/czz/nvblox_ws/install/my_nvblox
[0.081s] -- The CXX compiler identification is GNU 11.4.0
[0.148s] -- The C compiler identification is GNU 11.4.0
[0.837s] -- The CUDA compiler identification is NVIDIA 12.6.20
[0.842s] -- Detecting CXX compiler ABI info
[0.904s] -- Detecting CXX compiler ABI info - done
[0.911s] -- Check for working CXX compiler: /usr/bin/c++ - skipped
[0.912s] -- Detecting CXX compile features
[0.912s] -- Detecting CXX compile features - done
[0.914s] -- Detecting C compiler ABI info
[0.970s] -- Detecting C compiler ABI info - done
[0.975s] -- Check for working C compiler: /usr/bin/cc - skipped
[0.975s] -- Detecting C compile features
[0.975s] -- Detecting C compile features - done
[0.977s] -- Detecting CUDA compiler ABI info
[1.456s] -- Detecting CUDA compiler ABI info - done
[1.472s] -- Check for working CUDA compiler: /usr/local/cuda/bin/nvcc - skipped
[1.473s] -- Detecting CUDA compile features
[1.473s] -- Detecting CUDA compile features - done
[1.479s] -- Found ament_cmake: 1.3.12 (/opt/ros/humble/share/ament_cmake/cmake)
[1.898s] -- Found Python3: /usr/bin/python3 (found version "3.10.12") found components: Interpreter 
[1.985s] -- Found rclcpp: 16.0.16 (/opt/ros/humble/share/rclcpp/cmake)
[2.028s] -- Found rosidl_generator_c: 3.1.7 (/opt/ros/humble/share/rosidl_generator_c/cmake)
[2.034s] -- Found rosidl_adapter: 3.1.7 (/opt/ros/humble/share/rosidl_adapter/cmake)
[2.041s] -- Found rosidl_generator_cpp: 3.1.7 (/opt/ros/humble/share/rosidl_generator_cpp/cmake)
[2.052s] -- Using all available rosidl_typesupport_c: rosidl_typesupport_fastrtps_c;rosidl_typesupport_introspection_c
[2.068s] -- Using all available rosidl_typesupport_cpp: rosidl_typesupport_fastrtps_cpp;rosidl_typesupport_introspection_cpp
[2.108s] -- Found rmw_implementation_cmake: 6.1.2 (/opt/ros/humble/share/rmw_implementation_cmake/cmake)
[2.112s] -- Found rmw_fastrtps_cpp: 6.2.9 (/opt/ros/humble/share/rmw_fastrtps_cpp/cmake)
[2.208s] -- Found OpenSSL: /usr/lib/x86_64-linux-gnu/libcrypto.so (found version "3.0.2")  
[2.229s] -- Found FastRTPS: /opt/ros/humble/include  
[2.260s] -- Using RMW implementation 'rmw_fastrtps_cpp' as default
[2.272s] -- Looking for pthread.h
[2.335s] -- Looking for pthread.h - found
[2.335s] -- Performing Test CMAKE_HAVE_LIBC_PTHREAD
[2.393s] -- Performing Test CMAKE_HAVE_LIBC_PTHREAD - Success
[2.393s] -- Found Threads: TRUE  
[2.436s] -- Found sensor_msgs: 4.9.0 (/opt/ros/humble/share/sensor_msgs/cmake)
[2.458s] -- Found tf2: 0.25.17 (/opt/ros/humble/share/tf2/cmake)
[2.467s] -- Found tf2_ros: 0.25.17 (/opt/ros/humble/share/tf2_ros/cmake)
[2.531s] -- Found tf2_geometry_msgs: 0.25.17 (/opt/ros/humble/share/tf2_geometry_msgs/cmake)
[2.546s] -- Found eigen3_cmake_module: 0.1.1 (/opt/ros/humble/share/eigen3_cmake_module/cmake)
[2.547s] -- Found Eigen3: TRUE (found version "3.4.0") 
[2.547s] -- Ensuring Eigen3 include directory is part of orocos-kdl CMake target
[2.550s] -- Found cv_bridge: 3.2.1 (/opt/ros/humble/share/cv_bridge/cmake)
[2.560s] -- Found visualization_msgs: 4.9.0 (/opt/ros/humble/share/visualization_msgs/cmake)
[2.572s] -- Found CUDAToolkit: /usr/local/cuda/include (found version "12.6.20") 
[2.628s] -- Found Unwind: /usr/include/x86_64-linux-gnu (found suitable version "1.3.2", minimum required is "1.3.2") 
[2.694s] -- Configuring done
[2.701s] -- Generating done
[2.703s] -- Build files have been written to: /home/czz/nvblox_ws/build/my_nvblox
[2.710s] Invoked command in '/home/czz/nvblox_ws/build/my_nvblox' returned '0': CMAKE_PREFIX_PATH=${CMAKE_PREFIX_PATH}:/home/czz/workspaces/isaac_ros-dev/install/nvblox_ros_python_utils:/home/czz/workspaces/isaac_ros-dev/install/isaac_ros_test:/home/czz/workspaces/isaac_ros-dev/install/isaac_ros_launch_utils:/opt/ros/humble /usr/bin/cmake /home/czz/nvblox_ws/src/my_nvblox -DCMAKE_INSTALL_PREFIX=/home/czz/nvblox_ws/install/my_nvblox
[2.712s] Invoking command in '/home/czz/nvblox_ws/build/my_nvblox': CMAKE_PREFIX_PATH=${CMAKE_PREFIX_PATH}:/home/czz/workspaces/isaac_ros-dev/install/nvblox_ros_python_utils:/home/czz/workspaces/isaac_ros-dev/install/isaac_ros_test:/home/czz/workspaces/isaac_ros-dev/install/isaac_ros_launch_utils:/opt/ros/humble /usr/bin/cmake --build /home/czz/nvblox_ws/build/my_nvblox -- -j20 -l20
[2.756s] [ 50%] [32mBuilding CXX object CMakeFiles/mapper_node.dir/src/mapper_node.cpp.o[0m
[5.702s] [01m[K/home/czz/nvblox_ws/src/my_nvblox/src/mapper_node.cpp:[m[K In member function ‘[01m[Kvoid MyNvbloxNode::publishMesh()[m[K’:
[5.703s] [01m[K/home/czz/nvblox_ws/src/my_nvblox/src/mapper_node.cpp:285:49:[m[K [01;31m[Kerror: [m[K‘[01m[Kconst class nvblox::unified_vector<Eigen::Matrix<float, 3, 1> >[m[K’ has no member named ‘[01m[KtoVector[m[K’
[5.703s]   285 |             auto vertices = block_ptr->vertices.[01;31m[KtoVector[m[K();
[5.703s]       |                                                 [01;31m[K^~~~~~~~[m[K
[5.703s] [01m[K/home/czz/nvblox_ws/src/my_nvblox/src/mapper_node.cpp:286:51:[m[K [01;31m[Kerror: [m[K‘[01m[Kconst class nvblox::unified_vector<int>[m[K’ has no member named ‘[01m[KtoVector[m[K’
[5.703s]   286 |             auto triangles = block_ptr->triangles.[01;31m[KtoVector[m[K();
[5.703s]       |                                                   [01;31m[K^~~~~~~~[m[K
[5.704s] [01m[K/home/czz/nvblox_ws/src/my_nvblox/src/mapper_node.cpp:297:18:[m[K [01;35m[Kwarning: [m[Kunused variable ‘[01m[Khas_colors[m[K’ [[01;35m[K]8;;https://gcc.gnu.org/onlinedocs/gcc/Warning-Options.html#index-Wunused-variable-Wunused-variable]8;;[m[K]
[5.704s]   297 |             bool [01;35m[Khas_colors[m[K = false;
[5.704s]       |                  [01;35m[K^~~~~~~~~~[m[K
[9.272s] gmake[2]: *** [CMakeFiles/mapper_node.dir/build.make:76：CMakeFiles/mapper_node.dir/src/mapper_node.cpp.o] 错误 1
[9.272s] gmake[1]: *** [CMakeFiles/Makefile2:137：CMakeFiles/mapper_node.dir/all] 错误 2
[9.272s] gmake: *** [Makefile:146：all] 错误 2
[9.273s] Invoked command in '/home/czz/nvblox_ws/build/my_nvblox' returned '2': CMAKE_PREFIX_PATH=${CMAKE_PREFIX_PATH}:/home/czz/workspaces/isaac_ros-dev/install/nvblox_ros_python_utils:/home/czz/workspaces/isaac_ros-dev/install/isaac_ros_test:/home/czz/workspaces/isaac_ros-dev/install/isaac_ros_launch_utils:/opt/ros/humble /usr/bin/cmake --build /home/czz/nvblox_ws/build/my_nvblox -- -j20 -l20
