[0.013s] Invoking command in '/home/czz/nvblox_ws/build/my_nvblox': CMAKE_PREFIX_PATH=${CMAKE_PREFIX_PATH}:/home/czz/workspaces/isaac_ros-dev/install/nvblox_ros_python_utils:/home/czz/workspaces/isaac_ros-dev/install/isaac_ros_test:/home/czz/workspaces/isaac_ros-dev/install/isaac_ros_launch_utils:/opt/ros/humble /usr/bin/cmake /home/czz/nvblox_ws/src/my_nvblox -DAMENT_CMAKE_SYMLINK_INSTALL=1 -DCMAKE_INSTALL_PREFIX=/home/czz/nvblox_ws/install/my_nvblox
[0.058s] -- The C compiler identification is GNU 11.4.0
[0.098s] -- The CXX compiler identification is GNU 11.4.0
[0.104s] -- Detecting C compiler ABI info
[0.164s] -- Detecting C compiler ABI info - done
[0.171s] -- Check for working C compiler: /usr/bin/cc - skipped
[0.171s] -- Detecting C compile features
[0.172s] -- Detecting C compile features - done
[0.174s] -- Detecting CXX compiler ABI info
[0.239s] -- Detecting CXX compiler ABI info - done
[0.243s] -- Check for working CXX compiler: /usr/bin/c++ - skipped
[0.244s] -- Detecting CXX compile features
[0.244s] -- Detecting CXX compile features - done
[0.247s] -- Found ament_cmake: 1.3.12 (/opt/ros/humble/share/ament_cmake/cmake)
[0.734s] -- Found Python3: /usr/bin/python3 (found version "3.10.12") found components: Interpreter 
[0.781s] -- Override CMake install command with custom implementation using symlinks instead of copying resources
[0.824s] -- Found rclcpp: 16.0.16 (/opt/ros/humble/share/rclcpp/cmake)
[0.868s] -- Found rosidl_generator_c: 3.1.7 (/opt/ros/humble/share/rosidl_generator_c/cmake)
[0.874s] -- Found rosidl_adapter: 3.1.7 (/opt/ros/humble/share/rosidl_adapter/cmake)
[0.881s] -- Found rosidl_generator_cpp: 3.1.7 (/opt/ros/humble/share/rosidl_generator_cpp/cmake)
[0.892s] -- Using all available rosidl_typesupport_c: rosidl_typesupport_fastrtps_c;rosidl_typesupport_introspection_c
[0.907s] -- Using all available rosidl_typesupport_cpp: rosidl_typesupport_fastrtps_cpp;rosidl_typesupport_introspection_cpp
[0.949s] -- Found rmw_implementation_cmake: 6.1.2 (/opt/ros/humble/share/rmw_implementation_cmake/cmake)
[0.953s] -- Found rmw_fastrtps_cpp: 6.2.9 (/opt/ros/humble/share/rmw_fastrtps_cpp/cmake)
[1.037s] -- Found OpenSSL: /usr/lib/x86_64-linux-gnu/libcrypto.so (found version "3.0.2")  
[1.058s] -- Found FastRTPS: /opt/ros/humble/include  
[1.094s] -- Using RMW implementation 'rmw_fastrtps_cpp' as default
[1.104s] -- Looking for pthread.h
[1.172s] -- Looking for pthread.h - found
[1.172s] -- Performing Test CMAKE_HAVE_LIBC_PTHREAD
[1.237s] -- Performing Test CMAKE_HAVE_LIBC_PTHREAD - Success
[1.238s] -- Found Threads: TRUE  
[1.286s] -- Found sensor_msgs: 4.9.0 (/opt/ros/humble/share/sensor_msgs/cmake)
[1.307s] -- Found visualization_msgs: 4.9.0 (/opt/ros/humble/share/visualization_msgs/cmake)
[1.320s] -- Found tf2: 0.25.17 (/opt/ros/humble/share/tf2/cmake)
[1.330s] -- Found tf2_ros: 0.25.17 (/opt/ros/humble/share/tf2_ros/cmake)
[1.398s] -- Found tf2_eigen: 0.25.17 (/opt/ros/humble/share/tf2_eigen/cmake)
[1.407s] -- Found cv_bridge: 3.2.1 (/opt/ros/humble/share/cv_bridge/cmake)
[1.417s] -- Found image_transport: 3.1.12 (/opt/ros/humble/share/image_transport/cmake)
[1.445s] -- Found Unwind: /usr/include/x86_64-linux-gnu (found suitable version "1.3.2", minimum required is "1.3.2") 
[1.450s] -- Found OpenCV: /usr (found version "4.5.4") 
[1.465s] -- Found CUDAToolkit: /usr/local/cuda/include (found version "12.6.20") 
[1.522s] -- Found ament_lint_auto: 0.12.14 (/opt/ros/humble/share/ament_lint_auto/cmake)
[1.607s] -- Added test 'cppcheck' to perform static code analysis on C / C++ code
[1.607s] -- Configured cppcheck include dirs: /home/czz/nvblox_ws/src/my_nvblox/include;$<BUILD_INTERFACE:/home/czz/nvblox_ws/src/my_nvblox/include>
[1.607s] -- Configured cppcheck exclude dirs and/or files: 
[1.607s] -- Added test 'flake8' to check Python code syntax and style conventions
[1.608s] -- Added test 'lint_cmake' to check CMake code style
[1.608s] -- Added test 'pep257' to check Python code against some of the docstring style conventions in PEP 257
[1.609s] -- Added test 'uncrustify' to check C / C++ code style
[1.609s] -- Configured uncrustify additional arguments: 
[1.609s] -- Added test 'xmllint' to check XML markup files
[1.611s] -- Configuring done
[1.624s] -- Generating done
[1.627s] -- Build files have been written to: /home/czz/nvblox_ws/build/my_nvblox
[1.635s] Invoked command in '/home/czz/nvblox_ws/build/my_nvblox' returned '0': CMAKE_PREFIX_PATH=${CMAKE_PREFIX_PATH}:/home/czz/workspaces/isaac_ros-dev/install/nvblox_ros_python_utils:/home/czz/workspaces/isaac_ros-dev/install/isaac_ros_test:/home/czz/workspaces/isaac_ros-dev/install/isaac_ros_launch_utils:/opt/ros/humble /usr/bin/cmake /home/czz/nvblox_ws/src/my_nvblox -DAMENT_CMAKE_SYMLINK_INSTALL=1 -DCMAKE_INSTALL_PREFIX=/home/czz/nvblox_ws/install/my_nvblox
[1.637s] Invoking command in '/home/czz/nvblox_ws/build/my_nvblox': CMAKE_PREFIX_PATH=${CMAKE_PREFIX_PATH}:/home/czz/workspaces/isaac_ros-dev/install/nvblox_ros_python_utils:/home/czz/workspaces/isaac_ros-dev/install/isaac_ros_test:/home/czz/workspaces/isaac_ros-dev/install/isaac_ros_launch_utils:/opt/ros/humble /usr/bin/cmake --build /home/czz/nvblox_ws/build/my_nvblox -- -j20 -l20
[1.691s] [ 25%] [32mBuilding CXX object CMakeFiles/nvblox_node.dir/src/esdf_publisher.cpp.o[0m
[1.691s] [ 75%] [32mBuilding CXX object CMakeFiles/nvblox_node.dir/src/mesh_publisher.cpp.o[0m
[1.691s] [ 75%] [32mBuilding CXX object CMakeFiles/nvblox_node.dir/src/nvblox_node.cpp.o[0m
[13.808s] [100%] [32m[1mLinking CXX executable nvblox_node[0m
[14.686s] [100%] Built target nvblox_node
[14.695s] Invoked command in '/home/czz/nvblox_ws/build/my_nvblox' returned '0': CMAKE_PREFIX_PATH=${CMAKE_PREFIX_PATH}:/home/czz/workspaces/isaac_ros-dev/install/nvblox_ros_python_utils:/home/czz/workspaces/isaac_ros-dev/install/isaac_ros_test:/home/czz/workspaces/isaac_ros-dev/install/isaac_ros_launch_utils:/opt/ros/humble /usr/bin/cmake --build /home/czz/nvblox_ws/build/my_nvblox -- -j20 -l20
[14.703s] Invoking command in '/home/czz/nvblox_ws/build/my_nvblox': CMAKE_PREFIX_PATH=${CMAKE_PREFIX_PATH}:/home/czz/workspaces/isaac_ros-dev/install/nvblox_ros_python_utils:/home/czz/workspaces/isaac_ros-dev/install/isaac_ros_test:/home/czz/workspaces/isaac_ros-dev/install/isaac_ros_launch_utils:/opt/ros/humble /usr/bin/cmake --install /home/czz/nvblox_ws/build/my_nvblox
[14.711s] -- Install configuration: ""
[14.711s] -- Execute custom install script
[14.711s] -- Symlinking: /home/czz/nvblox_ws/install/my_nvblox/lib/my_nvblox/nvblox_node
[14.718s] -- Symlinking: /home/czz/nvblox_ws/install/my_nvblox/include/my_nvblox/esdf_publisher.hpp
[14.725s] -- Symlinking: /home/czz/nvblox_ws/install/my_nvblox/include/my_nvblox/mesh_publisher.hpp
[14.732s] -- Symlinking: /home/czz/nvblox_ws/install/my_nvblox/include/my_nvblox/nvblox_node.hpp
[14.740s] -- Symlinking: /home/czz/nvblox_ws/install/my_nvblox/share/my_nvblox/my_nvblox_bringup.launch.py
[14.749s] -- Symlinking: /home/czz/nvblox_ws/install/my_nvblox/share/ament_index/resource_index/package_run_dependencies/my_nvblox
[14.757s] -- Symlinking: /home/czz/nvblox_ws/install/my_nvblox/share/ament_index/resource_index/parent_prefix_path/my_nvblox
[14.763s] -- Symlinking: /home/czz/nvblox_ws/install/my_nvblox/share/my_nvblox/environment/ament_prefix_path.sh
[14.770s] -- Symlinking: /home/czz/nvblox_ws/install/my_nvblox/share/my_nvblox/environment/ament_prefix_path.dsv
[14.780s] -- Symlinking: /home/czz/nvblox_ws/install/my_nvblox/share/my_nvblox/environment/path.sh
[14.789s] -- Symlinking: /home/czz/nvblox_ws/install/my_nvblox/share/my_nvblox/environment/path.dsv
[14.798s] -- Symlinking: /home/czz/nvblox_ws/install/my_nvblox/share/my_nvblox/local_setup.bash
[14.808s] -- Symlinking: /home/czz/nvblox_ws/install/my_nvblox/share/my_nvblox/local_setup.sh
[14.815s] -- Symlinking: /home/czz/nvblox_ws/install/my_nvblox/share/my_nvblox/local_setup.zsh
[14.822s] -- Symlinking: /home/czz/nvblox_ws/install/my_nvblox/share/my_nvblox/local_setup.dsv
[14.831s] -- Symlinking: /home/czz/nvblox_ws/install/my_nvblox/share/my_nvblox/package.dsv
[14.837s] -- Symlinking: /home/czz/nvblox_ws/install/my_nvblox/share/ament_index/resource_index/packages/my_nvblox
[14.844s] -- Symlinking: /home/czz/nvblox_ws/install/my_nvblox/share/my_nvblox/cmake/my_nvbloxConfig.cmake
[14.854s] -- Symlinking: /home/czz/nvblox_ws/install/my_nvblox/share/my_nvblox/cmake/my_nvbloxConfig-version.cmake
[14.863s] -- Symlinking: /home/czz/nvblox_ws/install/my_nvblox/share/my_nvblox/package.xml
[14.874s] Invoked command in '/home/czz/nvblox_ws/build/my_nvblox' returned '0': CMAKE_PREFIX_PATH=${CMAKE_PREFIX_PATH}:/home/czz/workspaces/isaac_ros-dev/install/nvblox_ros_python_utils:/home/czz/workspaces/isaac_ros-dev/install/isaac_ros_test:/home/czz/workspaces/isaac_ros-dev/install/isaac_ros_launch_utils:/opt/ros/humble /usr/bin/cmake --install /home/czz/nvblox_ws/build/my_nvblox
