[0.012s] Invoking command in '/home/czz/nvblox_ws/build/my_nvblox': CMAKE_PREFIX_PATH=${CMAKE_PREFIX_PATH}:/home/czz/workspaces/isaac_ros-dev/install/nvblox_ros_python_utils:/home/czz/workspaces/isaac_ros-dev/install/isaac_ros_test:/home/czz/workspaces/isaac_ros-dev/install/isaac_ros_launch_utils:/opt/ros/humble /usr/bin/cmake /home/czz/nvblox_ws/src/my_nvblox -DCMAKE_INSTALL_PREFIX=/home/czz/nvblox_ws/install/my_nvblox
[0.023s] -- Found ament_cmake: 1.3.12 (/opt/ros/humble/share/ament_cmake/cmake)
[0.113s] -- Override CMake install command with custom implementation using symlinks instead of copying resources
[0.127s] -- Found tf2: 0.25.17 (/opt/ros/humble/share/tf2/cmake)
[0.156s] -- Found rosidl_generator_c: 3.1.7 (/opt/ros/humble/share/rosidl_generator_c/cmake)
[0.160s] -- Found rosidl_adapter: 3.1.7 (/opt/ros/humble/share/rosidl_adapter/cmake)
[0.166s] -- Found rosidl_generator_cpp: 3.1.7 (/opt/ros/humble/share/rosidl_generator_cpp/cmake)
[0.180s] -- Using all available rosidl_typesupport_c: rosidl_typesupport_fastrtps_c;rosidl_typesupport_introspection_c
[0.192s] -- Using all available rosidl_typesupport_cpp: rosidl_typesupport_fastrtps_cpp;rosidl_typesupport_introspection_cpp
[0.222s] -- Found rclcpp: 16.0.16 (/opt/ros/humble/share/rclcpp/cmake)
[0.249s] -- Found rmw_implementation_cmake: 6.1.2 (/opt/ros/humble/share/rmw_implementation_cmake/cmake)
[0.251s] -- Found rmw_fastrtps_cpp: 6.2.9 (/opt/ros/humble/share/rmw_fastrtps_cpp/cmake)
[0.333s] -- Using RMW implementation 'rmw_fastrtps_cpp' as default
[0.366s] -- Found sensor_msgs: 4.9.0 (/opt/ros/humble/share/sensor_msgs/cmake)
[0.378s] -- Found tf2_ros: 0.25.17 (/opt/ros/humble/share/tf2_ros/cmake)
[0.441s] -- Found tf2_eigen: 0.25.17 (/opt/ros/humble/share/tf2_eigen/cmake)
[0.445s] -- Found ament_lint_auto: 0.12.14 (/opt/ros/humble/share/ament_lint_auto/cmake)
[1.031s] -- The CUDA compiler identification is NVIDIA 12.6.20
[1.034s] -- Detecting CUDA compiler ABI info
[1.535s] -- Detecting CUDA compiler ABI info - done
[1.551s] -- Check for working CUDA compiler: /usr/local/cuda/bin/nvcc - skipped
[1.551s] -- Detecting CUDA compile features
[1.551s] -- Detecting CUDA compile features - done
[1.551s] -- Detecting CCs of GPUs : /home/czz/nvblox_ws/src/nvblox/cmake/cuda/compute_capability.cpp
[1.847s] CMake Error at /home/czz/nvblox_ws/src/nvblox/cmake/cuda/setup_compute_capability.cmake:38 (message):
[1.847s]   ERROR: Detecting CCs of GPUs :
[1.847s]   /home/czz/nvblox_ws/src/nvblox/cmake/cuda/compute_capability.cpp - No
[1.848s]   CUDA-capable GPU found.  Use CMAKE_CUDA_ARCHITECTURES=XY to set target
[1.848s]   architecture
[1.848s] Call Stack (most recent call first):
[1.848s]   /home/czz/nvblox_ws/src/nvblox/CMakeLists.txt:42 (include)
[1.848s] 
[1.848s] 
[1.848s] -- Configuring incomplete, errors occurred!
[1.848s] See also "/home/czz/nvblox_ws/build/my_nvblox/CMakeFiles/CMakeOutput.log".
[1.854s] Invoked command in '/home/czz/nvblox_ws/build/my_nvblox' returned '1': CMAKE_PREFIX_PATH=${CMAKE_PREFIX_PATH}:/home/czz/workspaces/isaac_ros-dev/install/nvblox_ros_python_utils:/home/czz/workspaces/isaac_ros-dev/install/isaac_ros_test:/home/czz/workspaces/isaac_ros-dev/install/isaac_ros_launch_utils:/opt/ros/humble /usr/bin/cmake /home/czz/nvblox_ws/src/my_nvblox -DCMAKE_INSTALL_PREFIX=/home/czz/nvblox_ws/install/my_nvblox
