[0.011s] Invoking command in '/home/czz/nvblox_ws/build/my_nvblox': CMAKE_PREFIX_PATH=${CMAKE_PREFIX_PATH}:/home/czz/workspaces/isaac_ros-dev/install/nvblox_ros_python_utils:/home/czz/workspaces/isaac_ros-dev/install/isaac_ros_test:/home/czz/workspaces/isaac_ros-dev/install/isaac_ros_launch_utils:/opt/ros/humble /usr/bin/cmake --build /home/czz/nvblox_ws/build/my_nvblox -- -j20 -l20
[0.042s] -- Found ament_cmake: 1.3.12 (/opt/ros/humble/share/ament_cmake/cmake)
[0.154s] -- Override CMake install command with custom implementation using symlinks instead of copying resources
[0.167s] -- Found rclcpp: 16.0.16 (/opt/ros/humble/share/rclcpp/cmake)
[0.199s] -- Found rosidl_generator_c: 3.1.7 (/opt/ros/humble/share/rosidl_generator_c/cmake)
[0.201s] -- Found rosidl_adapter: 3.1.7 (/opt/ros/humble/share/rosidl_adapter/cmake)
[0.207s] -- Found rosidl_generator_cpp: 3.1.7 (/opt/ros/humble/share/rosidl_generator_cpp/cmake)
[0.217s] -- Using all available rosidl_typesupport_c: rosidl_typesupport_fastrtps_c;rosidl_typesupport_introspection_c
[0.228s] -- Using all available rosidl_typesupport_cpp: rosidl_typesupport_fastrtps_cpp;rosidl_typesupport_introspection_cpp
[0.258s] -- Found rmw_implementation_cmake: 6.1.2 (/opt/ros/humble/share/rmw_implementation_cmake/cmake)
[0.261s] -- Found rmw_fastrtps_cpp: 6.2.9 (/opt/ros/humble/share/rmw_fastrtps_cpp/cmake)
[0.350s] -- Using RMW implementation 'rmw_fastrtps_cpp' as default
[0.401s] -- Found sensor_msgs: 4.9.0 (/opt/ros/humble/share/sensor_msgs/cmake)
[0.432s] -- Found visualization_msgs: 4.9.0 (/opt/ros/humble/share/visualization_msgs/cmake)
[0.451s] -- Found tf2: 0.25.17 (/opt/ros/humble/share/tf2/cmake)
[0.456s] -- Found tf2_ros: 0.25.17 (/opt/ros/humble/share/tf2_ros/cmake)
[0.528s] -- Found tf2_eigen: 0.25.17 (/opt/ros/humble/share/tf2_eigen/cmake)
[0.531s] -- Found cv_bridge: 3.2.1 (/opt/ros/humble/share/cv_bridge/cmake)
[0.539s] -- Found image_transport: 3.1.12 (/opt/ros/humble/share/image_transport/cmake)
[0.635s] -- Found ament_lint_auto: 0.12.14 (/opt/ros/humble/share/ament_lint_auto/cmake)
[0.724s] -- Added test 'cppcheck' to perform static code analysis on C / C++ code
[0.724s] -- Configured cppcheck include dirs: /home/czz/nvblox_ws/src/my_nvblox/include;$<BUILD_INTERFACE:/home/czz/nvblox_ws/src/my_nvblox/include>
[0.724s] -- Configured cppcheck exclude dirs and/or files: 
[0.724s] -- Added test 'flake8' to check Python code syntax and style conventions
[0.725s] -- Added test 'lint_cmake' to check CMake code style
[0.725s] -- Added test 'pep257' to check Python code against some of the docstring style conventions in PEP 257
[0.726s] -- Added test 'uncrustify' to check C / C++ code style
[0.726s] -- Configured uncrustify additional arguments: 
[0.726s] -- Added test 'xmllint' to check XML markup files
[0.728s] -- Configuring done
[0.741s] -- Generating done
[0.746s] -- Build files have been written to: /home/czz/nvblox_ws/build/my_nvblox
[0.775s] [35m[1mConsolidate compiler generated dependencies of target nvblox_node[0m
[0.805s] [ 66%] [32mBuilding CXX object CMakeFiles/nvblox_node.dir/src/nvblox_node.cpp.o[0m
[0.805s] [ 66%] [32mBuilding CXX object CMakeFiles/nvblox_node.dir/src/mesh_publisher.cpp.o[0m
[12.749s] [100%] [32m[1mLinking CXX executable nvblox_node[0m
[13.558s] [100%] Built target nvblox_node
[13.566s] Invoked command in '/home/czz/nvblox_ws/build/my_nvblox' returned '0': CMAKE_PREFIX_PATH=${CMAKE_PREFIX_PATH}:/home/czz/workspaces/isaac_ros-dev/install/nvblox_ros_python_utils:/home/czz/workspaces/isaac_ros-dev/install/isaac_ros_test:/home/czz/workspaces/isaac_ros-dev/install/isaac_ros_launch_utils:/opt/ros/humble /usr/bin/cmake --build /home/czz/nvblox_ws/build/my_nvblox -- -j20 -l20
[13.574s] Invoking command in '/home/czz/nvblox_ws/build/my_nvblox': CMAKE_PREFIX_PATH=${CMAKE_PREFIX_PATH}:/home/czz/workspaces/isaac_ros-dev/install/nvblox_ros_python_utils:/home/czz/workspaces/isaac_ros-dev/install/isaac_ros_test:/home/czz/workspaces/isaac_ros-dev/install/isaac_ros_launch_utils:/opt/ros/humble /usr/bin/cmake --install /home/czz/nvblox_ws/build/my_nvblox
[13.582s] -- Install configuration: ""
[13.582s] -- Execute custom install script
[13.582s] -- Up-to-date symlink: /home/czz/nvblox_ws/install/my_nvblox/lib/my_nvblox/nvblox_node
[13.582s] -- Up-to-date symlink: /home/czz/nvblox_ws/install/my_nvblox/include/my_nvblox/esdf_publisher.hpp
[13.582s] -- Up-to-date symlink: /home/czz/nvblox_ws/install/my_nvblox/include/my_nvblox/mesh_publisher.hpp
[13.582s] -- Up-to-date symlink: /home/czz/nvblox_ws/install/my_nvblox/include/my_nvblox/nvblox_node.hpp
[13.583s] -- Up-to-date symlink: /home/czz/nvblox_ws/install/my_nvblox/share/my_nvblox/my_nvblox_bringup.launch.py
[13.583s] -- Up-to-date symlink: /home/czz/nvblox_ws/install/my_nvblox/share/ament_index/resource_index/package_run_dependencies/my_nvblox
[13.583s] -- Up-to-date symlink: /home/czz/nvblox_ws/install/my_nvblox/share/ament_index/resource_index/parent_prefix_path/my_nvblox
[13.583s] -- Up-to-date symlink: /home/czz/nvblox_ws/install/my_nvblox/share/my_nvblox/environment/ament_prefix_path.sh
[13.583s] -- Up-to-date symlink: /home/czz/nvblox_ws/install/my_nvblox/share/my_nvblox/environment/ament_prefix_path.dsv
[13.583s] -- Up-to-date symlink: /home/czz/nvblox_ws/install/my_nvblox/share/my_nvblox/environment/path.sh
[13.583s] -- Up-to-date symlink: /home/czz/nvblox_ws/install/my_nvblox/share/my_nvblox/environment/path.dsv
[13.583s] -- Up-to-date symlink: /home/czz/nvblox_ws/install/my_nvblox/share/my_nvblox/local_setup.bash
[13.583s] -- Up-to-date symlink: /home/czz/nvblox_ws/install/my_nvblox/share/my_nvblox/local_setup.sh
[13.583s] -- Up-to-date symlink: /home/czz/nvblox_ws/install/my_nvblox/share/my_nvblox/local_setup.zsh
[13.583s] -- Up-to-date symlink: /home/czz/nvblox_ws/install/my_nvblox/share/my_nvblox/local_setup.dsv
[13.583s] -- Symlinking: /home/czz/nvblox_ws/install/my_nvblox/share/my_nvblox/package.dsv
[13.590s] -- Up-to-date symlink: /home/czz/nvblox_ws/install/my_nvblox/share/ament_index/resource_index/packages/my_nvblox
[13.590s] -- Up-to-date symlink: /home/czz/nvblox_ws/install/my_nvblox/share/my_nvblox/cmake/my_nvbloxConfig.cmake
[13.590s] -- Up-to-date symlink: /home/czz/nvblox_ws/install/my_nvblox/share/my_nvblox/cmake/my_nvbloxConfig-version.cmake
[13.590s] -- Up-to-date symlink: /home/czz/nvblox_ws/install/my_nvblox/share/my_nvblox/package.xml
[13.591s] Invoked command in '/home/czz/nvblox_ws/build/my_nvblox' returned '0': CMAKE_PREFIX_PATH=${CMAKE_PREFIX_PATH}:/home/czz/workspaces/isaac_ros-dev/install/nvblox_ros_python_utils:/home/czz/workspaces/isaac_ros-dev/install/isaac_ros_test:/home/czz/workspaces/isaac_ros-dev/install/isaac_ros_launch_utils:/opt/ros/humble /usr/bin/cmake --install /home/czz/nvblox_ws/build/my_nvblox
