[0.007s] Invoking command in '/home/czz/nvblox_ws/build/my_nvblox': CMAKE_PREFIX_PATH=${CMAKE_PREFIX_PATH}:/home/czz/workspaces/isaac_ros-dev/install/nvblox_ros_python_utils:/home/czz/workspaces/isaac_ros-dev/install/isaac_ros_test:/home/czz/workspaces/isaac_ros-dev/install/isaac_ros_launch_utils:/opt/ros/humble /usr/bin/cmake --build /home/czz/nvblox_ws/build/my_nvblox -- -j20 -l20
[0.044s] [35m[1mConsolidate compiler generated dependencies of target mapper_node[0m
[0.059s] [ 50%] [32mBuilding CXX object CMakeFiles/mapper_node.dir/src/mapper_node.cpp.o[0m
[2.946s] [01m[K/home/czz/nvblox_ws/src/my_nvblox/src/mapper_node.cpp:[m[K In member function ‘[01m[Kvoid MyNvbloxNode::publishMesh()[m[K’:
[2.946s] [01m[K/home/czz/nvblox_ws/src/my_nvblox/src/mapper_node.cpp:369:18:[m[K [01;35m[Kwarning: [m[Kunused variable ‘[01m[Khas_colors[m[K’ [[01;35m[K]8;;https://gcc.gnu.org/onlinedocs/gcc/Warning-Options.html#index-Wunused-variable-Wunused-variable]8;;[m[K]
[2.946s]   369 |             bool [01;35m[Khas_colors[m[K = false;
[2.946s]       |                  [01;35m[K^~~~~~~~~~[m[K
[10.208s] [100%] [32m[1mLinking CXX executable mapper_node[0m
[10.791s] [100%] Built target mapper_node
[10.798s] Invoked command in '/home/czz/nvblox_ws/build/my_nvblox' returned '0': CMAKE_PREFIX_PATH=${CMAKE_PREFIX_PATH}:/home/czz/workspaces/isaac_ros-dev/install/nvblox_ros_python_utils:/home/czz/workspaces/isaac_ros-dev/install/isaac_ros_test:/home/czz/workspaces/isaac_ros-dev/install/isaac_ros_launch_utils:/opt/ros/humble /usr/bin/cmake --build /home/czz/nvblox_ws/build/my_nvblox -- -j20 -l20
[10.805s] Invoking command in '/home/czz/nvblox_ws/build/my_nvblox': CMAKE_PREFIX_PATH=${CMAKE_PREFIX_PATH}:/home/czz/workspaces/isaac_ros-dev/install/nvblox_ros_python_utils:/home/czz/workspaces/isaac_ros-dev/install/isaac_ros_test:/home/czz/workspaces/isaac_ros-dev/install/isaac_ros_launch_utils:/opt/ros/humble /usr/bin/cmake --install /home/czz/nvblox_ws/build/my_nvblox
[10.811s] -- Install configuration: ""
[10.811s] -- Installing: /home/czz/nvblox_ws/install/my_nvblox/lib/my_nvblox/mapper_node
[10.814s] -- Set runtime path of "/home/czz/nvblox_ws/install/my_nvblox/lib/my_nvblox/mapper_node" to ""
[10.815s] -- Up-to-date: /home/czz/nvblox_ws/install/my_nvblox/share/my_nvblox/launch
[10.815s] -- Installing: /home/czz/nvblox_ws/install/my_nvblox/share/my_nvblox/launch/mapping.launch.py
[10.815s] -- Up-to-date: /home/czz/nvblox_ws/install/my_nvblox/share/ament_index/resource_index/package_run_dependencies/my_nvblox
[10.815s] -- Up-to-date: /home/czz/nvblox_ws/install/my_nvblox/share/ament_index/resource_index/parent_prefix_path/my_nvblox
[10.815s] -- Up-to-date: /home/czz/nvblox_ws/install/my_nvblox/share/my_nvblox/environment/ament_prefix_path.sh
[10.815s] -- Up-to-date: /home/czz/nvblox_ws/install/my_nvblox/share/my_nvblox/environment/ament_prefix_path.dsv
[10.815s] -- Up-to-date: /home/czz/nvblox_ws/install/my_nvblox/share/my_nvblox/environment/path.sh
[10.815s] -- Up-to-date: /home/czz/nvblox_ws/install/my_nvblox/share/my_nvblox/environment/path.dsv
[10.815s] -- Up-to-date: /home/czz/nvblox_ws/install/my_nvblox/share/my_nvblox/local_setup.bash
[10.815s] -- Up-to-date: /home/czz/nvblox_ws/install/my_nvblox/share/my_nvblox/local_setup.sh
[10.815s] -- Up-to-date: /home/czz/nvblox_ws/install/my_nvblox/share/my_nvblox/local_setup.zsh
[10.815s] -- Up-to-date: /home/czz/nvblox_ws/install/my_nvblox/share/my_nvblox/local_setup.dsv
[10.815s] -- Installing: /home/czz/nvblox_ws/install/my_nvblox/share/my_nvblox/package.dsv
[10.815s] -- Up-to-date: /home/czz/nvblox_ws/install/my_nvblox/share/ament_index/resource_index/packages/my_nvblox
[10.815s] -- Up-to-date: /home/czz/nvblox_ws/install/my_nvblox/share/my_nvblox/cmake/my_nvbloxConfig.cmake
[10.815s] -- Up-to-date: /home/czz/nvblox_ws/install/my_nvblox/share/my_nvblox/cmake/my_nvbloxConfig-version.cmake
[10.815s] -- Up-to-date: /home/czz/nvblox_ws/install/my_nvblox/share/my_nvblox/package.xml
[10.816s] Invoked command in '/home/czz/nvblox_ws/build/my_nvblox' returned '0': CMAKE_PREFIX_PATH=${CMAKE_PREFIX_PATH}:/home/czz/workspaces/isaac_ros-dev/install/nvblox_ros_python_utils:/home/czz/workspaces/isaac_ros-dev/install/isaac_ros_test:/home/czz/workspaces/isaac_ros-dev/install/isaac_ros_launch_utils:/opt/ros/humble /usr/bin/cmake --install /home/czz/nvblox_ws/build/my_nvblox
