[0.008s] Invoking command in '/home/czz/nvblox_ws/build/my_nvblox': CMAKE_PREFIX_PATH=${CMAKE_PREFIX_PATH}:/home/czz/workspaces/isaac_ros-dev/install/nvblox_ros_python_utils:/home/czz/workspaces/isaac_ros-dev/install/isaac_ros_test:/home/czz/workspaces/isaac_ros-dev/install/isaac_ros_launch_utils:/opt/ros/humble /usr/bin/cmake /home/czz/nvblox_ws/src/my_nvblox -DCMAKE_INSTALL_PREFIX=/home/czz/nvblox_ws/install/my_nvblox
[0.112s] -- The CXX compiler identification is GNU 11.4.0
[0.144s] -- The C compiler identification is GNU 11.4.0
[0.671s] -- The CUDA compiler identification is NVIDIA 12.6.20
[0.675s] -- Detecting CXX compiler ABI info
[0.735s] -- Detecting CXX compiler ABI info - done
[0.739s] -- Check for working CXX compiler: /usr/bin/c++ - skipped
[0.740s] -- Detecting CXX compile features
[0.740s] -- Detecting CXX compile features - done
[0.741s] -- Detecting C compiler ABI info
[0.793s] -- Detecting C compiler ABI info - done
[0.798s] -- Check for working C compiler: /usr/bin/cc - skipped
[0.798s] -- Detecting C compile features
[0.798s] -- Detecting C compile features - done
[0.800s] -- Detecting CUDA compiler ABI info
[1.278s] -- Detecting CUDA compiler ABI info - done
[1.293s] -- Check for working CUDA compiler: /usr/local/cuda/bin/nvcc - skipped
[1.293s] -- Detecting CUDA compile features
[1.293s] -- Detecting CUDA compile features - done
[1.312s] -- Found ament_cmake: 1.3.12 (/opt/ros/humble/share/ament_cmake/cmake)
[1.738s] -- Found Python3: /usr/bin/python3 (found version "3.10.12") found components: Interpreter 
[1.820s] -- Found rclcpp: 16.0.16 (/opt/ros/humble/share/rclcpp/cmake)
[1.871s] -- Found rosidl_generator_c: 3.1.7 (/opt/ros/humble/share/rosidl_generator_c/cmake)
[1.876s] -- Found rosidl_adapter: 3.1.7 (/opt/ros/humble/share/rosidl_adapter/cmake)
[1.884s] -- Found rosidl_generator_cpp: 3.1.7 (/opt/ros/humble/share/rosidl_generator_cpp/cmake)
[1.894s] -- Using all available rosidl_typesupport_c: rosidl_typesupport_fastrtps_c;rosidl_typesupport_introspection_c
[1.908s] -- Using all available rosidl_typesupport_cpp: rosidl_typesupport_fastrtps_cpp;rosidl_typesupport_introspection_cpp
[1.948s] -- Found rmw_implementation_cmake: 6.1.2 (/opt/ros/humble/share/rmw_implementation_cmake/cmake)
[1.952s] -- Found rmw_fastrtps_cpp: 6.2.9 (/opt/ros/humble/share/rmw_fastrtps_cpp/cmake)
[2.033s] -- Found OpenSSL: /usr/lib/x86_64-linux-gnu/libcrypto.so (found version "3.0.2")  
[2.053s] -- Found FastRTPS: /opt/ros/humble/include  
[2.084s] -- Using RMW implementation 'rmw_fastrtps_cpp' as default
[2.095s] -- Looking for pthread.h
[2.152s] -- Looking for pthread.h - found
[2.152s] -- Performing Test CMAKE_HAVE_LIBC_PTHREAD
[2.204s] -- Performing Test CMAKE_HAVE_LIBC_PTHREAD - Success
[2.204s] -- Found Threads: TRUE  
[2.242s] -- Found sensor_msgs: 4.9.0 (/opt/ros/humble/share/sensor_msgs/cmake)
[2.262s] -- Found tf2: 0.25.17 (/opt/ros/humble/share/tf2/cmake)
[2.271s] -- Found tf2_ros: 0.25.17 (/opt/ros/humble/share/tf2_ros/cmake)
[2.334s] -- Found tf2_geometry_msgs: 0.25.17 (/opt/ros/humble/share/tf2_geometry_msgs/cmake)
[2.348s] -- Found eigen3_cmake_module: 0.1.1 (/opt/ros/humble/share/eigen3_cmake_module/cmake)
[2.349s] -- Found Eigen3: TRUE (found version "3.4.0") 
[2.349s] -- Ensuring Eigen3 include directory is part of orocos-kdl CMake target
[2.352s] -- Found cv_bridge: 3.2.1 (/opt/ros/humble/share/cv_bridge/cmake)
[2.360s] -- Found CUDAToolkit: /usr/local/cuda/include (found version "12.6.20") 
[2.406s] -- Found Unwind: /usr/include/x86_64-linux-gnu (found suitable version "1.3.2", minimum required is "1.3.2") 
[2.471s] -- Configuring done
[2.477s] -- Generating done
[2.479s] -- Build files have been written to: /home/czz/nvblox_ws/build/my_nvblox
[2.485s] Invoked command in '/home/czz/nvblox_ws/build/my_nvblox' returned '0': CMAKE_PREFIX_PATH=${CMAKE_PREFIX_PATH}:/home/czz/workspaces/isaac_ros-dev/install/nvblox_ros_python_utils:/home/czz/workspaces/isaac_ros-dev/install/isaac_ros_test:/home/czz/workspaces/isaac_ros-dev/install/isaac_ros_launch_utils:/opt/ros/humble /usr/bin/cmake /home/czz/nvblox_ws/src/my_nvblox -DCMAKE_INSTALL_PREFIX=/home/czz/nvblox_ws/install/my_nvblox
[2.486s] Invoking command in '/home/czz/nvblox_ws/build/my_nvblox': CMAKE_PREFIX_PATH=${CMAKE_PREFIX_PATH}:/home/czz/workspaces/isaac_ros-dev/install/nvblox_ros_python_utils:/home/czz/workspaces/isaac_ros-dev/install/isaac_ros_test:/home/czz/workspaces/isaac_ros-dev/install/isaac_ros_launch_utils:/opt/ros/humble /usr/bin/cmake --build /home/czz/nvblox_ws/build/my_nvblox -- -j20 -l20
[2.532s] [ 50%] [32mBuilding CXX object CMakeFiles/mapper_node.dir/src/mapper_node.cpp.o[0m
[2.675s] In file included from [01m[K/usr/local/include/nvblox/core/hash.h:23[m[K,
[2.675s]                  from [01m[K/usr/local/include/nvblox/mapper/mapper.h:21[m[K,
[2.675s]                  from [01m[K/home/czz/nvblox_ws/src/my_nvblox/src/mapper_node.cpp:12[m[K:
[2.675s] [01m[K/usr/local/include/nvblox/core/types.h:22:10:[m[K [01;31m[Kfatal error: [m[Kcuda_fp16.h: 没有那个文件或目录
[2.675s]    22 | #include [01;31m[K<cuda_fp16.h>[m[K
[2.675s]       |          [01;31m[K^~~~~~~~~~~~~[m[K
[2.675s] compilation terminated.
[2.677s] gmake[2]: *** [CMakeFiles/mapper_node.dir/build.make:76：CMakeFiles/mapper_node.dir/src/mapper_node.cpp.o] 错误 1
[2.677s] gmake[1]: *** [CMakeFiles/Makefile2:137：CMakeFiles/mapper_node.dir/all] 错误 2
[2.677s] gmake: *** [Makefile:146：all] 错误 2
[2.679s] Invoked command in '/home/czz/nvblox_ws/build/my_nvblox' returned '2': CMAKE_PREFIX_PATH=${CMAKE_PREFIX_PATH}:/home/czz/workspaces/isaac_ros-dev/install/nvblox_ros_python_utils:/home/czz/workspaces/isaac_ros-dev/install/isaac_ros_test:/home/czz/workspaces/isaac_ros-dev/install/isaac_ros_launch_utils:/opt/ros/humble /usr/bin/cmake --build /home/czz/nvblox_ws/build/my_nvblox -- -j20 -l20
