[0.021s] Invoking command in '/home/czz/nvblox_ws/build/my_nvblox': CMAKE_PREFIX_PATH=${CMAKE_PREFIX_PATH}:/home/czz/workspaces/isaac_ros-dev/install/nvblox_ros_python_utils:/home/czz/workspaces/isaac_ros-dev/install/isaac_ros_test:/home/czz/workspaces/isaac_ros-dev/install/isaac_ros_launch_utils:/opt/ros/humble /usr/bin/cmake --build /home/czz/nvblox_ws/build/my_nvblox -- -j20 -l20
[0.121s] [35m[1mConsolidate compiler generated dependencies of target nvblox_node[0m
[0.183s] [ 25%] [32mBuilding CXX object CMakeFiles/nvblox_node.dir/src/esdf_publisher.cpp.o[0m
[12.744s] [ 50%] [32m[1mLinking CXX executable nvblox_node[0m
[15.191s] [100%] Built target nvblox_node
[15.216s] Invoked command in '/home/czz/nvblox_ws/build/my_nvblox' returned '0': CMAKE_PREFIX_PATH=${CMAKE_PREFIX_PATH}:/home/czz/workspaces/isaac_ros-dev/install/nvblox_ros_python_utils:/home/czz/workspaces/isaac_ros-dev/install/isaac_ros_test:/home/czz/workspaces/isaac_ros-dev/install/isaac_ros_launch_utils:/opt/ros/humble /usr/bin/cmake --build /home/czz/nvblox_ws/build/my_nvblox -- -j20 -l20
[15.238s] Invoking command in '/home/czz/nvblox_ws/build/my_nvblox': CMAKE_PREFIX_PATH=${CMAKE_PREFIX_PATH}:/home/czz/workspaces/isaac_ros-dev/install/nvblox_ros_python_utils:/home/czz/workspaces/isaac_ros-dev/install/isaac_ros_test:/home/czz/workspaces/isaac_ros-dev/install/isaac_ros_launch_utils:/opt/ros/humble /usr/bin/cmake --install /home/czz/nvblox_ws/build/my_nvblox
[15.255s] -- Install configuration: ""
[15.256s] -- Execute custom install script
[15.256s] -- Up-to-date symlink: /home/czz/nvblox_ws/install/my_nvblox/lib/my_nvblox/nvblox_node
[15.257s] -- Up-to-date symlink: /home/czz/nvblox_ws/install/my_nvblox/include/my_nvblox/esdf_publisher.hpp
[15.257s] -- Up-to-date symlink: /home/czz/nvblox_ws/install/my_nvblox/include/my_nvblox/mesh_publisher.hpp
[15.257s] -- Up-to-date symlink: /home/czz/nvblox_ws/install/my_nvblox/include/my_nvblox/nvblox_node.hpp
[15.257s] -- Up-to-date symlink: /home/czz/nvblox_ws/install/my_nvblox/share/my_nvblox/my_nvblox_bringup.launch.py
[15.257s] -- Up-to-date symlink: /home/czz/nvblox_ws/install/my_nvblox/share/ament_index/resource_index/package_run_dependencies/my_nvblox
[15.258s] -- Up-to-date symlink: /home/czz/nvblox_ws/install/my_nvblox/share/ament_index/resource_index/parent_prefix_path/my_nvblox
[15.261s] -- Up-to-date symlink: /home/czz/nvblox_ws/install/my_nvblox/share/my_nvblox/environment/ament_prefix_path.sh
[15.261s] -- Up-to-date symlink: /home/czz/nvblox_ws/install/my_nvblox/share/my_nvblox/environment/ament_prefix_path.dsv
[15.262s] -- Up-to-date symlink: /home/czz/nvblox_ws/install/my_nvblox/share/my_nvblox/environment/path.sh
[15.262s] -- Up-to-date symlink: /home/czz/nvblox_ws/install/my_nvblox/share/my_nvblox/environment/path.dsv
[15.262s] -- Up-to-date symlink: /home/czz/nvblox_ws/install/my_nvblox/share/my_nvblox/local_setup.bash
[15.263s] -- Up-to-date symlink: /home/czz/nvblox_ws/install/my_nvblox/share/my_nvblox/local_setup.sh
[15.263s] -- Up-to-date symlink: /home/czz/nvblox_ws/install/my_nvblox/share/my_nvblox/local_setup.zsh
[15.263s] -- Up-to-date symlink: /home/czz/nvblox_ws/install/my_nvblox/share/my_nvblox/local_setup.dsv
[15.263s] -- Symlinking: /home/czz/nvblox_ws/install/my_nvblox/share/my_nvblox/package.dsv
[15.283s] -- Up-to-date symlink: /home/czz/nvblox_ws/install/my_nvblox/share/ament_index/resource_index/packages/my_nvblox
[15.283s] -- Up-to-date symlink: /home/czz/nvblox_ws/install/my_nvblox/share/my_nvblox/cmake/my_nvbloxConfig.cmake
[15.284s] -- Up-to-date symlink: /home/czz/nvblox_ws/install/my_nvblox/share/my_nvblox/cmake/my_nvbloxConfig-version.cmake
[15.284s] -- Up-to-date symlink: /home/czz/nvblox_ws/install/my_nvblox/share/my_nvblox/package.xml
[15.288s] Invoked command in '/home/czz/nvblox_ws/build/my_nvblox' returned '0': CMAKE_PREFIX_PATH=${CMAKE_PREFIX_PATH}:/home/czz/workspaces/isaac_ros-dev/install/nvblox_ros_python_utils:/home/czz/workspaces/isaac_ros-dev/install/isaac_ros_test:/home/czz/workspaces/isaac_ros-dev/install/isaac_ros_launch_utils:/opt/ros/humble /usr/bin/cmake --install /home/czz/nvblox_ws/build/my_nvblox
