[0.014s] Invoking command in '/home/czz/nvblox_ws/build/my_nvblox': CMAKE_PREFIX_PATH=${CMAKE_PREFIX_PATH}:/home/czz/workspaces/isaac_ros-dev/install/nvblox_ros_python_utils:/home/czz/workspaces/isaac_ros-dev/install/isaac_ros_test:/home/czz/workspaces/isaac_ros-dev/install/isaac_ros_launch_utils:/opt/ros/humble /usr/bin/cmake /home/czz/nvblox_ws/src/my_nvblox -DCMAKE_INSTALL_PREFIX=/home/czz/nvblox_ws/install/my_nvblox
[0.098s] -- The CXX compiler identification is GNU 11.4.0
[0.131s] -- The C compiler identification is GNU 11.4.0
[0.642s] -- The CUDA compiler identification is NVIDIA 12.6.20
[0.646s] -- Detecting CXX compiler ABI info
[0.704s] -- Detecting CXX compiler ABI info - done
[0.708s] -- Check for working CXX compiler: /usr/bin/c++ - skipped
[0.708s] -- Detecting CXX compile features
[0.708s] -- Detecting CXX compile features - done
[0.710s] -- Detecting C compiler ABI info
[0.761s] -- Detecting C compiler ABI info - done
[0.768s] -- Check for working C compiler: /usr/bin/cc - skipped
[0.768s] -- Detecting C compile features
[0.769s] -- Detecting C compile features - done
[0.771s] -- Detecting CUDA compiler ABI info
[1.278s] -- Detecting CUDA compiler ABI info - done
[1.293s] -- Check for working CUDA compiler: /usr/local/cuda/bin/nvcc - skipped
[1.294s] -- Detecting CUDA compile features
[1.294s] -- Detecting CUDA compile features - done
[1.296s] -- Found ament_cmake: 1.3.12 (/opt/ros/humble/share/ament_cmake/cmake)
[1.724s] -- Found Python3: /usr/bin/python3 (found version "3.10.12") found components: Interpreter 
[1.803s] -- Found rclcpp: 16.0.16 (/opt/ros/humble/share/rclcpp/cmake)
[1.843s] -- Found rosidl_generator_c: 3.1.7 (/opt/ros/humble/share/rosidl_generator_c/cmake)
[1.848s] -- Found rosidl_adapter: 3.1.7 (/opt/ros/humble/share/rosidl_adapter/cmake)
[1.856s] -- Found rosidl_generator_cpp: 3.1.7 (/opt/ros/humble/share/rosidl_generator_cpp/cmake)
[1.866s] -- Using all available rosidl_typesupport_c: rosidl_typesupport_fastrtps_c;rosidl_typesupport_introspection_c
[1.880s] -- Using all available rosidl_typesupport_cpp: rosidl_typesupport_fastrtps_cpp;rosidl_typesupport_introspection_cpp
[1.918s] -- Found rmw_implementation_cmake: 6.1.2 (/opt/ros/humble/share/rmw_implementation_cmake/cmake)
[1.922s] -- Found rmw_fastrtps_cpp: 6.2.9 (/opt/ros/humble/share/rmw_fastrtps_cpp/cmake)
[2.001s] -- Found OpenSSL: /usr/lib/x86_64-linux-gnu/libcrypto.so (found version "3.0.2")  
[2.021s] -- Found FastRTPS: /opt/ros/humble/include  
[2.052s] -- Using RMW implementation 'rmw_fastrtps_cpp' as default
[2.061s] -- Looking for pthread.h
[2.119s] -- Looking for pthread.h - found
[2.120s] -- Performing Test CMAKE_HAVE_LIBC_PTHREAD
[2.179s] -- Performing Test CMAKE_HAVE_LIBC_PTHREAD - Success
[2.180s] -- Found Threads: TRUE  
[2.216s] -- Found sensor_msgs: 4.9.0 (/opt/ros/humble/share/sensor_msgs/cmake)
[2.236s] -- Found tf2: 0.25.17 (/opt/ros/humble/share/tf2/cmake)
[2.245s] -- Found tf2_ros: 0.25.17 (/opt/ros/humble/share/tf2_ros/cmake)
[2.309s] -- Found tf2_geometry_msgs: 0.25.17 (/opt/ros/humble/share/tf2_geometry_msgs/cmake)
[2.323s] -- Found eigen3_cmake_module: 0.1.1 (/opt/ros/humble/share/eigen3_cmake_module/cmake)
[2.324s] -- Found Eigen3: TRUE (found version "3.4.0") 
[2.324s] -- Ensuring Eigen3 include directory is part of orocos-kdl CMake target
[2.327s] -- Found cv_bridge: 3.2.1 (/opt/ros/humble/share/cv_bridge/cmake)
[2.337s] -- Found visualization_msgs: 4.9.0 (/opt/ros/humble/share/visualization_msgs/cmake)
[2.348s] -- Found CUDAToolkit: /usr/local/cuda/include (found version "12.6.20") 
[2.394s] -- Found Unwind: /usr/include/x86_64-linux-gnu (found suitable version "1.3.2", minimum required is "1.3.2") 
[2.462s] -- Configuring done
[2.469s] -- Generating done
[2.472s] -- Build files have been written to: /home/czz/nvblox_ws/build/my_nvblox
[2.479s] Invoked command in '/home/czz/nvblox_ws/build/my_nvblox' returned '0': CMAKE_PREFIX_PATH=${CMAKE_PREFIX_PATH}:/home/czz/workspaces/isaac_ros-dev/install/nvblox_ros_python_utils:/home/czz/workspaces/isaac_ros-dev/install/isaac_ros_test:/home/czz/workspaces/isaac_ros-dev/install/isaac_ros_launch_utils:/opt/ros/humble /usr/bin/cmake /home/czz/nvblox_ws/src/my_nvblox -DCMAKE_INSTALL_PREFIX=/home/czz/nvblox_ws/install/my_nvblox
[2.481s] Invoking command in '/home/czz/nvblox_ws/build/my_nvblox': CMAKE_PREFIX_PATH=${CMAKE_PREFIX_PATH}:/home/czz/workspaces/isaac_ros-dev/install/nvblox_ros_python_utils:/home/czz/workspaces/isaac_ros-dev/install/isaac_ros_test:/home/czz/workspaces/isaac_ros-dev/install/isaac_ros_launch_utils:/opt/ros/humble /usr/bin/cmake --build /home/czz/nvblox_ws/build/my_nvblox -- -j20 -l20
[2.526s] [ 50%] [32mBuilding CXX object CMakeFiles/mapper_node.dir/src/mapper_node.cpp.o[0m
[5.484s] [01m[K/home/czz/nvblox_ws/src/my_nvblox/src/mapper_node.cpp:[m[K In member function ‘[01m[Kvoid MyNvbloxNode::publishMesh()[m[K’:
[5.484s] [01m[K/home/czz/nvblox_ws/src/my_nvblox/src/mapper_node.cpp:308:18:[m[K [01;35m[Kwarning: [m[Kunused variable ‘[01m[Khas_colors[m[K’ [[01;35m[K]8;;https://gcc.gnu.org/onlinedocs/gcc/Warning-Options.html#index-Wunused-variable-Wunused-variable]8;;[m[K]
[5.484s]   308 |             bool [01;35m[Khas_colors[m[K = false;
[5.484s]       |                  [01;35m[K^~~~~~~~~~[m[K
[12.963s] [100%] [32m[1mLinking CXX executable mapper_node[0m
[13.704s] [100%] Built target mapper_node
[13.713s] Invoked command in '/home/czz/nvblox_ws/build/my_nvblox' returned '0': CMAKE_PREFIX_PATH=${CMAKE_PREFIX_PATH}:/home/czz/workspaces/isaac_ros-dev/install/nvblox_ros_python_utils:/home/czz/workspaces/isaac_ros-dev/install/isaac_ros_test:/home/czz/workspaces/isaac_ros-dev/install/isaac_ros_launch_utils:/opt/ros/humble /usr/bin/cmake --build /home/czz/nvblox_ws/build/my_nvblox -- -j20 -l20
[13.721s] Invoking command in '/home/czz/nvblox_ws/build/my_nvblox': CMAKE_PREFIX_PATH=${CMAKE_PREFIX_PATH}:/home/czz/workspaces/isaac_ros-dev/install/nvblox_ros_python_utils:/home/czz/workspaces/isaac_ros-dev/install/isaac_ros_test:/home/czz/workspaces/isaac_ros-dev/install/isaac_ros_launch_utils:/opt/ros/humble /usr/bin/cmake --install /home/czz/nvblox_ws/build/my_nvblox
[13.728s] -- Install configuration: ""
[13.728s] -- Installing: /home/czz/nvblox_ws/install/my_nvblox/lib/my_nvblox/mapper_node
[13.732s] -- Set runtime path of "/home/czz/nvblox_ws/install/my_nvblox/lib/my_nvblox/mapper_node" to ""
[13.732s] -- Installing: /home/czz/nvblox_ws/install/my_nvblox/share/my_nvblox/launch
[13.732s] -- Installing: /home/czz/nvblox_ws/install/my_nvblox/share/my_nvblox/launch/mapping.launch.py
[13.732s] -- Installing: /home/czz/nvblox_ws/install/my_nvblox/share/ament_index/resource_index/package_run_dependencies/my_nvblox
[13.732s] -- Installing: /home/czz/nvblox_ws/install/my_nvblox/share/ament_index/resource_index/parent_prefix_path/my_nvblox
[13.732s] -- Installing: /home/czz/nvblox_ws/install/my_nvblox/share/my_nvblox/environment/ament_prefix_path.sh
[13.732s] -- Installing: /home/czz/nvblox_ws/install/my_nvblox/share/my_nvblox/environment/ament_prefix_path.dsv
[13.732s] -- Installing: /home/czz/nvblox_ws/install/my_nvblox/share/my_nvblox/environment/path.sh
[13.732s] -- Installing: /home/czz/nvblox_ws/install/my_nvblox/share/my_nvblox/environment/path.dsv
[13.733s] -- Installing: /home/czz/nvblox_ws/install/my_nvblox/share/my_nvblox/local_setup.bash
[13.733s] -- Installing: /home/czz/nvblox_ws/install/my_nvblox/share/my_nvblox/local_setup.sh
[13.733s] -- Installing: /home/czz/nvblox_ws/install/my_nvblox/share/my_nvblox/local_setup.zsh
[13.733s] -- Installing: /home/czz/nvblox_ws/install/my_nvblox/share/my_nvblox/local_setup.dsv
[13.733s] -- Installing: /home/czz/nvblox_ws/install/my_nvblox/share/my_nvblox/package.dsv
[13.733s] -- Installing: /home/czz/nvblox_ws/install/my_nvblox/share/ament_index/resource_index/packages/my_nvblox
[13.733s] -- Installing: /home/czz/nvblox_ws/install/my_nvblox/share/my_nvblox/cmake/my_nvbloxConfig.cmake
[13.733s] -- Installing: /home/czz/nvblox_ws/install/my_nvblox/share/my_nvblox/cmake/my_nvbloxConfig-version.cmake
[13.733s] -- Installing: /home/czz/nvblox_ws/install/my_nvblox/share/my_nvblox/package.xml
[13.735s] Invoked command in '/home/czz/nvblox_ws/build/my_nvblox' returned '0': CMAKE_PREFIX_PATH=${CMAKE_PREFIX_PATH}:/home/czz/workspaces/isaac_ros-dev/install/nvblox_ros_python_utils:/home/czz/workspaces/isaac_ros-dev/install/isaac_ros_test:/home/czz/workspaces/isaac_ros-dev/install/isaac_ros_launch_utils:/opt/ros/humble /usr/bin/cmake --install /home/czz/nvblox_ws/build/my_nvblox
