[0.015s] Invoking command in '/home/czz/nvblox_ws/build/my_nvblox': CMAKE_PREFIX_PATH=${CMAKE_PREFIX_PATH}:/home/czz/workspaces/isaac_ros-dev/install/nvblox_ros_python_utils:/home/czz/workspaces/isaac_ros-dev/install/isaac_ros_test:/home/czz/workspaces/isaac_ros-dev/install/isaac_ros_launch_utils:/opt/ros/humble /usr/bin/cmake --build /home/czz/nvblox_ws/build/my_nvblox -- -j20 -l20
[0.091s] -- Found ament_cmake: 1.3.12 (/opt/ros/humble/share/ament_cmake/cmake)
[0.199s] -- Found rclcpp: 16.0.16 (/opt/ros/humble/share/rclcpp/cmake)
[0.236s] -- Found rosidl_generator_c: 3.1.7 (/opt/ros/humble/share/rosidl_generator_c/cmake)
[0.238s] -- Found rosidl_adapter: 3.1.7 (/opt/ros/humble/share/rosidl_adapter/cmake)
[0.246s] -- Found rosidl_generator_cpp: 3.1.7 (/opt/ros/humble/share/rosidl_generator_cpp/cmake)
[0.255s] -- Using all available rosidl_typesupport_c: rosidl_typesupport_fastrtps_c;rosidl_typesupport_introspection_c
[0.266s] -- Using all available rosidl_typesupport_cpp: rosidl_typesupport_fastrtps_cpp;rosidl_typesupport_introspection_cpp
[0.294s] -- Found rmw_implementation_cmake: 6.1.2 (/opt/ros/humble/share/rmw_implementation_cmake/cmake)
[0.297s] -- Found rmw_fastrtps_cpp: 6.2.9 (/opt/ros/humble/share/rmw_fastrtps_cpp/cmake)
[0.388s] -- Using RMW implementation 'rmw_fastrtps_cpp' as default
[0.430s] -- Found sensor_msgs: 4.9.0 (/opt/ros/humble/share/sensor_msgs/cmake)
[0.453s] -- Found tf2: 0.25.17 (/opt/ros/humble/share/tf2/cmake)
[0.456s] -- Found tf2_ros: 0.25.17 (/opt/ros/humble/share/tf2_ros/cmake)
[0.519s] -- Found tf2_geometry_msgs: 0.25.17 (/opt/ros/humble/share/tf2_geometry_msgs/cmake)
[0.522s] -- Found eigen3_cmake_module: 0.1.1 (/opt/ros/humble/share/eigen3_cmake_module/cmake)
[0.523s] -- Ensuring Eigen3 include directory is part of orocos-kdl CMake target
[0.524s] -- Found cv_bridge: 3.2.1 (/opt/ros/humble/share/cv_bridge/cmake)
[0.536s] -- Found visualization_msgs: 4.9.0 (/opt/ros/humble/share/visualization_msgs/cmake)
[0.644s] -- Configuring done
[0.656s] -- Generating done
[0.659s] -- Build files have been written to: /home/czz/nvblox_ws/build/my_nvblox
[0.688s] [35m[1mConsolidate compiler generated dependencies of target mapper_node[0m
[0.707s] [ 50%] [32mBuilding CXX object CMakeFiles/mapper_node.dir/src/mapper_node.cpp.o[0m
[1.268s] [01m[K/home/czz/nvblox_ws/src/my_nvblox/src/mapper_node.cpp:155:10:[m[K [01;31m[Kfatal error: [m[Kvisualization_msgs/msg/marker_array.hpp: 没有那个文件或目录
[1.268s]   155 | #include [01;31m[K<visualization_msgs/msg/marker_array.hpp>[m[K
[1.268s]       |          [01;31m[K^~~~~~~~~~~~~~~~~~~~~~~~~~~~~~~~~~~~~~~~~[m[K
[1.268s] compilation terminated.
[1.271s] gmake[2]: *** [CMakeFiles/mapper_node.dir/build.make:76：CMakeFiles/mapper_node.dir/src/mapper_node.cpp.o] 错误 1
[1.271s] gmake[1]: *** [CMakeFiles/Makefile2:137：CMakeFiles/mapper_node.dir/all] 错误 2
[1.271s] gmake: *** [Makefile:146：all] 错误 2
[1.273s] Invoked command in '/home/czz/nvblox_ws/build/my_nvblox' returned '2': CMAKE_PREFIX_PATH=${CMAKE_PREFIX_PATH}:/home/czz/workspaces/isaac_ros-dev/install/nvblox_ros_python_utils:/home/czz/workspaces/isaac_ros-dev/install/isaac_ros_test:/home/czz/workspaces/isaac_ros-dev/install/isaac_ros_launch_utils:/opt/ros/humble /usr/bin/cmake --build /home/czz/nvblox_ws/build/my_nvblox -- -j20 -l20
