[0.010s] Invoking command in '/home/czz/nvblox_ws/build/my_nvblox': CMAKE_PREFIX_PATH=${CMAKE_PREFIX_PATH}:/home/czz/workspaces/isaac_ros-dev/install/nvblox_ros_python_utils:/home/czz/workspaces/isaac_ros-dev/install/isaac_ros_test:/home/czz/workspaces/isaac_ros-dev/install/isaac_ros_launch_utils:/opt/ros/humble /usr/bin/cmake --build /home/czz/nvblox_ws/build/my_nvblox -- -j20 -l20
[0.033s] -- Found ament_cmake: 1.3.12 (/opt/ros/humble/share/ament_cmake/cmake)
[0.124s] -- Found rclcpp: 16.0.16 (/opt/ros/humble/share/rclcpp/cmake)
[0.140s] -- Found rosidl_generator_c: 3.1.7 (/opt/ros/humble/share/rosidl_generator_c/cmake)
[0.141s] -- Found rosidl_adapter: 3.1.7 (/opt/ros/humble/share/rosidl_adapter/cmake)
[0.144s] -- Found rosidl_generator_cpp: 3.1.7 (/opt/ros/humble/share/rosidl_generator_cpp/cmake)
[0.149s] -- Using all available rosidl_typesupport_c: rosidl_typesupport_fastrtps_c;rosidl_typesupport_introspection_c
[0.156s] -- Using all available rosidl_typesupport_cpp: rosidl_typesupport_fastrtps_cpp;rosidl_typesupport_introspection_cpp
[0.174s] -- Found rmw_implementation_cmake: 6.1.2 (/opt/ros/humble/share/rmw_implementation_cmake/cmake)
[0.175s] -- Found rmw_fastrtps_cpp: 6.2.9 (/opt/ros/humble/share/rmw_fastrtps_cpp/cmake)
[0.242s] -- Using RMW implementation 'rmw_fastrtps_cpp' as default
[0.269s] -- Found sensor_msgs: 4.9.0 (/opt/ros/humble/share/sensor_msgs/cmake)
[0.284s] -- Found tf2: 0.25.17 (/opt/ros/humble/share/tf2/cmake)
[0.286s] -- Found tf2_ros: 0.25.17 (/opt/ros/humble/share/tf2_ros/cmake)
[0.328s] -- Found tf2_geometry_msgs: 0.25.17 (/opt/ros/humble/share/tf2_geometry_msgs/cmake)
[0.330s] -- Found eigen3_cmake_module: 0.1.1 (/opt/ros/humble/share/eigen3_cmake_module/cmake)
[0.330s] -- Ensuring Eigen3 include directory is part of orocos-kdl CMake target
[0.331s] -- Found cv_bridge: 3.2.1 (/opt/ros/humble/share/cv_bridge/cmake)
[0.336s] -- Found visualization_msgs: 4.9.0 (/opt/ros/humble/share/visualization_msgs/cmake)
[0.425s] -- Configuring done
[0.431s] -- Generating done
[0.433s] -- Build files have been written to: /home/czz/nvblox_ws/build/my_nvblox
[0.458s] [35m[1mConsolidate compiler generated dependencies of target mapper_node[0m
[0.477s] [ 50%] [32mBuilding CXX object CMakeFiles/mapper_node.dir/src/mapper_node.cpp.o[0m
[3.409s] [01m[K/home/czz/nvblox_ws/src/my_nvblox/src/mapper_node.cpp:[m[K In member function ‘[01m[Kvoid MyNvbloxNode::publishMesh()[m[K’:
[3.409s] [01m[K/home/czz/nvblox_ws/src/my_nvblox/src/mapper_node.cpp:283:61:[m[K [01;31m[Kerror: [m[Kconversion from ‘[01m[Kconst nvblox::unified_vector<Eigen::Matrix<float, 3, 1> >[m[K’ to non-scalar type ‘[01m[Kstd::vector<Eigen::Matrix<float, 3, 1>, std::allocator<Eigen::Matrix<float, 3, 1> > >[m[K’ requested
[3.409s]   283 |             std::vector<nvblox::Vector3f> vertices = [01;31m[Kblock->vertices[m[K;
[3.409s]       |                                                      [01;31m[K~~~~~~~^~~~~~~~[m[K
[3.409s] [01m[K/home/czz/nvblox_ws/src/my_nvblox/src/mapper_node.cpp:284:49:[m[K [01;31m[Kerror: [m[Kconversion from ‘[01m[Kconst nvblox::unified_vector<int>[m[K’ to non-scalar type ‘[01m[Kstd::vector<int>[m[K’ requested
[3.409s]   284 |             std::vector<int> triangles = [01;31m[Kblock->triangles[m[K;
[3.409s]       |                                          [01;31m[K~~~~~~~^~~~~~~~~[m[K
[3.410s] [01m[K/home/czz/nvblox_ws/src/my_nvblox/src/mapper_node.cpp:285:56:[m[K [01;31m[Kerror: [m[K‘[01m[Kusing element_type = const struct nvblox::MeshBlock<nvblox::Color>[m[K’ {aka ‘[01m[Kconst struct nvblox::MeshBlock<nvblox::Color>[m[K’} has no member named ‘[01m[Kcolors[m[K’
[3.410s]   285 |             std::vector<nvblox::Color> colors = block->[01;31m[Kcolors[m[K;
[3.410s]       |                                                        [01;31m[K^~~~~~[m[K
[3.410s] [01m[K/home/czz/nvblox_ws/src/my_nvblox/src/mapper_node.cpp:314:43:[m[K [01;31m[Kerror: [m[Kinvalid operands of types ‘[01m[K<unresolved overloaded function type>[m[K’ and ‘[01m[Kfloat[m[K’ to binary ‘[01m[Koperator/[m[K’
[3.410s]   314 |                     c.r = colors[v_idx].r [01;31m[K/[m[K [32m[K255.0f[m[K;
[3.410s]       |                                           [01;31m[K^[m[K [32m[K~~~~~~[m[K
[3.410s]       |                                             [32m[K|[m[K
[3.410s]       |                                             [32m[Kfloat[m[K
[3.410s] [01m[K/home/czz/nvblox_ws/src/my_nvblox/src/mapper_node.cpp:315:43:[m[K [01;31m[Kerror: [m[Kinvalid operands of types ‘[01m[K<unresolved overloaded function type>[m[K’ and ‘[01m[Kfloat[m[K’ to binary ‘[01m[Koperator/[m[K’
[3.410s]   315 |                     c.g = colors[v_idx].g [01;31m[K/[m[K [32m[K255.0f[m[K;
[3.410s]       |                                           [01;31m[K^[m[K [32m[K~~~~~~[m[K
[3.410s]       |                                             [32m[K|[m[K
[3.410s]       |                                             [32m[Kfloat[m[K
[3.410s] [01m[K/home/czz/nvblox_ws/src/my_nvblox/src/mapper_node.cpp:316:43:[m[K [01;31m[Kerror: [m[Kinvalid operands of types ‘[01m[K<unresolved overloaded function type>[m[K’ and ‘[01m[Kfloat[m[K’ to binary ‘[01m[Koperator/[m[K’
[3.410s]   316 |                     c.b = colors[v_idx].b [01;31m[K/[m[K [32m[K255.0f[m[K;
[3.411s]       |                                           [01;31m[K^[m[K [32m[K~~~~~~[m[K
[3.411s]       |                                             [32m[K|[m[K
[3.411s]       |                                             [32m[Kfloat[m[K
[6.865s] gmake[2]: *** [CMakeFiles/mapper_node.dir/build.make:76：CMakeFiles/mapper_node.dir/src/mapper_node.cpp.o] 错误 1
[6.865s] gmake[1]: *** [CMakeFiles/Makefile2:137：CMakeFiles/mapper_node.dir/all] 错误 2
[6.865s] gmake: *** [Makefile:146：all] 错误 2
[6.867s] Invoked command in '/home/czz/nvblox_ws/build/my_nvblox' returned '2': CMAKE_PREFIX_PATH=${CMAKE_PREFIX_PATH}:/home/czz/workspaces/isaac_ros-dev/install/nvblox_ros_python_utils:/home/czz/workspaces/isaac_ros-dev/install/isaac_ros_test:/home/czz/workspaces/isaac_ros-dev/install/isaac_ros_launch_utils:/opt/ros/humble /usr/bin/cmake --build /home/czz/nvblox_ws/build/my_nvblox -- -j20 -l20
