-- Found ament_cmake: 1.3.12 (/opt/ros/humble/share/ament_cmake/cmake)
-- Override CMake install command with custom implementation using symlinks instead of copying resources
-- Found rclcpp: 16.0.16 (/opt/ros/humble/share/rclcpp/cmake)
-- Found rosidl_generator_c: 3.1.7 (/opt/ros/humble/share/rosidl_generator_c/cmake)
-- Found rosidl_adapter: 3.1.7 (/opt/ros/humble/share/rosidl_adapter/cmake)
-- Found rosidl_generator_cpp: 3.1.7 (/opt/ros/humble/share/rosidl_generator_cpp/cmake)
-- Using all available rosidl_typesupport_c: rosidl_typesupport_fastrtps_c;rosidl_typesupport_introspection_c
-- Using all available rosidl_typesupport_cpp: rosidl_typesupport_fastrtps_cpp;rosidl_typesupport_introspection_cpp
-- Found rmw_implementation_cmake: 6.1.2 (/opt/ros/humble/share/rmw_implementation_cmake/cmake)
-- Found rmw_fastrtps_cpp: 6.2.9 (/opt/ros/humble/share/rmw_fastrtps_cpp/cmake)
-- Using RMW implementation 'rmw_fastrtps_cpp' as default
-- Found sensor_msgs: 4.9.0 (/opt/ros/humble/share/sensor_msgs/cmake)
-- Found visualization_msgs: 4.9.0 (/opt/ros/humble/share/visualization_msgs/cmake)
-- Found tf2: 0.25.17 (/opt/ros/humble/share/tf2/cmake)
-- Found tf2_ros: 0.25.17 (/opt/ros/humble/share/tf2_ros/cmake)
-- Found tf2_eigen: 0.25.17 (/opt/ros/humble/share/tf2_eigen/cmake)
-- Found cv_bridge: 3.2.1 (/opt/ros/humble/share/cv_bridge/cmake)
-- Found image_transport: 3.1.12 (/opt/ros/humble/share/image_transport/cmake)
-- Found ament_lint_auto: 0.12.14 (/opt/ros/humble/share/ament_lint_auto/cmake)
-- Added test 'cppcheck' to perform static code analysis on C / C++ code
-- Configured cppcheck include dirs: /home/czz/nvblox_ws/src/my_nvblox/include;$<BUILD_INTERFACE:/home/czz/nvblox_ws/src/my_nvblox/include>
-- Configured cppcheck exclude dirs and/or files: 
-- Added test 'flake8' to check Python code syntax and style conventions
-- Added test 'lint_cmake' to check CMake code style
-- Added test 'pep257' to check Python code against some of the docstring style conventions in PEP 257
-- Added test 'uncrustify' to check C / C++ code style
-- Configured uncrustify additional arguments: 
-- Added test 'xmllint' to check XML markup files
-- Configuring done
-- Generating done
-- Build files have been written to: /home/czz/nvblox_ws/build/my_nvblox
[35m[1mConsolidate compiler generated dependencies of target nvblox_node[0m
[ 25%] [32mBuilding CXX object CMakeFiles/nvblox_node.dir/src/nvblox_node.cpp.o[0m
[ 50%] [32mBuilding CXX object CMakeFiles/nvblox_node.dir/src/esdf_publisher.cpp.o[0m
[01m[K/home/czz/nvblox_ws/src/my_nvblox/src/esdf_publisher.cpp:[m[K In member function ‘[01m[Kstd::vector<my_nvblox::EsdfPublisher::SamplePoint> my_nvblox::EsdfPublisher::sample_esdf_slice(const EsdfLayer&) const[m[K’:
[01m[K/home/czz/nvblox_ws/src/my_nvblox/src/esdf_publisher.cpp:56:41:[m[K [01;31m[Kerror: [m[K‘[01m[Kconst EsdfLayer[m[K’ {aka ‘[01m[Kconst class nvblox::VoxelBlockLayer<nvblox::EsdfVoxel>[m[K’} has no member named ‘[01m[KcomputeBlockIndexFromCoordinates[m[K’
   56 |       const auto block_idx = esdf_layer.[01;31m[KcomputeBlockIndexFromCoordinates[m[K(p_L);
      |                                         [01;31m[K^~~~~~~~~~~~~~~~~~~~~~~~~~~~~~~~[m[K
[01m[K/home/czz/nvblox_ws/src/my_nvblox/src/esdf_publisher.cpp:57:41:[m[K [01;31m[Kerror: [m[K‘[01m[Kconst EsdfLayer[m[K’ {aka ‘[01m[Kconst class nvblox::VoxelBlockLayer<nvblox::EsdfVoxel>[m[K’} has no member named ‘[01m[KcomputeVoxelIndexFromCoordinates[m[K’
   57 |       const auto voxel_idx = esdf_layer.[01;31m[KcomputeVoxelIndexFromCoordinates[m[K(p_L);
      |                                         [01;31m[K^~~~~~~~~~~~~~~~~~~~~~~~~~~~~~~~[m[K
gmake[2]: *** [CMakeFiles/nvblox_node.dir/build.make:104：CMakeFiles/nvblox_node.dir/src/esdf_publisher.cpp.o] 错误 1
gmake[2]: *** 正在等待未完成的任务....
gmake[1]: *** [CMakeFiles/Makefile2:137：CMakeFiles/nvblox_node.dir/all] 错误 2
gmake: *** [Makefile:146：all] 错误 2
