[0.037s] Invoking command in '/home/czz/nvblox_ws/build/my_nvblox': CMAKE_PREFIX_PATH=${CMAKE_PREFIX_PATH}:/home/czz/workspaces/isaac_ros-dev/install/nvblox_ros_python_utils:/home/czz/workspaces/isaac_ros-dev/install/isaac_ros_test:/home/czz/workspaces/isaac_ros-dev/install/isaac_ros_launch_utils:/opt/ros/humble /usr/bin/cmake --build /home/czz/nvblox_ws/build/my_nvblox -- -j20 -l20
[0.160s] -- Found ament_cmake: 1.3.12 (/opt/ros/humble/share/ament_cmake/cmake)
[0.418s] -- Override CMake install command with custom implementation using symlinks instead of copying resources
[0.437s] -- Found rclcpp: 16.0.16 (/opt/ros/humble/share/rclcpp/cmake)
[0.502s] -- Found rosidl_generator_c: 3.1.7 (/opt/ros/humble/share/rosidl_generator_c/cmake)
[0.506s] -- Found rosidl_adapter: 3.1.7 (/opt/ros/humble/share/rosidl_adapter/cmake)
[0.518s] -- Found rosidl_generator_cpp: 3.1.7 (/opt/ros/humble/share/rosidl_generator_cpp/cmake)
[0.538s] -- Using all available rosidl_typesupport_c: rosidl_typesupport_fastrtps_c;rosidl_typesupport_introspection_c
[0.563s] -- Using all available rosidl_typesupport_cpp: rosidl_typesupport_fastrtps_cpp;rosidl_typesupport_introspection_cpp
[0.631s] -- Found rmw_implementation_cmake: 6.1.2 (/opt/ros/humble/share/rmw_implementation_cmake/cmake)
[0.636s] -- Found rmw_fastrtps_cpp: 6.2.9 (/opt/ros/humble/share/rmw_fastrtps_cpp/cmake)
[0.894s] -- Using RMW implementation 'rmw_fastrtps_cpp' as default
[0.995s] -- Found sensor_msgs: 4.9.0 (/opt/ros/humble/share/sensor_msgs/cmake)
[1.048s] -- Found visualization_msgs: 4.9.0 (/opt/ros/humble/share/visualization_msgs/cmake)
[1.083s] -- Found tf2: 0.25.17 (/opt/ros/humble/share/tf2/cmake)
[1.090s] -- Found tf2_ros: 0.25.17 (/opt/ros/humble/share/tf2_ros/cmake)
[1.229s] -- Found tf2_eigen: 0.25.17 (/opt/ros/humble/share/tf2_eigen/cmake)
[1.235s] -- Found cv_bridge: 3.2.1 (/opt/ros/humble/share/cv_bridge/cmake)
[1.252s] -- Found image_transport: 3.1.12 (/opt/ros/humble/share/image_transport/cmake)
[1.405s] -- Found ament_lint_auto: 0.12.14 (/opt/ros/humble/share/ament_lint_auto/cmake)
[1.586s] -- Added test 'cppcheck' to perform static code analysis on C / C++ code
[1.587s] -- Configured cppcheck include dirs: /home/czz/nvblox_ws/src/my_nvblox/include;$<BUILD_INTERFACE:/home/czz/nvblox_ws/src/my_nvblox/include>
[1.587s] -- Configured cppcheck exclude dirs and/or files: 
[1.588s] -- Added test 'flake8' to check Python code syntax and style conventions
[1.589s] -- Added test 'lint_cmake' to check CMake code style
[1.589s] -- Added test 'pep257' to check Python code against some of the docstring style conventions in PEP 257
[1.591s] -- Added test 'uncrustify' to check C / C++ code style
[1.591s] -- Configured uncrustify additional arguments: 
[1.592s] -- Added test 'xmllint' to check XML markup files
[1.594s] -- Configuring done
[1.632s] -- Generating done
[1.640s] -- Build files have been written to: /home/czz/nvblox_ws/build/my_nvblox
[1.701s] [35m[1mConsolidate compiler generated dependencies of target nvblox_node[0m
[1.799s] [ 25%] [32mBuilding CXX object CMakeFiles/nvblox_node.dir/src/nvblox_node.cpp.o[0m
[1.805s] [ 50%] [32mBuilding CXX object CMakeFiles/nvblox_node.dir/src/esdf_publisher.cpp.o[0m
[10.887s] [01m[K/home/czz/nvblox_ws/src/my_nvblox/src/esdf_publisher.cpp:[m[K In member function ‘[01m[Kstd::vector<my_nvblox::EsdfPublisher::SamplePoint> my_nvblox::EsdfPublisher::sample_esdf_slice(const EsdfLayer&) const[m[K’:
[10.888s] [01m[K/home/czz/nvblox_ws/src/my_nvblox/src/esdf_publisher.cpp:56:41:[m[K [01;31m[Kerror: [m[K‘[01m[Kconst EsdfLayer[m[K’ {aka ‘[01m[Kconst class nvblox::VoxelBlockLayer<nvblox::EsdfVoxel>[m[K’} has no member named ‘[01m[KcomputeBlockIndexFromCoordinates[m[K’
[10.888s]    56 |       const auto block_idx = esdf_layer.[01;31m[KcomputeBlockIndexFromCoordinates[m[K(p_L);
[10.888s]       |                                         [01;31m[K^~~~~~~~~~~~~~~~~~~~~~~~~~~~~~~~[m[K
[10.888s] [01m[K/home/czz/nvblox_ws/src/my_nvblox/src/esdf_publisher.cpp:57:41:[m[K [01;31m[Kerror: [m[K‘[01m[Kconst EsdfLayer[m[K’ {aka ‘[01m[Kconst class nvblox::VoxelBlockLayer<nvblox::EsdfVoxel>[m[K’} has no member named ‘[01m[KcomputeVoxelIndexFromCoordinates[m[K’
[10.888s]    57 |       const auto voxel_idx = esdf_layer.[01;31m[KcomputeVoxelIndexFromCoordinates[m[K(p_L);
[10.888s]       |                                         [01;31m[K^~~~~~~~~~~~~~~~~~~~~~~~~~~~~~~~[m[K
[14.686s] gmake[2]: *** [CMakeFiles/nvblox_node.dir/build.make:104：CMakeFiles/nvblox_node.dir/src/esdf_publisher.cpp.o] 错误 1
[14.686s] gmake[2]: *** 正在等待未完成的任务....
[35.129s] gmake[1]: *** [CMakeFiles/Makefile2:137：CMakeFiles/nvblox_node.dir/all] 错误 2
[35.130s] gmake: *** [Makefile:146：all] 错误 2
[35.134s] Invoked command in '/home/czz/nvblox_ws/build/my_nvblox' returned '2': CMAKE_PREFIX_PATH=${CMAKE_PREFIX_PATH}:/home/czz/workspaces/isaac_ros-dev/install/nvblox_ros_python_utils:/home/czz/workspaces/isaac_ros-dev/install/isaac_ros_test:/home/czz/workspaces/isaac_ros-dev/install/isaac_ros_launch_utils:/opt/ros/humble /usr/bin/cmake --build /home/czz/nvblox_ws/build/my_nvblox -- -j20 -l20
