[0.138s] DEBUG:colcon:Command line arguments: ['/usr/bin/colcon', 'build', '--symlink-install', '--packages-select', 'nvblox_realsenseD435']
[0.138s] DEBUG:colcon:Parsed command line arguments: Namespace(log_base=None, log_level=None, verb_name='build', build_base='build', install_base='install', merge_install=False, symlink_install=True, test_result_base=None, continue_on_error=False, executor='parallel', parallel_workers=20, event_handlers=None, ignore_user_meta=False, metas=['./colcon.meta'], base_paths=['.'], packages_ignore=None, packages_ignore_regex=None, paths=None, packages_up_to=None, packages_up_to_regex=None, packages_above=None, packages_above_and_dependencies=None, packages_above_depth=None, packages_select_by_dep=None, packages_skip_by_dep=None, packages_skip_up_to=None, packages_select_build_failed=False, packages_skip_build_finished=False, packages_select_test_failures=False, packages_skip_test_passed=False, packages_select=['nvblox_realsenseD435'], packages_skip=None, packages_select_regex=None, packages_skip_regex=None, packages_start=None, packages_end=None, allow_overriding=[], cmake_args=None, cmake_target=None, cmake_target_skip_unavailable=False, cmake_clean_cache=False, cmake_clean_first=False, cmake_force_configure=False, ament_cmake_args=None, catkin_cmake_args=None, catkin_skip_building_tests=False, verb_parser=<colcon_defaults.argument_parser.defaults.DefaultArgumentsDecorator object at 0x77e0b75524a0>, verb_extension=<colcon_core.verb.build.BuildVerb object at 0x77e0b7693a60>, main=<bound method BuildVerb.main of <colcon_core.verb.build.BuildVerb object at 0x77e0b7693a60>>)
[0.352s] Level 1:colcon.colcon_core.package_discovery:discover_packages(colcon_meta) check parameters
[0.352s] Level 1:colcon.colcon_core.package_discovery:discover_packages(recursive) check parameters
[0.352s] Level 1:colcon.colcon_core.package_discovery:discover_packages(ignore) check parameters
[0.352s] Level 1:colcon.colcon_core.package_discovery:discover_packages(path) check parameters
[0.352s] Level 1:colcon.colcon_core.package_discovery:discover_packages(colcon_meta) discover
[0.352s] Level 1:colcon.colcon_core.package_discovery:discover_packages(recursive) discover
[0.352s] INFO:colcon.colcon_core.package_discovery:Crawling recursively for packages in '/home/czz/nvblox_ws'
[0.352s] Level 1:colcon.colcon_core.package_identification:_identify(.) by extensions ['ignore', 'ignore_ament_install']
[0.352s] Level 1:colcon.colcon_core.package_identification:_identify(.) by extension 'ignore'
[0.352s] Level 1:colcon.colcon_core.package_identification:_identify(.) by extension 'ignore_ament_install'
[0.352s] Level 1:colcon.colcon_core.package_identification:_identify(.) by extensions ['colcon_pkg']
[0.352s] Level 1:colcon.colcon_core.package_identification:_identify(.) by extension 'colcon_pkg'
[0.352s] Level 1:colcon.colcon_core.package_identification:_identify(.) by extensions ['colcon_meta']
[0.352s] Level 1:colcon.colcon_core.package_identification:_identify(.) by extension 'colcon_meta'
[0.352s] Level 1:colcon.colcon_core.package_identification:_identify(.) by extensions ['ros']
[0.352s] Level 1:colcon.colcon_core.package_identification:_identify(.) by extension 'ros'
[0.372s] Level 1:colcon.colcon_core.package_identification:_identify(.) by extensions ['cmake', 'python']
[0.372s] Level 1:colcon.colcon_core.package_identification:_identify(.) by extension 'cmake'
[0.372s] Level 1:colcon.colcon_core.package_identification:_identify(.) by extension 'python'
[0.372s] Level 1:colcon.colcon_core.package_identification:_identify(.) by extensions ['python_setup_py']
[0.372s] Level 1:colcon.colcon_core.package_identification:_identify(.) by extension 'python_setup_py'
[0.372s] Level 1:colcon.colcon_core.package_identification:_identify(build) by extensions ['ignore', 'ignore_ament_install']
[0.372s] Level 1:colcon.colcon_core.package_identification:_identify(build) by extension 'ignore'
[0.372s] Level 1:colcon.colcon_core.package_identification:_identify(build) ignored
[0.372s] Level 1:colcon.colcon_core.package_identification:_identify(install) by extensions ['ignore', 'ignore_ament_install']
[0.372s] Level 1:colcon.colcon_core.package_identification:_identify(install) by extension 'ignore'
[0.372s] Level 1:colcon.colcon_core.package_identification:_identify(install) ignored
[0.373s] Level 1:colcon.colcon_core.package_identification:_identify(log) by extensions ['ignore', 'ignore_ament_install']
[0.373s] Level 1:colcon.colcon_core.package_identification:_identify(log) by extension 'ignore'
[0.373s] Level 1:colcon.colcon_core.package_identification:_identify(log) ignored
[0.373s] Level 1:colcon.colcon_core.package_identification:_identify(src) by extensions ['ignore', 'ignore_ament_install']
[0.373s] Level 1:colcon.colcon_core.package_identification:_identify(src) by extension 'ignore'
[0.373s] Level 1:colcon.colcon_core.package_identification:_identify(src) by extension 'ignore_ament_install'
[0.373s] Level 1:colcon.colcon_core.package_identification:_identify(src) by extensions ['colcon_pkg']
[0.373s] Level 1:colcon.colcon_core.package_identification:_identify(src) by extension 'colcon_pkg'
[0.373s] Level 1:colcon.colcon_core.package_identification:_identify(src) by extensions ['colcon_meta']
[0.373s] Level 1:colcon.colcon_core.package_identification:_identify(src) by extension 'colcon_meta'
[0.373s] Level 1:colcon.colcon_core.package_identification:_identify(src) by extensions ['ros']
[0.373s] Level 1:colcon.colcon_core.package_identification:_identify(src) by extension 'ros'
[0.373s] Level 1:colcon.colcon_core.package_identification:_identify(src) by extensions ['cmake', 'python']
[0.373s] Level 1:colcon.colcon_core.package_identification:_identify(src) by extension 'cmake'
[0.373s] Level 1:colcon.colcon_core.package_identification:_identify(src) by extension 'python'
[0.373s] Level 1:colcon.colcon_core.package_identification:_identify(src) by extensions ['python_setup_py']
[0.373s] Level 1:colcon.colcon_core.package_identification:_identify(src) by extension 'python_setup_py'
[0.373s] Level 1:colcon.colcon_core.package_identification:_identify(src/my_nvblox) by extensions ['ignore', 'ignore_ament_install']
[0.373s] Level 1:colcon.colcon_core.package_identification:_identify(src/my_nvblox) by extension 'ignore'
[0.373s] Level 1:colcon.colcon_core.package_identification:_identify(src/my_nvblox) by extension 'ignore_ament_install'
[0.373s] Level 1:colcon.colcon_core.package_identification:_identify(src/my_nvblox) by extensions ['colcon_pkg']
[0.373s] Level 1:colcon.colcon_core.package_identification:_identify(src/my_nvblox) by extension 'colcon_pkg'
[0.373s] Level 1:colcon.colcon_core.package_identification:_identify(src/my_nvblox) by extensions ['colcon_meta']
[0.373s] Level 1:colcon.colcon_core.package_identification:_identify(src/my_nvblox) by extension 'colcon_meta'
[0.373s] Level 1:colcon.colcon_core.package_identification:_identify(src/my_nvblox) by extensions ['ros']
[0.373s] Level 1:colcon.colcon_core.package_identification:_identify(src/my_nvblox) by extension 'ros'
[0.376s] DEBUG:colcon.colcon_core.package_identification:Package 'src/my_nvblox' with type 'ros.ament_cmake' and name 'my_nvblox'
[0.376s] Level 1:colcon.colcon_core.package_identification:_identify(src/nvblox) by extensions ['ignore', 'ignore_ament_install']
[0.376s] Level 1:colcon.colcon_core.package_identification:_identify(src/nvblox) by extension 'ignore'
[0.376s] Level 1:colcon.colcon_core.package_identification:_identify(src/nvblox) by extension 'ignore_ament_install'
[0.376s] Level 1:colcon.colcon_core.package_identification:_identify(src/nvblox) by extensions ['colcon_pkg']
[0.376s] Level 1:colcon.colcon_core.package_identification:_identify(src/nvblox) by extension 'colcon_pkg'
[0.376s] Level 1:colcon.colcon_core.package_identification:_identify(src/nvblox) by extensions ['colcon_meta']
[0.376s] Level 1:colcon.colcon_core.package_identification:_identify(src/nvblox) by extension 'colcon_meta'
[0.376s] Level 1:colcon.colcon_core.package_identification:_identify(src/nvblox) by extensions ['ros']
[0.376s] Level 1:colcon.colcon_core.package_identification:_identify(src/nvblox) by extension 'ros'
[0.376s] Level 1:colcon.colcon_core.package_identification:_identify(src/nvblox) by extensions ['cmake', 'python']
[0.376s] Level 1:colcon.colcon_core.package_identification:_identify(src/nvblox) by extension 'cmake'
[1.015s] Level 1:colcon.colcon_core.package_identification:_identify(src/nvblox) by extension 'python'
[1.015s] DEBUG:colcon.colcon_core.package_identification:Package 'src/nvblox' with type 'cmake' and name 'nvblox'
[1.015s] Level 1:colcon.colcon_core.package_identification:_identify(src/nvblox_realsenseD435) by extensions ['ignore', 'ignore_ament_install']
[1.015s] Level 1:colcon.colcon_core.package_identification:_identify(src/nvblox_realsenseD435) by extension 'ignore'
[1.015s] Level 1:colcon.colcon_core.package_identification:_identify(src/nvblox_realsenseD435) by extension 'ignore_ament_install'
[1.015s] Level 1:colcon.colcon_core.package_identification:_identify(src/nvblox_realsenseD435) by extensions ['colcon_pkg']
[1.015s] Level 1:colcon.colcon_core.package_identification:_identify(src/nvblox_realsenseD435) by extension 'colcon_pkg'
[1.015s] Level 1:colcon.colcon_core.package_identification:_identify(src/nvblox_realsenseD435) by extensions ['colcon_meta']
[1.015s] Level 1:colcon.colcon_core.package_identification:_identify(src/nvblox_realsenseD435) by extension 'colcon_meta'
[1.015s] Level 1:colcon.colcon_core.package_identification:_identify(src/nvblox_realsenseD435) by extensions ['ros']
[1.015s] Level 1:colcon.colcon_core.package_identification:_identify(src/nvblox_realsenseD435) by extension 'ros'
[1.015s] Level 1:colcon.colcon_core.package_identification:_identify(src/nvblox_realsenseD435) by extensions ['cmake', 'python']
[1.015s] Level 1:colcon.colcon_core.package_identification:_identify(src/nvblox_realsenseD435) by extension 'cmake'
[1.015s] Level 1:colcon.colcon_core.package_identification:_identify(src/nvblox_realsenseD435) by extension 'python'
[1.015s] Level 1:colcon.colcon_core.package_identification:_identify(src/nvblox_realsenseD435) by extensions ['python_setup_py']
[1.015s] Level 1:colcon.colcon_core.package_identification:_identify(src/nvblox_realsenseD435) by extension 'python_setup_py'
[1.015s] Level 1:colcon.colcon_core.package_identification:_identify(src/nvblox_realsenseD435/nvblox_D435i) by extensions ['ignore', 'ignore_ament_install']
[1.016s] Level 1:colcon.colcon_core.package_identification:_identify(src/nvblox_realsenseD435/nvblox_D435i) by extension 'ignore'
[1.016s] Level 1:colcon.colcon_core.package_identification:_identify(src/nvblox_realsenseD435/nvblox_D435i) by extension 'ignore_ament_install'
[1.016s] Level 1:colcon.colcon_core.package_identification:_identify(src/nvblox_realsenseD435/nvblox_D435i) by extensions ['colcon_pkg']
[1.016s] Level 1:colcon.colcon_core.package_identification:_identify(src/nvblox_realsenseD435/nvblox_D435i) by extension 'colcon_pkg'
[1.016s] Level 1:colcon.colcon_core.package_identification:_identify(src/nvblox_realsenseD435/nvblox_D435i) by extensions ['colcon_meta']
[1.016s] Level 1:colcon.colcon_core.package_identification:_identify(src/nvblox_realsenseD435/nvblox_D435i) by extension 'colcon_meta'
[1.016s] Level 1:colcon.colcon_core.package_identification:_identify(src/nvblox_realsenseD435/nvblox_D435i) by extensions ['ros']
[1.016s] Level 1:colcon.colcon_core.package_identification:_identify(src/nvblox_realsenseD435/nvblox_D435i) by extension 'ros'
[1.016s] Level 1:colcon.colcon_core.package_identification:_identify(src/nvblox_realsenseD435/nvblox_D435i) by extensions ['cmake', 'python']
[1.016s] Level 1:colcon.colcon_core.package_identification:_identify(src/nvblox_realsenseD435/nvblox_D435i) by extension 'cmake'
[1.016s] Level 1:colcon.colcon_core.package_identification:_identify(src/nvblox_realsenseD435/nvblox_D435i) by extension 'python'
[1.016s] Level 1:colcon.colcon_core.package_identification:_identify(src/nvblox_realsenseD435/nvblox_D435i) by extensions ['python_setup_py']
[1.016s] Level 1:colcon.colcon_core.package_identification:_identify(src/nvblox_realsenseD435/nvblox_D435i) by extension 'python_setup_py'
[1.016s] Level 1:colcon.colcon_core.package_identification:_identify(src/nvblox_realsenseD435/nvblox_D435i/__pycache__) by extensions ['ignore', 'ignore_ament_install']
[1.016s] Level 1:colcon.colcon_core.package_identification:_identify(src/nvblox_realsenseD435/nvblox_D435i/__pycache__) by extension 'ignore'
[1.016s] Level 1:colcon.colcon_core.package_identification:_identify(src/nvblox_realsenseD435/nvblox_D435i/__pycache__) by extension 'ignore_ament_install'
[1.016s] Level 1:colcon.colcon_core.package_identification:_identify(src/nvblox_realsenseD435/nvblox_D435i/__pycache__) by extensions ['colcon_pkg']
[1.016s] Level 1:colcon.colcon_core.package_identification:_identify(src/nvblox_realsenseD435/nvblox_D435i/__pycache__) by extension 'colcon_pkg'
[1.016s] Level 1:colcon.colcon_core.package_identification:_identify(src/nvblox_realsenseD435/nvblox_D435i/__pycache__) by extensions ['colcon_meta']
[1.016s] Level 1:colcon.colcon_core.package_identification:_identify(src/nvblox_realsenseD435/nvblox_D435i/__pycache__) by extension 'colcon_meta'
[1.016s] Level 1:colcon.colcon_core.package_identification:_identify(src/nvblox_realsenseD435/nvblox_D435i/__pycache__) by extensions ['ros']
[1.016s] Level 1:colcon.colcon_core.package_identification:_identify(src/nvblox_realsenseD435/nvblox_D435i/__pycache__) by extension 'ros'
[1.016s] Level 1:colcon.colcon_core.package_identification:_identify(src/nvblox_realsenseD435/nvblox_D435i/__pycache__) by extensions ['cmake', 'python']
[1.016s] Level 1:colcon.colcon_core.package_identification:_identify(src/nvblox_realsenseD435/nvblox_D435i/__pycache__) by extension 'cmake'
[1.016s] Level 1:colcon.colcon_core.package_identification:_identify(src/nvblox_realsenseD435/nvblox_D435i/__pycache__) by extension 'python'
[1.016s] Level 1:colcon.colcon_core.package_identification:_identify(src/nvblox_realsenseD435/nvblox_D435i/__pycache__) by extensions ['python_setup_py']
[1.016s] Level 1:colcon.colcon_core.package_identification:_identify(src/nvblox_realsenseD435/nvblox_D435i/__pycache__) by extension 'python_setup_py'
[1.016s] Level 1:colcon.colcon_core.package_identification:_identify(src/nvblox_realsenseD435/nvblox_D435i/launch) by extensions ['ignore', 'ignore_ament_install']
[1.016s] Level 1:colcon.colcon_core.package_identification:_identify(src/nvblox_realsenseD435/nvblox_D435i/launch) by extension 'ignore'
[1.016s] Level 1:colcon.colcon_core.package_identification:_identify(src/nvblox_realsenseD435/nvblox_D435i/launch) by extension 'ignore_ament_install'
[1.016s] Level 1:colcon.colcon_core.package_identification:_identify(src/nvblox_realsenseD435/nvblox_D435i/launch) by extensions ['colcon_pkg']
[1.016s] Level 1:colcon.colcon_core.package_identification:_identify(src/nvblox_realsenseD435/nvblox_D435i/launch) by extension 'colcon_pkg'
[1.016s] Level 1:colcon.colcon_core.package_identification:_identify(src/nvblox_realsenseD435/nvblox_D435i/launch) by extensions ['colcon_meta']
[1.016s] Level 1:colcon.colcon_core.package_identification:_identify(src/nvblox_realsenseD435/nvblox_D435i/launch) by extension 'colcon_meta'
[1.016s] Level 1:colcon.colcon_core.package_identification:_identify(src/nvblox_realsenseD435/nvblox_D435i/launch) by extensions ['ros']
[1.016s] Level 1:colcon.colcon_core.package_identification:_identify(src/nvblox_realsenseD435/nvblox_D435i/launch) by extension 'ros'
[1.016s] Level 1:colcon.colcon_core.package_identification:_identify(src/nvblox_realsenseD435/nvblox_D435i/launch) by extensions ['cmake', 'python']
[1.016s] Level 1:colcon.colcon_core.package_identification:_identify(src/nvblox_realsenseD435/nvblox_D435i/launch) by extension 'cmake'
[1.016s] Level 1:colcon.colcon_core.package_identification:_identify(src/nvblox_realsenseD435/nvblox_D435i/launch) by extension 'python'
[1.016s] Level 1:colcon.colcon_core.package_identification:_identify(src/nvblox_realsenseD435/nvblox_D435i/launch) by extensions ['python_setup_py']
[1.016s] Level 1:colcon.colcon_core.package_identification:_identify(src/nvblox_realsenseD435/nvblox_D435i/launch) by extension 'python_setup_py'
[1.016s] Level 1:colcon.colcon_core.package_identification:_identify(src/nvblox_realsenseD435/nvblox_D435i/launch/__pycache__) by extensions ['ignore', 'ignore_ament_install']
[1.016s] Level 1:colcon.colcon_core.package_identification:_identify(src/nvblox_realsenseD435/nvblox_D435i/launch/__pycache__) by extension 'ignore'
[1.017s] Level 1:colcon.colcon_core.package_identification:_identify(src/nvblox_realsenseD435/nvblox_D435i/launch/__pycache__) by extension 'ignore_ament_install'
[1.017s] Level 1:colcon.colcon_core.package_identification:_identify(src/nvblox_realsenseD435/nvblox_D435i/launch/__pycache__) by extensions ['colcon_pkg']
[1.017s] Level 1:colcon.colcon_core.package_identification:_identify(src/nvblox_realsenseD435/nvblox_D435i/launch/__pycache__) by extension 'colcon_pkg'
[1.017s] Level 1:colcon.colcon_core.package_identification:_identify(src/nvblox_realsenseD435/nvblox_D435i/launch/__pycache__) by extensions ['colcon_meta']
[1.017s] Level 1:colcon.colcon_core.package_identification:_identify(src/nvblox_realsenseD435/nvblox_D435i/launch/__pycache__) by extension 'colcon_meta'
[1.017s] Level 1:colcon.colcon_core.package_identification:_identify(src/nvblox_realsenseD435/nvblox_D435i/launch/__pycache__) by extensions ['ros']
[1.017s] Level 1:colcon.colcon_core.package_identification:_identify(src/nvblox_realsenseD435/nvblox_D435i/launch/__pycache__) by extension 'ros'
[1.017s] Level 1:colcon.colcon_core.package_identification:_identify(src/nvblox_realsenseD435/nvblox_D435i/launch/__pycache__) by extensions ['cmake', 'python']
[1.017s] Level 1:colcon.colcon_core.package_identification:_identify(src/nvblox_realsenseD435/nvblox_D435i/launch/__pycache__) by extension 'cmake'
[1.017s] Level 1:colcon.colcon_core.package_identification:_identify(src/nvblox_realsenseD435/nvblox_D435i/launch/__pycache__) by extension 'python'
[1.017s] Level 1:colcon.colcon_core.package_identification:_identify(src/nvblox_realsenseD435/nvblox_D435i/launch/__pycache__) by extensions ['python_setup_py']
[1.017s] Level 1:colcon.colcon_core.package_identification:_identify(src/nvblox_realsenseD435/nvblox_D435i/launch/__pycache__) by extension 'python_setup_py'
[1.017s] Level 1:colcon.colcon_core.package_identification:_identify(src/nvblox_realsenseD435/nvblox_D435i/result) by extensions ['ignore', 'ignore_ament_install']
[1.017s] Level 1:colcon.colcon_core.package_identification:_identify(src/nvblox_realsenseD435/nvblox_D435i/result) by extension 'ignore'
[1.017s] Level 1:colcon.colcon_core.package_identification:_identify(src/nvblox_realsenseD435/nvblox_D435i/result) by extension 'ignore_ament_install'
[1.017s] Level 1:colcon.colcon_core.package_identification:_identify(src/nvblox_realsenseD435/nvblox_D435i/result) by extensions ['colcon_pkg']
[1.017s] Level 1:colcon.colcon_core.package_identification:_identify(src/nvblox_realsenseD435/nvblox_D435i/result) by extension 'colcon_pkg'
[1.017s] Level 1:colcon.colcon_core.package_identification:_identify(src/nvblox_realsenseD435/nvblox_D435i/result) by extensions ['colcon_meta']
[1.017s] Level 1:colcon.colcon_core.package_identification:_identify(src/nvblox_realsenseD435/nvblox_D435i/result) by extension 'colcon_meta'
[1.017s] Level 1:colcon.colcon_core.package_identification:_identify(src/nvblox_realsenseD435/nvblox_D435i/result) by extensions ['ros']
[1.017s] Level 1:colcon.colcon_core.package_identification:_identify(src/nvblox_realsenseD435/nvblox_D435i/result) by extension 'ros'
[1.017s] Level 1:colcon.colcon_core.package_identification:_identify(src/nvblox_realsenseD435/nvblox_D435i/result) by extensions ['cmake', 'python']
[1.017s] Level 1:colcon.colcon_core.package_identification:_identify(src/nvblox_realsenseD435/nvblox_D435i/result) by extension 'cmake'
[1.017s] Level 1:colcon.colcon_core.package_identification:_identify(src/nvblox_realsenseD435/nvblox_D435i/result) by extension 'python'
[1.017s] Level 1:colcon.colcon_core.package_identification:_identify(src/nvblox_realsenseD435/nvblox_D435i/result) by extensions ['python_setup_py']
[1.017s] Level 1:colcon.colcon_core.package_identification:_identify(src/nvblox_realsenseD435/nvblox_D435i/result) by extension 'python_setup_py'
[1.017s] Level 1:colcon.colcon_core.package_identification:_identify(src/nvblox_realsenseD435/realsense_gazebo_plugin) by extensions ['ignore', 'ignore_ament_install']
[1.017s] Level 1:colcon.colcon_core.package_identification:_identify(src/nvblox_realsenseD435/realsense_gazebo_plugin) by extension 'ignore'
[1.017s] Level 1:colcon.colcon_core.package_identification:_identify(src/nvblox_realsenseD435/realsense_gazebo_plugin) by extension 'ignore_ament_install'
[1.017s] Level 1:colcon.colcon_core.package_identification:_identify(src/nvblox_realsenseD435/realsense_gazebo_plugin) by extensions ['colcon_pkg']
[1.017s] Level 1:colcon.colcon_core.package_identification:_identify(src/nvblox_realsenseD435/realsense_gazebo_plugin) by extension 'colcon_pkg'
[1.017s] Level 1:colcon.colcon_core.package_identification:_identify(src/nvblox_realsenseD435/realsense_gazebo_plugin) by extensions ['colcon_meta']
[1.017s] Level 1:colcon.colcon_core.package_identification:_identify(src/nvblox_realsenseD435/realsense_gazebo_plugin) by extension 'colcon_meta'
[1.017s] Level 1:colcon.colcon_core.package_identification:_identify(src/nvblox_realsenseD435/realsense_gazebo_plugin) by extensions ['ros']
[1.017s] Level 1:colcon.colcon_core.package_identification:_identify(src/nvblox_realsenseD435/realsense_gazebo_plugin) by extension 'ros'
[1.017s] Level 1:colcon.colcon_core.package_identification:_identify(src/nvblox_realsenseD435/realsense_gazebo_plugin) by extensions ['cmake', 'python']
[1.017s] Level 1:colcon.colcon_core.package_identification:_identify(src/nvblox_realsenseD435/realsense_gazebo_plugin) by extension 'cmake'
[1.017s] Level 1:colcon.colcon_core.package_identification:_identify(src/nvblox_realsenseD435/realsense_gazebo_plugin) by extension 'python'
[1.017s] Level 1:colcon.colcon_core.package_identification:_identify(src/nvblox_realsenseD435/realsense_gazebo_plugin) by extensions ['python_setup_py']
[1.017s] Level 1:colcon.colcon_core.package_identification:_identify(src/nvblox_realsenseD435/realsense_gazebo_plugin) by extension 'python_setup_py'
[1.017s] Level 1:colcon.colcon_core.package_identification:_identify(src/nvblox_realsenseD435/sim_gazebo_scene) by extensions ['ignore', 'ignore_ament_install']
[1.017s] Level 1:colcon.colcon_core.package_identification:_identify(src/nvblox_realsenseD435/sim_gazebo_scene) by extension 'ignore'
[1.017s] Level 1:colcon.colcon_core.package_identification:_identify(src/nvblox_realsenseD435/sim_gazebo_scene) by extension 'ignore_ament_install'
[1.017s] Level 1:colcon.colcon_core.package_identification:_identify(src/nvblox_realsenseD435/sim_gazebo_scene) by extensions ['colcon_pkg']
[1.017s] Level 1:colcon.colcon_core.package_identification:_identify(src/nvblox_realsenseD435/sim_gazebo_scene) by extension 'colcon_pkg'
[1.017s] Level 1:colcon.colcon_core.package_identification:_identify(src/nvblox_realsenseD435/sim_gazebo_scene) by extensions ['colcon_meta']
[1.017s] Level 1:colcon.colcon_core.package_identification:_identify(src/nvblox_realsenseD435/sim_gazebo_scene) by extension 'colcon_meta'
[1.018s] Level 1:colcon.colcon_core.package_identification:_identify(src/nvblox_realsenseD435/sim_gazebo_scene) by extensions ['ros']
[1.018s] Level 1:colcon.colcon_core.package_identification:_identify(src/nvblox_realsenseD435/sim_gazebo_scene) by extension 'ros'
[1.018s] DEBUG:colcon.colcon_core.package_identification:Package 'src/nvblox_realsenseD435/sim_gazebo_scene' with type 'ros.ament_python' and name 'sim_gazebo_scene'
[1.018s] Level 1:colcon.colcon_core.package_identification:_identify(src/nvblox_realsenseD435/sim_gazebo_scene_two_d435) by extensions ['ignore', 'ignore_ament_install']
[1.018s] Level 1:colcon.colcon_core.package_identification:_identify(src/nvblox_realsenseD435/sim_gazebo_scene_two_d435) by extension 'ignore'
[1.018s] Level 1:colcon.colcon_core.package_identification:_identify(src/nvblox_realsenseD435/sim_gazebo_scene_two_d435) by extension 'ignore_ament_install'
[1.018s] Level 1:colcon.colcon_core.package_identification:_identify(src/nvblox_realsenseD435/sim_gazebo_scene_two_d435) by extensions ['colcon_pkg']
[1.018s] Level 1:colcon.colcon_core.package_identification:_identify(src/nvblox_realsenseD435/sim_gazebo_scene_two_d435) by extension 'colcon_pkg'
[1.018s] Level 1:colcon.colcon_core.package_identification:_identify(src/nvblox_realsenseD435/sim_gazebo_scene_two_d435) by extensions ['colcon_meta']
[1.018s] Level 1:colcon.colcon_core.package_identification:_identify(src/nvblox_realsenseD435/sim_gazebo_scene_two_d435) by extension 'colcon_meta'
[1.018s] Level 1:colcon.colcon_core.package_identification:_identify(src/nvblox_realsenseD435/sim_gazebo_scene_two_d435) by extensions ['ros']
[1.018s] Level 1:colcon.colcon_core.package_identification:_identify(src/nvblox_realsenseD435/sim_gazebo_scene_two_d435) by extension 'ros'
[1.019s] DEBUG:colcon.colcon_core.package_identification:Package 'src/nvblox_realsenseD435/sim_gazebo_scene_two_d435' with type 'ros.ament_python' and name 'sim_gazebo_scene_two_d435'
[1.019s] Level 1:colcon.colcon_core.package_identification:_identify(src/nvblox_realsenseD435/sim_nvblox) by extensions ['ignore', 'ignore_ament_install']
[1.019s] Level 1:colcon.colcon_core.package_identification:_identify(src/nvblox_realsenseD435/sim_nvblox) by extension 'ignore'
[1.019s] Level 1:colcon.colcon_core.package_identification:_identify(src/nvblox_realsenseD435/sim_nvblox) by extension 'ignore_ament_install'
[1.019s] Level 1:colcon.colcon_core.package_identification:_identify(src/nvblox_realsenseD435/sim_nvblox) by extensions ['colcon_pkg']
[1.019s] Level 1:colcon.colcon_core.package_identification:_identify(src/nvblox_realsenseD435/sim_nvblox) by extension 'colcon_pkg'
[1.019s] Level 1:colcon.colcon_core.package_identification:_identify(src/nvblox_realsenseD435/sim_nvblox) by extensions ['colcon_meta']
[1.019s] Level 1:colcon.colcon_core.package_identification:_identify(src/nvblox_realsenseD435/sim_nvblox) by extension 'colcon_meta'
[1.019s] Level 1:colcon.colcon_core.package_identification:_identify(src/nvblox_realsenseD435/sim_nvblox) by extensions ['ros']
[1.019s] Level 1:colcon.colcon_core.package_identification:_identify(src/nvblox_realsenseD435/sim_nvblox) by extension 'ros'
[1.019s] DEBUG:colcon.colcon_core.package_identification:Package 'src/nvblox_realsenseD435/sim_nvblox' with type 'ros.ament_python' and name 'sim_nvblox'
[1.019s] Level 1:colcon.colcon_core.package_identification:_identify(src/nvblox_realsenseD435/sim_nvblox_two_d435) by extensions ['ignore', 'ignore_ament_install']
[1.020s] Level 1:colcon.colcon_core.package_identification:_identify(src/nvblox_realsenseD435/sim_nvblox_two_d435) by extension 'ignore'
[1.020s] Level 1:colcon.colcon_core.package_identification:_identify(src/nvblox_realsenseD435/sim_nvblox_two_d435) by extension 'ignore_ament_install'
[1.020s] Level 1:colcon.colcon_core.package_identification:_identify(src/nvblox_realsenseD435/sim_nvblox_two_d435) by extensions ['colcon_pkg']
[1.020s] Level 1:colcon.colcon_core.package_identification:_identify(src/nvblox_realsenseD435/sim_nvblox_two_d435) by extension 'colcon_pkg'
[1.020s] Level 1:colcon.colcon_core.package_identification:_identify(src/nvblox_realsenseD435/sim_nvblox_two_d435) by extensions ['colcon_meta']
[1.020s] Level 1:colcon.colcon_core.package_identification:_identify(src/nvblox_realsenseD435/sim_nvblox_two_d435) by extension 'colcon_meta'
[1.020s] Level 1:colcon.colcon_core.package_identification:_identify(src/nvblox_realsenseD435/sim_nvblox_two_d435) by extensions ['ros']
[1.020s] Level 1:colcon.colcon_core.package_identification:_identify(src/nvblox_realsenseD435/sim_nvblox_two_d435) by extension 'ros'
[1.020s] DEBUG:colcon.colcon_core.package_identification:Package 'src/nvblox_realsenseD435/sim_nvblox_two_d435' with type 'ros.ament_python' and name 'sim_nvblox_two_d435'
[1.020s] Level 1:colcon.colcon_core.package_discovery:discover_packages(recursive) using defaults
[1.020s] Level 1:colcon.colcon_core.package_discovery:discover_packages(ignore) discover
[1.020s] Level 1:colcon.colcon_core.package_discovery:discover_packages(ignore) using defaults
[1.020s] Level 1:colcon.colcon_core.package_discovery:discover_packages(path) discover
[1.020s] Level 1:colcon.colcon_core.package_discovery:discover_packages(path) using defaults
[1.020s] WARNING:colcon.colcon_core.package_selection:ignoring unknown package 'nvblox_realsenseD435' in --packages-select
[1.040s] INFO:colcon.colcon_core.package_selection:Skipping not selected package 'my_nvblox' in 'src/my_nvblox'
[1.040s] INFO:colcon.colcon_core.package_selection:Skipping not selected package 'nvblox' in 'src/nvblox'
[1.040s] INFO:colcon.colcon_core.package_selection:Skipping not selected package 'sim_gazebo_scene' in 'src/nvblox_realsenseD435/sim_gazebo_scene'
[1.040s] INFO:colcon.colcon_core.package_selection:Skipping not selected package 'sim_gazebo_scene_two_d435' in 'src/nvblox_realsenseD435/sim_gazebo_scene_two_d435'
[1.040s] INFO:colcon.colcon_core.package_selection:Skipping not selected package 'sim_nvblox' in 'src/nvblox_realsenseD435/sim_nvblox'
[1.040s] INFO:colcon.colcon_core.package_selection:Skipping not selected package 'sim_nvblox_two_d435' in 'src/nvblox_realsenseD435/sim_nvblox_two_d435'
[1.040s] Level 1:colcon.colcon_core.package_discovery:discover_packages(prefix_path) check parameters
[1.040s] Level 1:colcon.colcon_core.package_discovery:discover_packages(prefix_path) discover
[1.046s] DEBUG:colcon.colcon_installed_package_information.package_discovery:Found 9 installed packages in /home/czz/ros_pack/install
[1.047s] DEBUG:colcon.colcon_installed_package_information.package_discovery:Found 21 installed packages in /home/czz/workspaces/isaac_ros-dev/install
[1.048s] DEBUG:colcon.colcon_installed_package_information.package_discovery:Found 435 installed packages in /opt/ros/humble
[1.049s] Level 1:colcon.colcon_core.package_discovery:discover_packages(prefix_path) using defaults
[1.082s] INFO:colcon.colcon_core.executor:Executing jobs using 'parallel' executor
[1.082s] DEBUG:colcon.colcon_parallel_executor.executor.parallel:run_until_complete
[1.083s] DEBUG:colcon.colcon_parallel_executor.executor.parallel:closing loop
[1.083s] DEBUG:colcon.colcon_parallel_executor.executor.parallel:loop closed
[1.083s] DEBUG:colcon.colcon_parallel_executor.executor.parallel:run_until_complete finished with '0'
[1.083s] DEBUG:colcon.colcon_core.event_reactor:joining thread
[1.091s] INFO:colcon.colcon_core.plugin_system:Skipping extension 'colcon_notification.desktop_notification.terminal_notifier': Not used on non-Darwin systems
[1.091s] INFO:colcon.colcon_core.plugin_system:Skipping extension 'colcon_notification.desktop_notification.win32': Not used on non-Windows systems
[1.091s] INFO:colcon.colcon_notification.desktop_notification:Sending desktop notification using 'notify2'
[1.099s] DEBUG:colcon.colcon_core.event_reactor:joined thread
[1.101s] INFO:colcon.colcon_core.plugin_system:Skipping extension 'colcon_core.shell.bat': Not used on non-Windows systems
[1.102s] INFO:colcon.colcon_core.shell:Creating prefix script '/home/czz/nvblox_ws/install/local_setup.ps1'
[1.103s] INFO:colcon.colcon_core.shell:Creating prefix util module '/home/czz/nvblox_ws/install/_local_setup_util_ps1.py'
[1.104s] INFO:colcon.colcon_core.shell:Creating prefix chain script '/home/czz/nvblox_ws/install/setup.ps1'
[1.105s] INFO:colcon.colcon_core.shell:Creating prefix script '/home/czz/nvblox_ws/install/local_setup.sh'
[1.106s] INFO:colcon.colcon_core.shell:Creating prefix util module '/home/czz/nvblox_ws/install/_local_setup_util_sh.py'
[1.106s] INFO:colcon.colcon_core.shell:Creating prefix chain script '/home/czz/nvblox_ws/install/setup.sh'
[1.107s] INFO:colcon.colcon_core.shell:Creating prefix script '/home/czz/nvblox_ws/install/local_setup.bash'
[1.107s] INFO:colcon.colcon_core.shell:Creating prefix chain script '/home/czz/nvblox_ws/install/setup.bash'
[1.109s] INFO:colcon.colcon_core.shell:Creating prefix script '/home/czz/nvblox_ws/install/local_setup.zsh'
[1.110s] INFO:colcon.colcon_core.shell:Creating prefix chain script '/home/czz/nvblox_ws/install/setup.zsh'
