[0.191s] DEBUG:colcon:Command line arguments: ['/usr/bin/colcon', 'build', '--symlink-install', '--packages-select', 'my_nvblox']
[0.191s] DEBUG:colcon:Parsed command line arguments: Namespace(log_base=None, log_level=None, verb_name='build', build_base='build', install_base='install', merge_install=False, symlink_install=True, test_result_base=None, continue_on_error=False, executor='parallel', parallel_workers=20, event_handlers=None, ignore_user_meta=False, metas=['./colcon.meta'], base_paths=['.'], packages_ignore=None, packages_ignore_regex=None, paths=None, packages_up_to=None, packages_up_to_regex=None, packages_above=None, packages_above_and_dependencies=None, packages_above_depth=None, packages_select_by_dep=None, packages_skip_by_dep=None, packages_skip_up_to=None, packages_select_build_failed=False, packages_skip_build_finished=False, packages_select_test_failures=False, packages_skip_test_passed=False, packages_select=['my_nvblox'], packages_skip=None, packages_select_regex=None, packages_skip_regex=None, packages_start=None, packages_end=None, allow_overriding=[], cmake_args=None, cmake_target=None, cmake_target_skip_unavailable=False, cmake_clean_cache=False, cmake_clean_first=False, cmake_force_configure=False, ament_cmake_args=None, catkin_cmake_args=None, catkin_skip_building_tests=False, verb_parser=<colcon_defaults.argument_parser.defaults.DefaultArgumentsDecorator object at 0x7b6b3a85a3e0>, verb_extension=<colcon_core.verb.build.BuildVerb object at 0x7b6b3a9979a0>, main=<bound method BuildVerb.main of <colcon_core.verb.build.BuildVerb object at 0x7b6b3a9979a0>>)
[0.663s] Level 1:colcon.colcon_core.package_discovery:discover_packages(colcon_meta) check parameters
[0.663s] Level 1:colcon.colcon_core.package_discovery:discover_packages(recursive) check parameters
[0.663s] Level 1:colcon.colcon_core.package_discovery:discover_packages(ignore) check parameters
[0.663s] Level 1:colcon.colcon_core.package_discovery:discover_packages(path) check parameters
[0.663s] Level 1:colcon.colcon_core.package_discovery:discover_packages(colcon_meta) discover
[0.664s] Level 1:colcon.colcon_core.package_discovery:discover_packages(recursive) discover
[0.664s] INFO:colcon.colcon_core.package_discovery:Crawling recursively for packages in '/home/czz/nvblox_ws'
[0.664s] Level 1:colcon.colcon_core.package_identification:_identify(.) by extensions ['ignore', 'ignore_ament_install']
[0.664s] Level 1:colcon.colcon_core.package_identification:_identify(.) by extension 'ignore'
[0.664s] Level 1:colcon.colcon_core.package_identification:_identify(.) by extension 'ignore_ament_install'
[0.664s] Level 1:colcon.colcon_core.package_identification:_identify(.) by extensions ['colcon_pkg']
[0.664s] Level 1:colcon.colcon_core.package_identification:_identify(.) by extension 'colcon_pkg'
[0.664s] Level 1:colcon.colcon_core.package_identification:_identify(.) by extensions ['colcon_meta']
[0.664s] Level 1:colcon.colcon_core.package_identification:_identify(.) by extension 'colcon_meta'
[0.664s] Level 1:colcon.colcon_core.package_identification:_identify(.) by extensions ['ros']
[0.664s] Level 1:colcon.colcon_core.package_identification:_identify(.) by extension 'ros'
[0.709s] Level 1:colcon.colcon_core.package_identification:_identify(.) by extensions ['cmake', 'python']
[0.709s] Level 1:colcon.colcon_core.package_identification:_identify(.) by extension 'cmake'
[0.709s] Level 1:colcon.colcon_core.package_identification:_identify(.) by extension 'python'
[0.709s] Level 1:colcon.colcon_core.package_identification:_identify(.) by extensions ['python_setup_py']
[0.709s] Level 1:colcon.colcon_core.package_identification:_identify(.) by extension 'python_setup_py'
[0.709s] Level 1:colcon.colcon_core.package_identification:_identify(build) by extensions ['ignore', 'ignore_ament_install']
[0.710s] Level 1:colcon.colcon_core.package_identification:_identify(build) by extension 'ignore'
[0.710s] Level 1:colcon.colcon_core.package_identification:_identify(build) ignored
[0.710s] Level 1:colcon.colcon_core.package_identification:_identify(install) by extensions ['ignore', 'ignore_ament_install']
[0.710s] Level 1:colcon.colcon_core.package_identification:_identify(install) by extension 'ignore'
[0.710s] Level 1:colcon.colcon_core.package_identification:_identify(install) ignored
[0.710s] Level 1:colcon.colcon_core.package_identification:_identify(log) by extensions ['ignore', 'ignore_ament_install']
[0.710s] Level 1:colcon.colcon_core.package_identification:_identify(log) by extension 'ignore'
[0.711s] Level 1:colcon.colcon_core.package_identification:_identify(log) ignored
[0.711s] Level 1:colcon.colcon_core.package_identification:_identify(src) by extensions ['ignore', 'ignore_ament_install']
[0.711s] Level 1:colcon.colcon_core.package_identification:_identify(src) by extension 'ignore'
[0.711s] Level 1:colcon.colcon_core.package_identification:_identify(src) by extension 'ignore_ament_install'
[0.711s] Level 1:colcon.colcon_core.package_identification:_identify(src) by extensions ['colcon_pkg']
[0.711s] Level 1:colcon.colcon_core.package_identification:_identify(src) by extension 'colcon_pkg'
[0.711s] Level 1:colcon.colcon_core.package_identification:_identify(src) by extensions ['colcon_meta']
[0.711s] Level 1:colcon.colcon_core.package_identification:_identify(src) by extension 'colcon_meta'
[0.711s] Level 1:colcon.colcon_core.package_identification:_identify(src) by extensions ['ros']
[0.711s] Level 1:colcon.colcon_core.package_identification:_identify(src) by extension 'ros'
[0.711s] Level 1:colcon.colcon_core.package_identification:_identify(src) by extensions ['cmake', 'python']
[0.711s] Level 1:colcon.colcon_core.package_identification:_identify(src) by extension 'cmake'
[0.711s] Level 1:colcon.colcon_core.package_identification:_identify(src) by extension 'python'
[0.711s] Level 1:colcon.colcon_core.package_identification:_identify(src) by extensions ['python_setup_py']
[0.711s] Level 1:colcon.colcon_core.package_identification:_identify(src) by extension 'python_setup_py'
[0.712s] Level 1:colcon.colcon_core.package_identification:_identify(src/my_nvblox) by extensions ['ignore', 'ignore_ament_install']
[0.712s] Level 1:colcon.colcon_core.package_identification:_identify(src/my_nvblox) by extension 'ignore'
[0.712s] Level 1:colcon.colcon_core.package_identification:_identify(src/my_nvblox) by extension 'ignore_ament_install'
[0.712s] Level 1:colcon.colcon_core.package_identification:_identify(src/my_nvblox) by extensions ['colcon_pkg']
[0.712s] Level 1:colcon.colcon_core.package_identification:_identify(src/my_nvblox) by extension 'colcon_pkg'
[0.712s] Level 1:colcon.colcon_core.package_identification:_identify(src/my_nvblox) by extensions ['colcon_meta']
[0.712s] Level 1:colcon.colcon_core.package_identification:_identify(src/my_nvblox) by extension 'colcon_meta'
[0.712s] Level 1:colcon.colcon_core.package_identification:_identify(src/my_nvblox) by extensions ['ros']
[0.712s] Level 1:colcon.colcon_core.package_identification:_identify(src/my_nvblox) by extension 'ros'
[0.718s] DEBUG:colcon.colcon_core.package_identification:Package 'src/my_nvblox' with type 'ros.ament_cmake' and name 'my_nvblox'
[0.718s] Level 1:colcon.colcon_core.package_identification:_identify(src/nvblox) by extensions ['ignore', 'ignore_ament_install']
[0.718s] Level 1:colcon.colcon_core.package_identification:_identify(src/nvblox) by extension 'ignore'
[0.718s] Level 1:colcon.colcon_core.package_identification:_identify(src/nvblox) by extension 'ignore_ament_install'
[0.718s] Level 1:colcon.colcon_core.package_identification:_identify(src/nvblox) by extensions ['colcon_pkg']
[0.718s] Level 1:colcon.colcon_core.package_identification:_identify(src/nvblox) by extension 'colcon_pkg'
[0.718s] Level 1:colcon.colcon_core.package_identification:_identify(src/nvblox) by extensions ['colcon_meta']
[0.718s] Level 1:colcon.colcon_core.package_identification:_identify(src/nvblox) by extension 'colcon_meta'
[0.719s] Level 1:colcon.colcon_core.package_identification:_identify(src/nvblox) by extensions ['ros']
[0.719s] Level 1:colcon.colcon_core.package_identification:_identify(src/nvblox) by extension 'ros'
[0.719s] Level 1:colcon.colcon_core.package_identification:_identify(src/nvblox) by extensions ['cmake', 'python']
[0.719s] Level 1:colcon.colcon_core.package_identification:_identify(src/nvblox) by extension 'cmake'
[1.405s] Level 1:colcon.colcon_core.package_identification:_identify(src/nvblox) by extension 'python'
[1.405s] DEBUG:colcon.colcon_core.package_identification:Package 'src/nvblox' with type 'cmake' and name 'nvblox'
[1.405s] Level 1:colcon.colcon_core.package_identification:_identify(src/nvblox_realsenseD435) by extensions ['ignore', 'ignore_ament_install']
[1.405s] Level 1:colcon.colcon_core.package_identification:_identify(src/nvblox_realsenseD435) by extension 'ignore'
[1.405s] Level 1:colcon.colcon_core.package_identification:_identify(src/nvblox_realsenseD435) by extension 'ignore_ament_install'
[1.405s] Level 1:colcon.colcon_core.package_identification:_identify(src/nvblox_realsenseD435) by extensions ['colcon_pkg']
[1.406s] Level 1:colcon.colcon_core.package_identification:_identify(src/nvblox_realsenseD435) by extension 'colcon_pkg'
[1.406s] Level 1:colcon.colcon_core.package_identification:_identify(src/nvblox_realsenseD435) by extensions ['colcon_meta']
[1.406s] Level 1:colcon.colcon_core.package_identification:_identify(src/nvblox_realsenseD435) by extension 'colcon_meta'
[1.406s] Level 1:colcon.colcon_core.package_identification:_identify(src/nvblox_realsenseD435) by extensions ['ros']
[1.406s] Level 1:colcon.colcon_core.package_identification:_identify(src/nvblox_realsenseD435) by extension 'ros'
[1.406s] Level 1:colcon.colcon_core.package_identification:_identify(src/nvblox_realsenseD435) by extensions ['cmake', 'python']
[1.406s] Level 1:colcon.colcon_core.package_identification:_identify(src/nvblox_realsenseD435) by extension 'cmake'
[1.406s] Level 1:colcon.colcon_core.package_identification:_identify(src/nvblox_realsenseD435) by extension 'python'
[1.406s] Level 1:colcon.colcon_core.package_identification:_identify(src/nvblox_realsenseD435) by extensions ['python_setup_py']
[1.406s] Level 1:colcon.colcon_core.package_identification:_identify(src/nvblox_realsenseD435) by extension 'python_setup_py'
[1.406s] Level 1:colcon.colcon_core.package_identification:_identify(src/nvblox_realsenseD435/nvblox_D435i) by extensions ['ignore', 'ignore_ament_install']
[1.406s] Level 1:colcon.colcon_core.package_identification:_identify(src/nvblox_realsenseD435/nvblox_D435i) by extension 'ignore'
[1.406s] Level 1:colcon.colcon_core.package_identification:_identify(src/nvblox_realsenseD435/nvblox_D435i) by extension 'ignore_ament_install'
[1.407s] Level 1:colcon.colcon_core.package_identification:_identify(src/nvblox_realsenseD435/nvblox_D435i) by extensions ['colcon_pkg']
[1.407s] Level 1:colcon.colcon_core.package_identification:_identify(src/nvblox_realsenseD435/nvblox_D435i) by extension 'colcon_pkg'
[1.407s] Level 1:colcon.colcon_core.package_identification:_identify(src/nvblox_realsenseD435/nvblox_D435i) by extensions ['colcon_meta']
[1.407s] Level 1:colcon.colcon_core.package_identification:_identify(src/nvblox_realsenseD435/nvblox_D435i) by extension 'colcon_meta'
[1.407s] Level 1:colcon.colcon_core.package_identification:_identify(src/nvblox_realsenseD435/nvblox_D435i) by extensions ['ros']
[1.407s] Level 1:colcon.colcon_core.package_identification:_identify(src/nvblox_realsenseD435/nvblox_D435i) by extension 'ros'
[1.407s] Level 1:colcon.colcon_core.package_identification:_identify(src/nvblox_realsenseD435/nvblox_D435i) by extensions ['cmake', 'python']
[1.407s] Level 1:colcon.colcon_core.package_identification:_identify(src/nvblox_realsenseD435/nvblox_D435i) by extension 'cmake'
[1.407s] Level 1:colcon.colcon_core.package_identification:_identify(src/nvblox_realsenseD435/nvblox_D435i) by extension 'python'
[1.407s] Level 1:colcon.colcon_core.package_identification:_identify(src/nvblox_realsenseD435/nvblox_D435i) by extensions ['python_setup_py']
[1.407s] Level 1:colcon.colcon_core.package_identification:_identify(src/nvblox_realsenseD435/nvblox_D435i) by extension 'python_setup_py'
[1.407s] Level 1:colcon.colcon_core.package_identification:_identify(src/nvblox_realsenseD435/nvblox_D435i/__pycache__) by extensions ['ignore', 'ignore_ament_install']
[1.407s] Level 1:colcon.colcon_core.package_identification:_identify(src/nvblox_realsenseD435/nvblox_D435i/__pycache__) by extension 'ignore'
[1.407s] Level 1:colcon.colcon_core.package_identification:_identify(src/nvblox_realsenseD435/nvblox_D435i/__pycache__) by extension 'ignore_ament_install'
[1.408s] Level 1:colcon.colcon_core.package_identification:_identify(src/nvblox_realsenseD435/nvblox_D435i/__pycache__) by extensions ['colcon_pkg']
[1.408s] Level 1:colcon.colcon_core.package_identification:_identify(src/nvblox_realsenseD435/nvblox_D435i/__pycache__) by extension 'colcon_pkg'
[1.408s] Level 1:colcon.colcon_core.package_identification:_identify(src/nvblox_realsenseD435/nvblox_D435i/__pycache__) by extensions ['colcon_meta']
[1.408s] Level 1:colcon.colcon_core.package_identification:_identify(src/nvblox_realsenseD435/nvblox_D435i/__pycache__) by extension 'colcon_meta'
[1.408s] Level 1:colcon.colcon_core.package_identification:_identify(src/nvblox_realsenseD435/nvblox_D435i/__pycache__) by extensions ['ros']
[1.408s] Level 1:colcon.colcon_core.package_identification:_identify(src/nvblox_realsenseD435/nvblox_D435i/__pycache__) by extension 'ros'
[1.408s] Level 1:colcon.colcon_core.package_identification:_identify(src/nvblox_realsenseD435/nvblox_D435i/__pycache__) by extensions ['cmake', 'python']
[1.408s] Level 1:colcon.colcon_core.package_identification:_identify(src/nvblox_realsenseD435/nvblox_D435i/__pycache__) by extension 'cmake'
[1.408s] Level 1:colcon.colcon_core.package_identification:_identify(src/nvblox_realsenseD435/nvblox_D435i/__pycache__) by extension 'python'
[1.408s] Level 1:colcon.colcon_core.package_identification:_identify(src/nvblox_realsenseD435/nvblox_D435i/__pycache__) by extensions ['python_setup_py']
[1.408s] Level 1:colcon.colcon_core.package_identification:_identify(src/nvblox_realsenseD435/nvblox_D435i/__pycache__) by extension 'python_setup_py'
[1.408s] Level 1:colcon.colcon_core.package_identification:_identify(src/nvblox_realsenseD435/nvblox_D435i/launch) by extensions ['ignore', 'ignore_ament_install']
[1.408s] Level 1:colcon.colcon_core.package_identification:_identify(src/nvblox_realsenseD435/nvblox_D435i/launch) by extension 'ignore'
[1.408s] Level 1:colcon.colcon_core.package_identification:_identify(src/nvblox_realsenseD435/nvblox_D435i/launch) by extension 'ignore_ament_install'
[1.409s] Level 1:colcon.colcon_core.package_identification:_identify(src/nvblox_realsenseD435/nvblox_D435i/launch) by extensions ['colcon_pkg']
[1.409s] Level 1:colcon.colcon_core.package_identification:_identify(src/nvblox_realsenseD435/nvblox_D435i/launch) by extension 'colcon_pkg'
[1.409s] Level 1:colcon.colcon_core.package_identification:_identify(src/nvblox_realsenseD435/nvblox_D435i/launch) by extensions ['colcon_meta']
[1.409s] Level 1:colcon.colcon_core.package_identification:_identify(src/nvblox_realsenseD435/nvblox_D435i/launch) by extension 'colcon_meta'
[1.409s] Level 1:colcon.colcon_core.package_identification:_identify(src/nvblox_realsenseD435/nvblox_D435i/launch) by extensions ['ros']
[1.409s] Level 1:colcon.colcon_core.package_identification:_identify(src/nvblox_realsenseD435/nvblox_D435i/launch) by extension 'ros'
[1.409s] Level 1:colcon.colcon_core.package_identification:_identify(src/nvblox_realsenseD435/nvblox_D435i/launch) by extensions ['cmake', 'python']
[1.409s] Level 1:colcon.colcon_core.package_identification:_identify(src/nvblox_realsenseD435/nvblox_D435i/launch) by extension 'cmake'
[1.409s] Level 1:colcon.colcon_core.package_identification:_identify(src/nvblox_realsenseD435/nvblox_D435i/launch) by extension 'python'
[1.409s] Level 1:colcon.colcon_core.package_identification:_identify(src/nvblox_realsenseD435/nvblox_D435i/launch) by extensions ['python_setup_py']
[1.409s] Level 1:colcon.colcon_core.package_identification:_identify(src/nvblox_realsenseD435/nvblox_D435i/launch) by extension 'python_setup_py'
[1.409s] Level 1:colcon.colcon_core.package_identification:_identify(src/nvblox_realsenseD435/nvblox_D435i/launch/__pycache__) by extensions ['ignore', 'ignore_ament_install']
[1.409s] Level 1:colcon.colcon_core.package_identification:_identify(src/nvblox_realsenseD435/nvblox_D435i/launch/__pycache__) by extension 'ignore'
[1.409s] Level 1:colcon.colcon_core.package_identification:_identify(src/nvblox_realsenseD435/nvblox_D435i/launch/__pycache__) by extension 'ignore_ament_install'
[1.409s] Level 1:colcon.colcon_core.package_identification:_identify(src/nvblox_realsenseD435/nvblox_D435i/launch/__pycache__) by extensions ['colcon_pkg']
[1.410s] Level 1:colcon.colcon_core.package_identification:_identify(src/nvblox_realsenseD435/nvblox_D435i/launch/__pycache__) by extension 'colcon_pkg'
[1.410s] Level 1:colcon.colcon_core.package_identification:_identify(src/nvblox_realsenseD435/nvblox_D435i/launch/__pycache__) by extensions ['colcon_meta']
[1.410s] Level 1:colcon.colcon_core.package_identification:_identify(src/nvblox_realsenseD435/nvblox_D435i/launch/__pycache__) by extension 'colcon_meta'
[1.410s] Level 1:colcon.colcon_core.package_identification:_identify(src/nvblox_realsenseD435/nvblox_D435i/launch/__pycache__) by extensions ['ros']
[1.410s] Level 1:colcon.colcon_core.package_identification:_identify(src/nvblox_realsenseD435/nvblox_D435i/launch/__pycache__) by extension 'ros'
[1.410s] Level 1:colcon.colcon_core.package_identification:_identify(src/nvblox_realsenseD435/nvblox_D435i/launch/__pycache__) by extensions ['cmake', 'python']
[1.410s] Level 1:colcon.colcon_core.package_identification:_identify(src/nvblox_realsenseD435/nvblox_D435i/launch/__pycache__) by extension 'cmake'
[1.410s] Level 1:colcon.colcon_core.package_identification:_identify(src/nvblox_realsenseD435/nvblox_D435i/launch/__pycache__) by extension 'python'
[1.410s] Level 1:colcon.colcon_core.package_identification:_identify(src/nvblox_realsenseD435/nvblox_D435i/launch/__pycache__) by extensions ['python_setup_py']
[1.410s] Level 1:colcon.colcon_core.package_identification:_identify(src/nvblox_realsenseD435/nvblox_D435i/launch/__pycache__) by extension 'python_setup_py'
[1.410s] Level 1:colcon.colcon_core.package_identification:_identify(src/nvblox_realsenseD435/nvblox_D435i/result) by extensions ['ignore', 'ignore_ament_install']
[1.410s] Level 1:colcon.colcon_core.package_identification:_identify(src/nvblox_realsenseD435/nvblox_D435i/result) by extension 'ignore'
[1.410s] Level 1:colcon.colcon_core.package_identification:_identify(src/nvblox_realsenseD435/nvblox_D435i/result) by extension 'ignore_ament_install'
[1.410s] Level 1:colcon.colcon_core.package_identification:_identify(src/nvblox_realsenseD435/nvblox_D435i/result) by extensions ['colcon_pkg']
[1.411s] Level 1:colcon.colcon_core.package_identification:_identify(src/nvblox_realsenseD435/nvblox_D435i/result) by extension 'colcon_pkg'
[1.411s] Level 1:colcon.colcon_core.package_identification:_identify(src/nvblox_realsenseD435/nvblox_D435i/result) by extensions ['colcon_meta']
[1.411s] Level 1:colcon.colcon_core.package_identification:_identify(src/nvblox_realsenseD435/nvblox_D435i/result) by extension 'colcon_meta'
[1.411s] Level 1:colcon.colcon_core.package_identification:_identify(src/nvblox_realsenseD435/nvblox_D435i/result) by extensions ['ros']
[1.411s] Level 1:colcon.colcon_core.package_identification:_identify(src/nvblox_realsenseD435/nvblox_D435i/result) by extension 'ros'
[1.411s] Level 1:colcon.colcon_core.package_identification:_identify(src/nvblox_realsenseD435/nvblox_D435i/result) by extensions ['cmake', 'python']
[1.411s] Level 1:colcon.colcon_core.package_identification:_identify(src/nvblox_realsenseD435/nvblox_D435i/result) by extension 'cmake'
[1.411s] Level 1:colcon.colcon_core.package_identification:_identify(src/nvblox_realsenseD435/nvblox_D435i/result) by extension 'python'
[1.411s] Level 1:colcon.colcon_core.package_identification:_identify(src/nvblox_realsenseD435/nvblox_D435i/result) by extensions ['python_setup_py']
[1.411s] Level 1:colcon.colcon_core.package_identification:_identify(src/nvblox_realsenseD435/nvblox_D435i/result) by extension 'python_setup_py'
[1.411s] Level 1:colcon.colcon_core.package_identification:_identify(src/nvblox_realsenseD435/realsense_gazebo_plugin) by extensions ['ignore', 'ignore_ament_install']
[1.411s] Level 1:colcon.colcon_core.package_identification:_identify(src/nvblox_realsenseD435/realsense_gazebo_plugin) by extension 'ignore'
[1.411s] Level 1:colcon.colcon_core.package_identification:_identify(src/nvblox_realsenseD435/realsense_gazebo_plugin) by extension 'ignore_ament_install'
[1.411s] Level 1:colcon.colcon_core.package_identification:_identify(src/nvblox_realsenseD435/realsense_gazebo_plugin) by extensions ['colcon_pkg']
[1.411s] Level 1:colcon.colcon_core.package_identification:_identify(src/nvblox_realsenseD435/realsense_gazebo_plugin) by extension 'colcon_pkg'
[1.412s] Level 1:colcon.colcon_core.package_identification:_identify(src/nvblox_realsenseD435/realsense_gazebo_plugin) by extensions ['colcon_meta']
[1.412s] Level 1:colcon.colcon_core.package_identification:_identify(src/nvblox_realsenseD435/realsense_gazebo_plugin) by extension 'colcon_meta'
[1.412s] Level 1:colcon.colcon_core.package_identification:_identify(src/nvblox_realsenseD435/realsense_gazebo_plugin) by extensions ['ros']
[1.412s] Level 1:colcon.colcon_core.package_identification:_identify(src/nvblox_realsenseD435/realsense_gazebo_plugin) by extension 'ros'
[1.412s] Level 1:colcon.colcon_core.package_identification:_identify(src/nvblox_realsenseD435/realsense_gazebo_plugin) by extensions ['cmake', 'python']
[1.412s] Level 1:colcon.colcon_core.package_identification:_identify(src/nvblox_realsenseD435/realsense_gazebo_plugin) by extension 'cmake'
[1.412s] Level 1:colcon.colcon_core.package_identification:_identify(src/nvblox_realsenseD435/realsense_gazebo_plugin) by extension 'python'
[1.412s] Level 1:colcon.colcon_core.package_identification:_identify(src/nvblox_realsenseD435/realsense_gazebo_plugin) by extensions ['python_setup_py']
[1.412s] Level 1:colcon.colcon_core.package_identification:_identify(src/nvblox_realsenseD435/realsense_gazebo_plugin) by extension 'python_setup_py'
[1.412s] Level 1:colcon.colcon_core.package_identification:_identify(src/nvblox_realsenseD435/sim_gazebo_scene) by extensions ['ignore', 'ignore_ament_install']
[1.412s] Level 1:colcon.colcon_core.package_identification:_identify(src/nvblox_realsenseD435/sim_gazebo_scene) by extension 'ignore'
[1.412s] Level 1:colcon.colcon_core.package_identification:_identify(src/nvblox_realsenseD435/sim_gazebo_scene) by extension 'ignore_ament_install'
[1.412s] Level 1:colcon.colcon_core.package_identification:_identify(src/nvblox_realsenseD435/sim_gazebo_scene) by extensions ['colcon_pkg']
[1.412s] Level 1:colcon.colcon_core.package_identification:_identify(src/nvblox_realsenseD435/sim_gazebo_scene) by extension 'colcon_pkg'
[1.413s] Level 1:colcon.colcon_core.package_identification:_identify(src/nvblox_realsenseD435/sim_gazebo_scene) by extensions ['colcon_meta']
[1.413s] Level 1:colcon.colcon_core.package_identification:_identify(src/nvblox_realsenseD435/sim_gazebo_scene) by extension 'colcon_meta'
[1.413s] Level 1:colcon.colcon_core.package_identification:_identify(src/nvblox_realsenseD435/sim_gazebo_scene) by extensions ['ros']
[1.413s] Level 1:colcon.colcon_core.package_identification:_identify(src/nvblox_realsenseD435/sim_gazebo_scene) by extension 'ros'
[1.414s] DEBUG:colcon.colcon_core.package_identification:Package 'src/nvblox_realsenseD435/sim_gazebo_scene' with type 'ros.ament_python' and name 'sim_gazebo_scene'
[1.415s] Level 1:colcon.colcon_core.package_identification:_identify(src/nvblox_realsenseD435/sim_gazebo_scene_two_d435) by extensions ['ignore', 'ignore_ament_install']
[1.415s] Level 1:colcon.colcon_core.package_identification:_identify(src/nvblox_realsenseD435/sim_gazebo_scene_two_d435) by extension 'ignore'
[1.415s] Level 1:colcon.colcon_core.package_identification:_identify(src/nvblox_realsenseD435/sim_gazebo_scene_two_d435) by extension 'ignore_ament_install'
[1.415s] Level 1:colcon.colcon_core.package_identification:_identify(src/nvblox_realsenseD435/sim_gazebo_scene_two_d435) by extensions ['colcon_pkg']
[1.415s] Level 1:colcon.colcon_core.package_identification:_identify(src/nvblox_realsenseD435/sim_gazebo_scene_two_d435) by extension 'colcon_pkg'
[1.415s] Level 1:colcon.colcon_core.package_identification:_identify(src/nvblox_realsenseD435/sim_gazebo_scene_two_d435) by extensions ['colcon_meta']
[1.415s] Level 1:colcon.colcon_core.package_identification:_identify(src/nvblox_realsenseD435/sim_gazebo_scene_two_d435) by extension 'colcon_meta'
[1.415s] Level 1:colcon.colcon_core.package_identification:_identify(src/nvblox_realsenseD435/sim_gazebo_scene_two_d435) by extensions ['ros']
[1.415s] Level 1:colcon.colcon_core.package_identification:_identify(src/nvblox_realsenseD435/sim_gazebo_scene_two_d435) by extension 'ros'
[1.417s] DEBUG:colcon.colcon_core.package_identification:Package 'src/nvblox_realsenseD435/sim_gazebo_scene_two_d435' with type 'ros.ament_python' and name 'sim_gazebo_scene_two_d435'
[1.417s] Level 1:colcon.colcon_core.package_identification:_identify(src/nvblox_realsenseD435/sim_nvblox) by extensions ['ignore', 'ignore_ament_install']
[1.417s] Level 1:colcon.colcon_core.package_identification:_identify(src/nvblox_realsenseD435/sim_nvblox) by extension 'ignore'
[1.417s] Level 1:colcon.colcon_core.package_identification:_identify(src/nvblox_realsenseD435/sim_nvblox) by extension 'ignore_ament_install'
[1.417s] Level 1:colcon.colcon_core.package_identification:_identify(src/nvblox_realsenseD435/sim_nvblox) by extensions ['colcon_pkg']
[1.417s] Level 1:colcon.colcon_core.package_identification:_identify(src/nvblox_realsenseD435/sim_nvblox) by extension 'colcon_pkg'
[1.418s] Level 1:colcon.colcon_core.package_identification:_identify(src/nvblox_realsenseD435/sim_nvblox) by extensions ['colcon_meta']
[1.418s] Level 1:colcon.colcon_core.package_identification:_identify(src/nvblox_realsenseD435/sim_nvblox) by extension 'colcon_meta'
[1.418s] Level 1:colcon.colcon_core.package_identification:_identify(src/nvblox_realsenseD435/sim_nvblox) by extensions ['ros']
[1.418s] Level 1:colcon.colcon_core.package_identification:_identify(src/nvblox_realsenseD435/sim_nvblox) by extension 'ros'
[1.419s] DEBUG:colcon.colcon_core.package_identification:Package 'src/nvblox_realsenseD435/sim_nvblox' with type 'ros.ament_python' and name 'sim_nvblox'
[1.419s] Level 1:colcon.colcon_core.package_identification:_identify(src/nvblox_realsenseD435/sim_nvblox_two_d435) by extensions ['ignore', 'ignore_ament_install']
[1.419s] Level 1:colcon.colcon_core.package_identification:_identify(src/nvblox_realsenseD435/sim_nvblox_two_d435) by extension 'ignore'
[1.419s] Level 1:colcon.colcon_core.package_identification:_identify(src/nvblox_realsenseD435/sim_nvblox_two_d435) by extension 'ignore_ament_install'
[1.420s] Level 1:colcon.colcon_core.package_identification:_identify(src/nvblox_realsenseD435/sim_nvblox_two_d435) by extensions ['colcon_pkg']
[1.420s] Level 1:colcon.colcon_core.package_identification:_identify(src/nvblox_realsenseD435/sim_nvblox_two_d435) by extension 'colcon_pkg'
[1.420s] Level 1:colcon.colcon_core.package_identification:_identify(src/nvblox_realsenseD435/sim_nvblox_two_d435) by extensions ['colcon_meta']
[1.420s] Level 1:colcon.colcon_core.package_identification:_identify(src/nvblox_realsenseD435/sim_nvblox_two_d435) by extension 'colcon_meta'
[1.420s] Level 1:colcon.colcon_core.package_identification:_identify(src/nvblox_realsenseD435/sim_nvblox_two_d435) by extensions ['ros']
[1.420s] Level 1:colcon.colcon_core.package_identification:_identify(src/nvblox_realsenseD435/sim_nvblox_two_d435) by extension 'ros'
[1.421s] DEBUG:colcon.colcon_core.package_identification:Package 'src/nvblox_realsenseD435/sim_nvblox_two_d435' with type 'ros.ament_python' and name 'sim_nvblox_two_d435'
[1.421s] Level 1:colcon.colcon_core.package_discovery:discover_packages(recursive) using defaults
[1.421s] Level 1:colcon.colcon_core.package_discovery:discover_packages(ignore) discover
[1.421s] Level 1:colcon.colcon_core.package_discovery:discover_packages(ignore) using defaults
[1.421s] Level 1:colcon.colcon_core.package_discovery:discover_packages(path) discover
[1.421s] Level 1:colcon.colcon_core.package_discovery:discover_packages(path) using defaults
[1.461s] INFO:colcon.colcon_core.package_selection:Skipping not selected package 'nvblox' in 'src/nvblox'
[1.461s] INFO:colcon.colcon_core.package_selection:Skipping not selected package 'sim_gazebo_scene' in 'src/nvblox_realsenseD435/sim_gazebo_scene'
[1.461s] INFO:colcon.colcon_core.package_selection:Skipping not selected package 'sim_gazebo_scene_two_d435' in 'src/nvblox_realsenseD435/sim_gazebo_scene_two_d435'
[1.461s] INFO:colcon.colcon_core.package_selection:Skipping not selected package 'sim_nvblox' in 'src/nvblox_realsenseD435/sim_nvblox'
[1.461s] INFO:colcon.colcon_core.package_selection:Skipping not selected package 'sim_nvblox_two_d435' in 'src/nvblox_realsenseD435/sim_nvblox_two_d435'
[1.462s] Level 1:colcon.colcon_core.package_discovery:discover_packages(prefix_path) check parameters
[1.462s] Level 1:colcon.colcon_core.package_discovery:discover_packages(prefix_path) discover
[1.466s] DEBUG:colcon.colcon_installed_package_information.package_discovery:Found 2 installed packages in /home/czz/nvblox_ws/install
[1.468s] DEBUG:colcon.colcon_installed_package_information.package_discovery:Found 9 installed packages in /home/czz/ros_pack/install
[1.469s] DEBUG:colcon.colcon_installed_package_information.package_discovery:Found 21 installed packages in /home/czz/workspaces/isaac_ros-dev/install
[1.474s] DEBUG:colcon.colcon_installed_package_information.package_discovery:Found 435 installed packages in /opt/ros/humble
[1.479s] Level 1:colcon.colcon_core.package_discovery:discover_packages(prefix_path) using defaults
[1.563s] Level 5:colcon.colcon_core.verb:set package 'my_nvblox' build argument 'cmake_args' from command line to 'None'
[1.563s] Level 5:colcon.colcon_core.verb:set package 'my_nvblox' build argument 'cmake_target' from command line to 'None'
[1.563s] Level 5:colcon.colcon_core.verb:set package 'my_nvblox' build argument 'cmake_target_skip_unavailable' from command line to 'False'
[1.563s] Level 5:colcon.colcon_core.verb:set package 'my_nvblox' build argument 'cmake_clean_cache' from command line to 'False'
[1.563s] Level 5:colcon.colcon_core.verb:set package 'my_nvblox' build argument 'cmake_clean_first' from command line to 'False'
[1.563s] Level 5:colcon.colcon_core.verb:set package 'my_nvblox' build argument 'cmake_force_configure' from command line to 'False'
[1.563s] Level 5:colcon.colcon_core.verb:set package 'my_nvblox' build argument 'ament_cmake_args' from command line to 'None'
[1.563s] Level 5:colcon.colcon_core.verb:set package 'my_nvblox' build argument 'catkin_cmake_args' from command line to 'None'
[1.563s] Level 5:colcon.colcon_core.verb:set package 'my_nvblox' build argument 'catkin_skip_building_tests' from command line to 'False'
[1.564s] DEBUG:colcon.colcon_core.verb:Building package 'my_nvblox' with the following arguments: {'ament_cmake_args': None, 'build_base': '/home/czz/nvblox_ws/build/my_nvblox', 'catkin_cmake_args': None, 'catkin_skip_building_tests': False, 'cmake_args': None, 'cmake_clean_cache': False, 'cmake_clean_first': False, 'cmake_force_configure': False, 'cmake_target': None, 'cmake_target_skip_unavailable': False, 'install_base': '/home/czz/nvblox_ws/install/my_nvblox', 'merge_install': False, 'path': '/home/czz/nvblox_ws/src/my_nvblox', 'symlink_install': True, 'test_result_base': None}
[1.564s] INFO:colcon.colcon_core.executor:Executing jobs using 'parallel' executor
[1.566s] DEBUG:colcon.colcon_parallel_executor.executor.parallel:run_until_complete
[1.566s] INFO:colcon.colcon_ros.task.ament_cmake.build:Building ROS package in '/home/czz/nvblox_ws/src/my_nvblox' with build type 'ament_cmake'
[1.566s] INFO:colcon.colcon_cmake.task.cmake.build:Building CMake package in '/home/czz/nvblox_ws/src/my_nvblox'
[1.570s] INFO:colcon.colcon_core.plugin_system:Skipping extension 'colcon_core.shell.bat': Not used on non-Windows systems
[1.570s] INFO:colcon.colcon_core.shell:Skip shell extension 'powershell' for command environment: Not usable outside of PowerShell
[1.571s] DEBUG:colcon.colcon_core.shell:Skip shell extension 'dsv' for command environment
[1.592s] DEBUG:colcon.colcon_core.event_handler.log_command:Invoking command in '/home/czz/nvblox_ws/build/my_nvblox': CMAKE_PREFIX_PATH=${CMAKE_PREFIX_PATH}:/home/czz/workspaces/isaac_ros-dev/install/nvblox_ros_python_utils:/home/czz/workspaces/isaac_ros-dev/install/isaac_ros_test:/home/czz/workspaces/isaac_ros-dev/install/isaac_ros_launch_utils:/opt/ros/humble /usr/bin/cmake --build /home/czz/nvblox_ws/build/my_nvblox -- -j20 -l20
[37.062s] DEBUG:colcon.colcon_core.event_handler.log_command:Invoked command in '/home/czz/nvblox_ws/build/my_nvblox' returned '0': CMAKE_PREFIX_PATH=${CMAKE_PREFIX_PATH}:/home/czz/workspaces/isaac_ros-dev/install/nvblox_ros_python_utils:/home/czz/workspaces/isaac_ros-dev/install/isaac_ros_test:/home/czz/workspaces/isaac_ros-dev/install/isaac_ros_launch_utils:/opt/ros/humble /usr/bin/cmake --build /home/czz/nvblox_ws/build/my_nvblox -- -j20 -l20
[37.082s] DEBUG:colcon.colcon_core.event_handler.log_command:Invoking command in '/home/czz/nvblox_ws/build/my_nvblox': CMAKE_PREFIX_PATH=${CMAKE_PREFIX_PATH}:/home/czz/workspaces/isaac_ros-dev/install/nvblox_ros_python_utils:/home/czz/workspaces/isaac_ros-dev/install/isaac_ros_test:/home/czz/workspaces/isaac_ros-dev/install/isaac_ros_launch_utils:/opt/ros/humble /usr/bin/cmake --install /home/czz/nvblox_ws/build/my_nvblox
[37.124s] Level 1:colcon.colcon_core.environment:create_environment_scripts_only(my_nvblox)
[37.125s] DEBUG:colcon.colcon_core.event_handler.log_command:Invoked command in '/home/czz/nvblox_ws/build/my_nvblox' returned '0': CMAKE_PREFIX_PATH=${CMAKE_PREFIX_PATH}:/home/czz/workspaces/isaac_ros-dev/install/nvblox_ros_python_utils:/home/czz/workspaces/isaac_ros-dev/install/isaac_ros_test:/home/czz/workspaces/isaac_ros-dev/install/isaac_ros_launch_utils:/opt/ros/humble /usr/bin/cmake --install /home/czz/nvblox_ws/build/my_nvblox
[37.129s] Level 1:colcon.colcon_core.environment:checking '/home/czz/nvblox_ws/install/my_nvblox' for CMake module files
[37.130s] Level 1:colcon.colcon_core.environment:checking '/home/czz/nvblox_ws/install/my_nvblox' for CMake config files
[37.130s] Level 1:colcon.colcon_core.shell:create_environment_hook('my_nvblox', 'cmake_prefix_path')
[37.131s] INFO:colcon.colcon_core.shell:Creating environment hook '/home/czz/nvblox_ws/install/my_nvblox/share/my_nvblox/hook/cmake_prefix_path.ps1'
[37.131s] INFO:colcon.colcon_core.shell:Creating environment descriptor '/home/czz/nvblox_ws/install/my_nvblox/share/my_nvblox/hook/cmake_prefix_path.dsv'
[37.132s] INFO:colcon.colcon_core.shell:Creating environment hook '/home/czz/nvblox_ws/install/my_nvblox/share/my_nvblox/hook/cmake_prefix_path.sh'
[37.133s] Level 1:colcon.colcon_core.environment:checking '/home/czz/nvblox_ws/install/my_nvblox/lib'
[37.134s] Level 1:colcon.colcon_core.environment:checking '/home/czz/nvblox_ws/install/my_nvblox/bin'
[37.134s] Level 1:colcon.colcon_core.environment:checking '/home/czz/nvblox_ws/install/my_nvblox/lib/pkgconfig/my_nvblox.pc'
[37.134s] Level 1:colcon.colcon_core.environment:checking '/home/czz/nvblox_ws/install/my_nvblox/lib/python3.10/site-packages'
[37.134s] Level 1:colcon.colcon_core.environment:checking '/home/czz/nvblox_ws/install/my_nvblox/bin'
[37.135s] INFO:colcon.colcon_core.shell:Creating package script '/home/czz/nvblox_ws/install/my_nvblox/share/my_nvblox/package.ps1'
[37.136s] INFO:colcon.colcon_core.shell:Creating package descriptor '/home/czz/nvblox_ws/install/my_nvblox/share/my_nvblox/package.dsv'
[37.137s] INFO:colcon.colcon_core.shell:Creating package script '/home/czz/nvblox_ws/install/my_nvblox/share/my_nvblox/package.sh'
[37.138s] INFO:colcon.colcon_core.shell:Creating package script '/home/czz/nvblox_ws/install/my_nvblox/share/my_nvblox/package.bash'
[37.139s] INFO:colcon.colcon_core.shell:Creating package script '/home/czz/nvblox_ws/install/my_nvblox/share/my_nvblox/package.zsh'
[37.140s] Level 1:colcon.colcon_core.environment:create_file_with_runtime_dependencies(/home/czz/nvblox_ws/install/my_nvblox/share/colcon-core/packages/my_nvblox)
[37.141s] Level 1:colcon.colcon_core.environment:create_environment_scripts_only(my_nvblox)
[37.141s] Level 1:colcon.colcon_core.environment:checking '/home/czz/nvblox_ws/install/my_nvblox' for CMake module files
[37.142s] Level 1:colcon.colcon_core.environment:checking '/home/czz/nvblox_ws/install/my_nvblox' for CMake config files
[37.142s] Level 1:colcon.colcon_core.shell:create_environment_hook('my_nvblox', 'cmake_prefix_path')
[37.143s] INFO:colcon.colcon_core.shell:Creating environment hook '/home/czz/nvblox_ws/install/my_nvblox/share/my_nvblox/hook/cmake_prefix_path.ps1'
[37.144s] INFO:colcon.colcon_core.shell:Creating environment descriptor '/home/czz/nvblox_ws/install/my_nvblox/share/my_nvblox/hook/cmake_prefix_path.dsv'
[37.144s] INFO:colcon.colcon_core.shell:Creating environment hook '/home/czz/nvblox_ws/install/my_nvblox/share/my_nvblox/hook/cmake_prefix_path.sh'
[37.145s] Level 1:colcon.colcon_core.environment:checking '/home/czz/nvblox_ws/install/my_nvblox/lib'
[37.145s] Level 1:colcon.colcon_core.environment:checking '/home/czz/nvblox_ws/install/my_nvblox/bin'
[37.145s] Level 1:colcon.colcon_core.environment:checking '/home/czz/nvblox_ws/install/my_nvblox/lib/pkgconfig/my_nvblox.pc'
[37.146s] Level 1:colcon.colcon_core.environment:checking '/home/czz/nvblox_ws/install/my_nvblox/lib/python3.10/site-packages'
[37.146s] Level 1:colcon.colcon_core.environment:checking '/home/czz/nvblox_ws/install/my_nvblox/bin'
[37.147s] INFO:colcon.colcon_core.shell:Creating package script '/home/czz/nvblox_ws/install/my_nvblox/share/my_nvblox/package.ps1'
[37.147s] INFO:colcon.colcon_core.shell:Creating package descriptor '/home/czz/nvblox_ws/install/my_nvblox/share/my_nvblox/package.dsv'
[37.148s] INFO:colcon.colcon_core.shell:Creating package script '/home/czz/nvblox_ws/install/my_nvblox/share/my_nvblox/package.sh'
[37.149s] INFO:colcon.colcon_core.shell:Creating package script '/home/czz/nvblox_ws/install/my_nvblox/share/my_nvblox/package.bash'
[37.150s] INFO:colcon.colcon_core.shell:Creating package script '/home/czz/nvblox_ws/install/my_nvblox/share/my_nvblox/package.zsh'
[37.150s] Level 1:colcon.colcon_core.environment:create_file_with_runtime_dependencies(/home/czz/nvblox_ws/install/my_nvblox/share/colcon-core/packages/my_nvblox)
[37.151s] DEBUG:colcon.colcon_parallel_executor.executor.parallel:closing loop
[37.151s] DEBUG:colcon.colcon_parallel_executor.executor.parallel:loop closed
[37.152s] DEBUG:colcon.colcon_parallel_executor.executor.parallel:run_until_complete finished with '0'
[37.152s] DEBUG:colcon.colcon_core.event_reactor:joining thread
[37.161s] INFO:colcon.colcon_core.plugin_system:Skipping extension 'colcon_notification.desktop_notification.terminal_notifier': Not used on non-Darwin systems
[37.161s] INFO:colcon.colcon_core.plugin_system:Skipping extension 'colcon_notification.desktop_notification.win32': Not used on non-Windows systems
[37.161s] INFO:colcon.colcon_notification.desktop_notification:Sending desktop notification using 'notify2'
[37.178s] DEBUG:colcon.colcon_core.event_reactor:joined thread
[37.179s] INFO:colcon.colcon_core.shell:Creating prefix script '/home/czz/nvblox_ws/install/local_setup.ps1'
[37.181s] INFO:colcon.colcon_core.shell:Creating prefix util module '/home/czz/nvblox_ws/install/_local_setup_util_ps1.py'
[37.184s] INFO:colcon.colcon_core.shell:Creating prefix chain script '/home/czz/nvblox_ws/install/setup.ps1'
[37.188s] INFO:colcon.colcon_core.shell:Creating prefix script '/home/czz/nvblox_ws/install/local_setup.sh'
[37.189s] INFO:colcon.colcon_core.shell:Creating prefix util module '/home/czz/nvblox_ws/install/_local_setup_util_sh.py'
[37.190s] INFO:colcon.colcon_core.shell:Creating prefix chain script '/home/czz/nvblox_ws/install/setup.sh'
[37.194s] INFO:colcon.colcon_core.shell:Creating prefix script '/home/czz/nvblox_ws/install/local_setup.bash'
[37.194s] INFO:colcon.colcon_core.shell:Creating prefix chain script '/home/czz/nvblox_ws/install/setup.bash'
[37.198s] INFO:colcon.colcon_core.shell:Creating prefix script '/home/czz/nvblox_ws/install/local_setup.zsh'
[37.198s] INFO:colcon.colcon_core.shell:Creating prefix chain script '/home/czz/nvblox_ws/install/setup.zsh'
