[0.013s] Invoking command in '/home/czz/nvblox_ws/build/my_nvblox': CMAKE_PREFIX_PATH=${CMAKE_PREFIX_PATH}:/home/czz/workspaces/isaac_ros-dev/install/nvblox_ros_python_utils:/home/czz/workspaces/isaac_ros-dev/install/isaac_ros_test:/home/czz/workspaces/isaac_ros-dev/install/isaac_ros_launch_utils:/opt/ros/humble /usr/bin/cmake --build /home/czz/nvblox_ws/build/my_nvblox -- -j20 -l20
[0.065s] [35m[1mConsolidate compiler generated dependencies of target mapper_node[0m
[0.082s] [ 50%] [32mBuilding CXX object CMakeFiles/mapper_node.dir/src/mapper_node.cpp.o[0m
[3.191s] [01m[K/home/czz/nvblox_ws/src/my_nvblox/src/mapper_node.cpp:[m[K In member function ‘[01m[Kvoid MyNvbloxNode::publishMesh()[m[K’:
[3.191s] [01m[K/home/czz/nvblox_ws/src/my_nvblox/src/mapper_node.cpp:310:18:[m[K [01;35m[Kwarning: [m[Kunused variable ‘[01m[Khas_colors[m[K’ [[01;35m[K]8;;https://gcc.gnu.org/onlinedocs/gcc/Warning-Options.html#index-Wunused-variable-Wunused-variable]8;;[m[K]
[3.191s]   310 |             bool [01;35m[Khas_colors[m[K = false;
[3.191s]       |                  [01;35m[K^~~~~~~~~~[m[K
[10.593s] [100%] [32m[1mLinking CXX executable mapper_node[0m
[11.286s] [100%] Built target mapper_node
[11.297s] Invoked command in '/home/czz/nvblox_ws/build/my_nvblox' returned '0': CMAKE_PREFIX_PATH=${CMAKE_PREFIX_PATH}:/home/czz/workspaces/isaac_ros-dev/install/nvblox_ros_python_utils:/home/czz/workspaces/isaac_ros-dev/install/isaac_ros_test:/home/czz/workspaces/isaac_ros-dev/install/isaac_ros_launch_utils:/opt/ros/humble /usr/bin/cmake --build /home/czz/nvblox_ws/build/my_nvblox -- -j20 -l20
[11.305s] Invoking command in '/home/czz/nvblox_ws/build/my_nvblox': CMAKE_PREFIX_PATH=${CMAKE_PREFIX_PATH}:/home/czz/workspaces/isaac_ros-dev/install/nvblox_ros_python_utils:/home/czz/workspaces/isaac_ros-dev/install/isaac_ros_test:/home/czz/workspaces/isaac_ros-dev/install/isaac_ros_launch_utils:/opt/ros/humble /usr/bin/cmake --install /home/czz/nvblox_ws/build/my_nvblox
[11.311s] -- Install configuration: ""
[11.311s] -- Installing: /home/czz/nvblox_ws/install/my_nvblox/lib/my_nvblox/mapper_node
[11.315s] -- Set runtime path of "/home/czz/nvblox_ws/install/my_nvblox/lib/my_nvblox/mapper_node" to ""
[11.315s] -- Up-to-date: /home/czz/nvblox_ws/install/my_nvblox/share/my_nvblox/launch
[11.315s] -- Installing: /home/czz/nvblox_ws/install/my_nvblox/share/my_nvblox/launch/mapping.launch.py
[11.315s] -- Up-to-date: /home/czz/nvblox_ws/install/my_nvblox/share/ament_index/resource_index/package_run_dependencies/my_nvblox
[11.315s] -- Up-to-date: /home/czz/nvblox_ws/install/my_nvblox/share/ament_index/resource_index/parent_prefix_path/my_nvblox
[11.315s] -- Up-to-date: /home/czz/nvblox_ws/install/my_nvblox/share/my_nvblox/environment/ament_prefix_path.sh
[11.315s] -- Up-to-date: /home/czz/nvblox_ws/install/my_nvblox/share/my_nvblox/environment/ament_prefix_path.dsv
[11.315s] -- Up-to-date: /home/czz/nvblox_ws/install/my_nvblox/share/my_nvblox/environment/path.sh
[11.315s] -- Up-to-date: /home/czz/nvblox_ws/install/my_nvblox/share/my_nvblox/environment/path.dsv
[11.315s] -- Up-to-date: /home/czz/nvblox_ws/install/my_nvblox/share/my_nvblox/local_setup.bash
[11.315s] -- Up-to-date: /home/czz/nvblox_ws/install/my_nvblox/share/my_nvblox/local_setup.sh
[11.315s] -- Up-to-date: /home/czz/nvblox_ws/install/my_nvblox/share/my_nvblox/local_setup.zsh
[11.315s] -- Up-to-date: /home/czz/nvblox_ws/install/my_nvblox/share/my_nvblox/local_setup.dsv
[11.315s] -- Installing: /home/czz/nvblox_ws/install/my_nvblox/share/my_nvblox/package.dsv
[11.315s] -- Up-to-date: /home/czz/nvblox_ws/install/my_nvblox/share/ament_index/resource_index/packages/my_nvblox
[11.315s] -- Up-to-date: /home/czz/nvblox_ws/install/my_nvblox/share/my_nvblox/cmake/my_nvbloxConfig.cmake
[11.315s] -- Up-to-date: /home/czz/nvblox_ws/install/my_nvblox/share/my_nvblox/cmake/my_nvbloxConfig-version.cmake
[11.315s] -- Up-to-date: /home/czz/nvblox_ws/install/my_nvblox/share/my_nvblox/package.xml
[11.316s] Invoked command in '/home/czz/nvblox_ws/build/my_nvblox' returned '0': CMAKE_PREFIX_PATH=${CMAKE_PREFIX_PATH}:/home/czz/workspaces/isaac_ros-dev/install/nvblox_ros_python_utils:/home/czz/workspaces/isaac_ros-dev/install/isaac_ros_test:/home/czz/workspaces/isaac_ros-dev/install/isaac_ros_launch_utils:/opt/ros/humble /usr/bin/cmake --install /home/czz/nvblox_ws/build/my_nvblox
