-- The CXX compiler identification is GNU 11.4.0
-- The C compiler identification is GNU 11.4.0
-- The CUDA compiler identification is NVIDIA 12.6.20
-- Detecting CXX compiler ABI info
-- Detecting CXX compiler ABI info - done
-- Check for working CXX compiler: /usr/bin/c++ - skipped
-- Detecting CXX compile features
-- Detecting CXX compile features - done
-- Detecting C compiler ABI info
-- Detecting C compiler ABI info - done
-- Check for working C compiler: /usr/bin/cc - skipped
-- Detecting C compile features
-- Detecting C compile features - done
-- Detecting CUDA compiler ABI info
-- Detecting CUDA compiler ABI info - done
-- Check for working CUDA compiler: /usr/local/cuda/bin/nvcc - skipped
-- Detecting CUDA compile features
-- Detecting CUDA compile features - done
-- Detecting CCs of GPUs : /home/czz/nvblox_ws/src/nvblox/cmake/cuda/compute_capability.cpp
-- Looking for pthread.h
-- Looking for pthread.h - found
-- Performing Test CMAKE_HAVE_LIBC_PTHREAD
-- Performing Test CMAKE_HAVE_LIBC_PTHREAD - Success
-- Found Threads: TRUE  
-- Detecting CCs of GPUs : /home/czz/nvblox_ws/src/nvblox/cmake/cuda/compute_capability.cpp - Success (found CCs : 89)
-- Building for cuda architectues: 89
-- TORCH_CUDA_ARCH_LIST: 8.9
-- Detected PyTorch with CXX11 ABI
-- Building with C++11 ABI
-- Configuring incomplete, errors occurred!
See also "/home/czz/nvblox_ws/build/nvblox/CMakeFiles/CMakeOutput.log".
