[0.009s] Invoking command in '/home/czz/nvblox_ws/build/nvblox': /usr/bin/cmake /home/czz/nvblox_ws/src/nvblox -DCMAKE_BUILD_TYPE=Release -DCMAKE_INSTALL_PREFIX=/home/czz/nvblox_ws/install/nvblox
[0.126s] -- The CXX compiler identification is GNU 11.4.0
[0.192s] -- The C compiler identification is GNU 11.4.0
[0.886s] -- The CUDA compiler identification is NVIDIA 12.6.20
[0.894s] -- Detecting CXX compiler ABI info
[0.960s] -- Detecting CXX compiler ABI info - done
[0.964s] -- Check for working CXX compiler: /usr/bin/c++ - skipped
[0.965s] -- Detecting CXX compile features
[0.965s] -- Detecting CXX compile features - done
[0.968s] -- Detecting C compiler ABI info
[1.021s] -- Detecting C compiler ABI info - done
[1.026s] -- Check for working C compiler: /usr/bin/cc - skipped
[1.026s] -- Detecting C compile features
[1.026s] -- Detecting C compile features - done
[1.028s] -- Detecting CUDA compiler ABI info
[1.505s] -- Detecting CUDA compiler ABI info - done
[1.521s] -- Check for working CUDA compiler: /usr/local/cuda/bin/nvcc - skipped
[1.521s] -- Detecting CUDA compile features
[1.521s] -- Detecting CUDA compile features - done
[1.526s] -- Detecting CCs of GPUs : /home/czz/nvblox_ws/src/nvblox/cmake/cuda/compute_capability.cpp
[1.540s] -- Looking for pthread.h
[1.597s] -- Looking for pthread.h - found
[1.597s] -- Performing Test CMAKE_HAVE_LIBC_PTHREAD
[1.655s] -- Performing Test CMAKE_HAVE_LIBC_PTHREAD - Success
[1.655s] -- Found Threads: TRUE  
[2.075s] -- Detecting CCs of GPUs : /home/czz/nvblox_ws/src/nvblox/cmake/cuda/compute_capability.cpp - Success (found CCs : 89)
[2.075s] -- Building for cuda architectues: 89
[2.075s] -- TORCH_CUDA_ARCH_LIST: 8.9
[3.135s] -- Detected PyTorch with CXX11 ABI
[3.135s] -- Building with C++11 ABI
[3.147s] [31mCMake Error at nvblox_torch/cpp/CMakeLists.txt:14 (find_package):
[3.147s]   By not providing "FindTorch.cmake" in CMAKE_MODULE_PATH this project has
[3.147s]   asked CMake to find a package configuration file provided by "Torch", but
[3.147s]   CMake did not find one.
[3.147s] 
[3.147s]   Could not find a package configuration file provided by "Torch" with any of
[3.147s]   the following names:
[3.147s] 
[3.147s]     TorchConfig.cmake
[3.147s]     torch-config.cmake
[3.147s] 
[3.147s]   Add the installation prefix of "Torch" to CMAKE_PREFIX_PATH or set
[3.148s]   "Torch_DIR" to a directory containing one of the above files.  If "Torch"
[3.148s]   provides a separate development package or SDK, be sure it has been
[3.148s]   installed.
[3.148s] 
[3.148s] [0m
[3.148s] -- Configuring incomplete, errors occurred!
[3.148s] See also "/home/czz/nvblox_ws/build/nvblox/CMakeFiles/CMakeOutput.log".
[3.151s] Invoked command in '/home/czz/nvblox_ws/build/nvblox' returned '1': /usr/bin/cmake /home/czz/nvblox_ws/src/nvblox -DCMAKE_BUILD_TYPE=Release -DCMAKE_INSTALL_PREFIX=/home/czz/nvblox_ws/install/nvblox
