-- The C compiler identification is GNU 11.4.0
-- The CXX compiler identification is GNU 11.4.0
-- Detecting C compiler ABI info
-- Detecting C compiler ABI info - done
-- Check for working C compiler: /usr/bin/cc - skipped
-- Detecting C compile features
-- Detecting C compile features - done
-- Detecting CXX compiler ABI info
-- Detecting CXX compiler ABI info - done
-- Check for working CXX compiler: /usr/bin/c++ - skipped
-- Detecting CXX compile features
-- Detecting CXX compile features - done
-- Found ament_cmake: 1.3.12 (/opt/ros/humble/share/ament_cmake/cmake)
-- Found Python3: /usr/bin/python3 (found version "3.10.12") found components: Interpreter 
-- Override CMake install command with custom implementation using symlinks instead of copying resources
-- Found tf2: 0.25.17 (/opt/ros/humble/share/tf2/cmake)
-- Found rosidl_generator_c: 3.1.7 (/opt/ros/humble/share/rosidl_generator_c/cmake)
-- Found rosidl_adapter: 3.1.7 (/opt/ros/humble/share/rosidl_adapter/cmake)
-- Found rosidl_generator_cpp: 3.1.7 (/opt/ros/humble/share/rosidl_generator_cpp/cmake)
-- Using all available rosidl_typesupport_c: rosidl_typesupport_fastrtps_c;rosidl_typesupport_introspection_c
-- Using all available rosidl_typesupport_cpp: rosidl_typesupport_fastrtps_cpp;rosidl_typesupport_introspection_cpp
-- Found rclcpp: 16.0.16 (/opt/ros/humble/share/rclcpp/cmake)
-- Found rmw_implementation_cmake: 6.1.2 (/opt/ros/humble/share/rmw_implementation_cmake/cmake)
-- Found rmw_fastrtps_cpp: 6.2.9 (/opt/ros/humble/share/rmw_fastrtps_cpp/cmake)
-- Found OpenSSL: /usr/lib/x86_64-linux-gnu/libcrypto.so (found version "3.0.2")  
-- Found FastRTPS: /opt/ros/humble/include  
-- Using RMW implementation 'rmw_fastrtps_cpp' as default
-- Looking for pthread.h
-- Looking for pthread.h - found
-- Performing Test CMAKE_HAVE_LIBC_PTHREAD
-- Performing Test CMAKE_HAVE_LIBC_PTHREAD - Success
-- Found Threads: TRUE  
-- Found sensor_msgs: 4.9.0 (/opt/ros/humble/share/sensor_msgs/cmake)
-- Found tf2_ros: 0.25.17 (/opt/ros/humble/share/tf2_ros/cmake)
-- Found tf2_eigen: 0.25.17 (/opt/ros/humble/share/tf2_eigen/cmake)
-- Found ament_lint_auto: 0.12.14 (/opt/ros/humble/share/ament_lint_auto/cmake)
-- Building vendored nvblox with CUDA architectures: 72;75;80;86;87;89
-- The CUDA compiler identification is NVIDIA 12.6.20
-- Detecting CUDA compiler ABI info
-- Detecting CUDA compiler ABI info - done
-- Check for working CUDA compiler: /usr/local/cuda/bin/nvcc - skipped
-- Detecting CUDA compile features
-- Detecting CUDA compile features - done
-- TORCH_CUDA_ARCH_LIST: 7.2;7.5;8.0;8.6;8.7;8.9
-- Building without pre-C++11 ABI support (PyTorch wrapper disabled)
-- Found CUDAToolkit: /usr/local/cuda/include (found version "12.6.20") 
-- Downloading 3rdparty dependencies
-- Downloading GFLAGS
-- Downloading SQLITE
-- Found SQLite3: /usr/include (found version "3.37.2") 
-- Downloading Eigen
-- Downloading STDGPU
-- Configuring with CMake 3.22.1
-- Could NOT find ClangFormat: Found unsuitable version "14.0.0-1ubuntu1.1", but required is exact version "10" (found /usr/bin/clang-format)
-- Found thrust: /usr/local/cuda/include (found suitable version "2.5.0", minimum required is "1.9.9") 
-- Found CUDAToolkit: /usr/local/cuda/include (found suitable version "12.6.20", minimum required is "11.0") 
-- 
-- ************************ stdgpu Configuration Summary *************************
-- 
-- General:
--   Version                                   :   1.3.0
--   System                                    :   Linux
--   Build type                                :   Release
-- 
-- Build:
--   STDGPU_BACKEND                            :   STDGPU_BACKEND_CUDA
--   STDGPU_BUILD_SHARED_LIBS                  :   OFF
--   STDGPU_SETUP_COMPILER_FLAGS               :   OFF
--   STDGPU_COMPILE_WARNING_AS_ERROR           :   OFF
--   STDGPU_ANALYZE_WITH_CLANG_TIDY            :   OFF
--   STDGPU_ANALYZE_WITH_CPPCHECK              :   OFF
-- 
-- Configuration:
--   STDGPU_ENABLE_CONTRACT_CHECKS             :   OFF
--   STDGPU_USE_32_BIT_INDEX                   :   ON
-- 
-- Examples:
--   STDGPU_BUILD_EXAMPLES                     :   OFF
-- 
-- Benchmarks:
--   STDGPU_BUILD_BENCHMARKS                   :   OFF
-- 
-- Tests:
--   STDGPU_BUILD_TESTS                        :   OFF
--   STDGPU_BUILD_TEST_COVERAGE                :   OFF
-- 
-- Documentation:
--   STDGPU_BUILD_DOCUMENTATION                :   OFF
-- 
-- *******************************************************************************
-- 
-- Downloading GLOG
-- Found Unwind: /usr/include/x86_64-linux-gnu (found suitable version "1.3.2", minimum required is "1.3.2") 
-- Downloading GTEST
-- Downloading benchmark
-- Failed to find LLVM FileCheck
-- Found Git: /usr/bin/git (found version "2.34.1") 
-- Google Benchmark version: v1.9.0, normalized to 1.9.0
-- Looking for shm_open in rt
-- Looking for shm_open in rt - found
-- Performing Test HAVE_CXX_FLAG_WALL
-- Performing Test HAVE_CXX_FLAG_WALL - Success
-- Performing Test HAVE_CXX_FLAG_WEXTRA
-- Performing Test HAVE_CXX_FLAG_WEXTRA - Success
-- Performing Test HAVE_CXX_FLAG_WSHADOW
-- Performing Test HAVE_CXX_FLAG_WSHADOW - Success
-- Performing Test HAVE_CXX_FLAG_WFLOAT_EQUAL
-- Performing Test HAVE_CXX_FLAG_WFLOAT_EQUAL - Success
-- Performing Test HAVE_CXX_FLAG_WOLD_STYLE_CAST
-- Performing Test HAVE_CXX_FLAG_WOLD_STYLE_CAST - Success
-- Performing Test HAVE_CXX_FLAG_WCONVERSION
-- Performing Test HAVE_CXX_FLAG_WCONVERSION - Success
-- Performing Test HAVE_CXX_FLAG_WSUGGEST_OVERRIDE
-- Performing Test HAVE_CXX_FLAG_WSUGGEST_OVERRIDE - Success
-- Performing Test HAVE_CXX_FLAG_PEDANTIC
-- Performing Test HAVE_CXX_FLAG_PEDANTIC - Success
-- Performing Test HAVE_CXX_FLAG_PEDANTIC_ERRORS
-- Performing Test HAVE_CXX_FLAG_PEDANTIC_ERRORS - Success
-- Performing Test HAVE_CXX_FLAG_WSHORTEN_64_TO_32
-- Performing Test HAVE_CXX_FLAG_WSHORTEN_64_TO_32 - Failed
-- Performing Test HAVE_CXX_FLAG_FSTRICT_ALIASING
-- Performing Test HAVE_CXX_FLAG_FSTRICT_ALIASING - Success
-- Performing Test HAVE_CXX_FLAG_WNO_DEPRECATED_DECLARATIONS
-- Performing Test HAVE_CXX_FLAG_WNO_DEPRECATED_DECLARATIONS - Success
-- Performing Test HAVE_CXX_FLAG_WSTRICT_ALIASING
-- Performing Test HAVE_CXX_FLAG_WSTRICT_ALIASING - Success
-- Performing Test HAVE_CXX_FLAG_WD654
-- Performing Test HAVE_CXX_FLAG_WD654 - Failed
-- Performing Test HAVE_CXX_FLAG_WTHREAD_SAFETY
-- Performing Test HAVE_CXX_FLAG_WTHREAD_SAFETY - Failed
-- Performing Test HAVE_CXX_FLAG_COVERAGE
-- Performing Test HAVE_CXX_FLAG_COVERAGE - Success
-- Compiling and running to test HAVE_STD_REGEX
-- Performing Test HAVE_STD_REGEX -- success
-- Compiling and running to test HAVE_GNU_POSIX_REGEX
-- Performing Test HAVE_GNU_POSIX_REGEX -- failed to compile
-- Compiling and running to test HAVE_POSIX_REGEX
-- Performing Test HAVE_POSIX_REGEX -- success
-- Compiling and running to test HAVE_STEADY_CLOCK
-- Performing Test HAVE_STEADY_CLOCK -- success
-- Compiling and running to test HAVE_PTHREAD_AFFINITY
-- Performing Test HAVE_PTHREAD_AFFINITY -- success
-- Adding nvblox static library: nvblox_gpu_hash
-- Adding nvblox shared library: nvblox_lib
-- Adding nvblox executable library: sphere_benchmark
-- Adding nvblox shared library: nvblox_datasets
-- Adding nvblox executable library: fuse_3dmatch
-- Adding nvblox executable library: fuse_replica
-- Adding nvblox executable library: fuse_redwood
-- Adding nvblox executable library: fuse_cusfm
-- Adding nvblox executable library: fuse_lidarply
-- Adding nvblox executable library: esdf_query
-- Adding nvblox executable library: load_map_and_mesh
-- Adding nvblox executable library: test_bench
[31mCMake Error at CMakeLists.txt:74 (target_link_libraries):
  The plain signature for target_link_libraries has already been used with
  the target "esdf_node".  All uses of target_link_libraries with a target
  must be either all-keyword or all-plain.

  The uses of the plain signature are here:

   * /opt/ros/humble/share/ament_cmake_target_dependencies/cmake/ament_target_dependencies.cmake:145 (target_link_libraries)


[0m
-- Added test 'cppcheck' to perform static code analysis on C / C++ code
-- Configured cppcheck include dirs: $<BUILD_INTERFACE:/home/czz/nvblox_ws/src/my_nvblox/include>
-- Configured cppcheck exclude dirs and/or files: 
-- Added test 'flake8' to check Python code syntax and style conventions
-- Added test 'lint_cmake' to check CMake code style
-- Added test 'pep257' to check Python code against some of the docstring style conventions in PEP 257
-- Added test 'uncrustify' to check C / C++ code style
-- Configured uncrustify additional arguments: 
-- Added test 'xmllint' to check XML markup files
-- Configuring incomplete, errors occurred!
See also "/home/czz/nvblox_ws/build/my_nvblox/CMakeFiles/CMakeOutput.log".
See also "/home/czz/nvblox_ws/build/my_nvblox/CMakeFiles/CMakeError.log".
