[0.008s] Invoking command in '/home/czz/nvblox_ws/build/my_nvblox': CMAKE_PREFIX_PATH=${CMAKE_PREFIX_PATH}:/home/czz/workspaces/isaac_ros-dev/install/nvblox_ros_python_utils:/home/czz/workspaces/isaac_ros-dev/install/isaac_ros_test:/home/czz/workspaces/isaac_ros-dev/install/isaac_ros_launch_utils:/opt/ros/humble /usr/bin/cmake /home/czz/nvblox_ws/src/my_nvblox -DCMAKE_BUILD_TYPE=Release -DAMENT_CMAKE_SYMLINK_INSTALL=1 -DCMAKE_INSTALL_PREFIX=/home/czz/nvblox_ws/install/my_nvblox
[0.119s] -- The C compiler identification is GNU 11.4.0
[0.192s] -- The CXX compiler identification is GNU 11.4.0
[0.200s] -- Detecting C compiler ABI info
[0.255s] -- Detecting C compiler ABI info - done
[0.261s] -- Check for working C compiler: /usr/bin/cc - skipped
[0.261s] -- Detecting C compile features
[0.262s] -- Detecting C compile features - done
[0.264s] -- Detecting CXX compiler ABI info
[0.324s] -- Detecting CXX compiler ABI info - done
[0.328s] -- Check for working CXX compiler: /usr/bin/c++ - skipped
[0.328s] -- Detecting CXX compile features
[0.328s] -- Detecting CXX compile features - done
[0.338s] -- Found ament_cmake: 1.3.12 (/opt/ros/humble/share/ament_cmake/cmake)
[0.741s] -- Found Python3: /usr/bin/python3 (found version "3.10.12") found components: Interpreter 
[0.784s] -- Override CMake install command with custom implementation using symlinks instead of copying resources
[0.830s] -- Found tf2: 0.25.17 (/opt/ros/humble/share/tf2/cmake)
[0.882s] -- Found rosidl_generator_c: 3.1.7 (/opt/ros/humble/share/rosidl_generator_c/cmake)
[0.888s] -- Found rosidl_adapter: 3.1.7 (/opt/ros/humble/share/rosidl_adapter/cmake)
[0.897s] -- Found rosidl_generator_cpp: 3.1.7 (/opt/ros/humble/share/rosidl_generator_cpp/cmake)
[0.910s] -- Using all available rosidl_typesupport_c: rosidl_typesupport_fastrtps_c;rosidl_typesupport_introspection_c
[0.928s] -- Using all available rosidl_typesupport_cpp: rosidl_typesupport_fastrtps_cpp;rosidl_typesupport_introspection_cpp
[0.964s] -- Found rclcpp: 16.0.16 (/opt/ros/humble/share/rclcpp/cmake)
[1.007s] -- Found rmw_implementation_cmake: 6.1.2 (/opt/ros/humble/share/rmw_implementation_cmake/cmake)
[1.011s] -- Found rmw_fastrtps_cpp: 6.2.9 (/opt/ros/humble/share/rmw_fastrtps_cpp/cmake)
[1.103s] -- Found OpenSSL: /usr/lib/x86_64-linux-gnu/libcrypto.so (found version "3.0.2")  
[1.126s] -- Found FastRTPS: /opt/ros/humble/include  
[1.154s] -- Using RMW implementation 'rmw_fastrtps_cpp' as default
[1.165s] -- Looking for pthread.h
[1.228s] -- Looking for pthread.h - found
[1.228s] -- Performing Test CMAKE_HAVE_LIBC_PTHREAD
[1.281s] -- Performing Test CMAKE_HAVE_LIBC_PTHREAD - Success
[1.281s] -- Found Threads: TRUE  
[1.316s] -- Found sensor_msgs: 4.9.0 (/opt/ros/humble/share/sensor_msgs/cmake)
[1.330s] -- Found tf2_ros: 0.25.17 (/opt/ros/humble/share/tf2_ros/cmake)
[1.408s] -- Found tf2_eigen: 0.25.17 (/opt/ros/humble/share/tf2_eigen/cmake)
[1.420s] -- Found ament_lint_auto: 0.12.14 (/opt/ros/humble/share/ament_lint_auto/cmake)
[1.494s] -- Building vendored nvblox with CUDA architectures: 72;75;80;86;87;89
[2.976s] -- The CUDA compiler identification is NVIDIA 12.6.20
[2.981s] -- Detecting CUDA compiler ABI info
[4.234s] -- Detecting CUDA compiler ABI info - done
[4.254s] -- Check for working CUDA compiler: /usr/local/cuda/bin/nvcc - skipped
[4.254s] -- Detecting CUDA compile features
[4.254s] -- Detecting CUDA compile features - done
[4.255s] -- TORCH_CUDA_ARCH_LIST: 7.2;7.5;8.0;8.6;8.7;8.9
[4.255s] -- Building without pre-C++11 ABI support (PyTorch wrapper disabled)
[4.260s] -- Found CUDAToolkit: /usr/local/cuda/include (found version "12.6.20") 
[4.305s] -- Downloading 3rdparty dependencies
[4.305s] -- Downloading GFLAGS
[4.306s] -- Downloading SQLITE
[4.308s] -- Found SQLite3: /usr/include (found version "3.37.2") 
[4.308s] -- Downloading Eigen
[4.308s] -- Downloading STDGPU
[8.413s] -- Configuring with CMake 3.22.1
[8.606s] -- Could NOT find ClangFormat: Found unsuitable version "14.0.0-1ubuntu1.1", but required is exact version "10" (found /usr/bin/clang-format)
[8.623s] -- Found thrust: /usr/local/cuda/include (found suitable version "2.5.0", minimum required is "1.9.9") 
[8.625s] -- Found CUDAToolkit: /usr/local/cuda/include (found suitable version "12.6.20", minimum required is "11.0") 
[8.636s] -- 
[8.636s] -- ************************ stdgpu Configuration Summary *************************
[8.636s] -- 
[8.636s] -- General:
[8.637s] --   Version                                   :   1.3.0
[8.637s] --   System                                    :   Linux
[8.637s] --   Build type                                :   Release
[8.637s] -- 
[8.637s] -- Build:
[8.637s] --   STDGPU_BACKEND                            :   STDGPU_BACKEND_CUDA
[8.637s] --   STDGPU_BUILD_SHARED_LIBS                  :   OFF
[8.637s] --   STDGPU_SETUP_COMPILER_FLAGS               :   OFF
[8.637s] --   STDGPU_COMPILE_WARNING_AS_ERROR           :   OFF
[8.637s] --   STDGPU_ANALYZE_WITH_CLANG_TIDY            :   OFF
[8.637s] --   STDGPU_ANALYZE_WITH_CPPCHECK              :   OFF
[8.637s] -- 
[8.637s] -- Configuration:
[8.637s] --   STDGPU_ENABLE_CONTRACT_CHECKS             :   OFF
[8.637s] --   STDGPU_USE_32_BIT_INDEX                   :   ON
[8.637s] -- 
[8.637s] -- Examples:
[8.637s] --   STDGPU_BUILD_EXAMPLES                     :   OFF
[8.637s] -- 
[8.637s] -- Benchmarks:
[8.637s] --   STDGPU_BUILD_BENCHMARKS                   :   OFF
[8.637s] -- 
[8.637s] -- Tests:
[8.637s] --   STDGPU_BUILD_TESTS                        :   OFF
[8.637s] --   STDGPU_BUILD_TEST_COVERAGE                :   OFF
[8.637s] -- 
[8.637s] -- Documentation:
[8.637s] --   STDGPU_BUILD_DOCUMENTATION                :   OFF
[8.637s] -- 
[8.637s] -- *******************************************************************************
[8.637s] -- 
[8.637s] -- Downloading GLOG
[8.641s] -- Found Unwind: /usr/include/x86_64-linux-gnu (found suitable version "1.3.2", minimum required is "1.3.2") 
[8.642s] -- Downloading GTEST
[10.963s] -- Downloading benchmark
[13.200s] -- Failed to find LLVM FileCheck
[13.201s] -- Found Git: /usr/bin/git (found version "2.34.1") 
[13.203s] -- Google Benchmark version: v1.9.0, normalized to 1.9.0
[13.205s] -- Looking for shm_open in rt
[13.255s] -- Looking for shm_open in rt - found
[13.255s] -- Performing Test HAVE_CXX_FLAG_WALL
[13.317s] -- Performing Test HAVE_CXX_FLAG_WALL - Success
[13.317s] -- Performing Test HAVE_CXX_FLAG_WEXTRA
[13.384s] -- Performing Test HAVE_CXX_FLAG_WEXTRA - Success
[13.385s] -- Performing Test HAVE_CXX_FLAG_WSHADOW
[13.449s] -- Performing Test HAVE_CXX_FLAG_WSHADOW - Success
[13.449s] -- Performing Test HAVE_CXX_FLAG_WFLOAT_EQUAL
[13.511s] -- Performing Test HAVE_CXX_FLAG_WFLOAT_EQUAL - Success
[13.511s] -- Performing Test HAVE_CXX_FLAG_WOLD_STYLE_CAST
[13.570s] -- Performing Test HAVE_CXX_FLAG_WOLD_STYLE_CAST - Success
[13.571s] -- Performing Test HAVE_CXX_FLAG_WCONVERSION
[13.635s] -- Performing Test HAVE_CXX_FLAG_WCONVERSION - Success
[13.636s] -- Performing Test HAVE_CXX_FLAG_WSUGGEST_OVERRIDE
[13.694s] -- Performing Test HAVE_CXX_FLAG_WSUGGEST_OVERRIDE - Success
[13.695s] -- Performing Test HAVE_CXX_FLAG_PEDANTIC
[13.750s] -- Performing Test HAVE_CXX_FLAG_PEDANTIC - Success
[13.751s] -- Performing Test HAVE_CXX_FLAG_PEDANTIC_ERRORS
[13.810s] -- Performing Test HAVE_CXX_FLAG_PEDANTIC_ERRORS - Success
[13.810s] -- Performing Test HAVE_CXX_FLAG_WSHORTEN_64_TO_32
[13.837s] -- Performing Test HAVE_CXX_FLAG_WSHORTEN_64_TO_32 - Failed
[13.837s] -- Performing Test HAVE_CXX_FLAG_FSTRICT_ALIASING
[13.897s] -- Performing Test HAVE_CXX_FLAG_FSTRICT_ALIASING - Success
[13.897s] -- Performing Test HAVE_CXX_FLAG_WNO_DEPRECATED_DECLARATIONS
[13.959s] -- Performing Test HAVE_CXX_FLAG_WNO_DEPRECATED_DECLARATIONS - Success
[13.959s] -- Performing Test HAVE_CXX_FLAG_WSTRICT_ALIASING
[14.021s] -- Performing Test HAVE_CXX_FLAG_WSTRICT_ALIASING - Success
[14.021s] -- Performing Test HAVE_CXX_FLAG_WD654
[14.040s] -- Performing Test HAVE_CXX_FLAG_WD654 - Failed
[14.040s] -- Performing Test HAVE_CXX_FLAG_WTHREAD_SAFETY
[14.068s] -- Performing Test HAVE_CXX_FLAG_WTHREAD_SAFETY - Failed
[14.069s] -- Performing Test HAVE_CXX_FLAG_COVERAGE
[14.132s] -- Performing Test HAVE_CXX_FLAG_COVERAGE - Success
[14.132s] -- Compiling and running to test HAVE_STD_REGEX
[15.237s] -- Performing Test HAVE_STD_REGEX -- success
[15.237s] -- Compiling and running to test HAVE_GNU_POSIX_REGEX
[15.260s] -- Performing Test HAVE_GNU_POSIX_REGEX -- failed to compile
[15.260s] -- Compiling and running to test HAVE_POSIX_REGEX
[15.387s] -- Performing Test HAVE_POSIX_REGEX -- success
[15.387s] -- Compiling and running to test HAVE_STEADY_CLOCK
[15.481s] -- Performing Test HAVE_STEADY_CLOCK -- success
[15.482s] -- Compiling and running to test HAVE_PTHREAD_AFFINITY
[15.543s] -- Performing Test HAVE_PTHREAD_AFFINITY -- success
[15.547s] -- Adding nvblox static library: nvblox_gpu_hash
[15.547s] -- Adding nvblox shared library: nvblox_lib
[15.548s] -- Adding nvblox executable library: sphere_benchmark
[15.549s] -- Adding nvblox shared library: nvblox_datasets
[15.549s] -- Adding nvblox executable library: fuse_3dmatch
[15.549s] -- Adding nvblox executable library: fuse_replica
[15.549s] -- Adding nvblox executable library: fuse_redwood
[15.549s] -- Adding nvblox executable library: fuse_cusfm
[15.549s] -- Adding nvblox executable library: fuse_lidarply
[15.550s] -- Adding nvblox executable library: esdf_query
[15.550s] -- Adding nvblox executable library: load_map_and_mesh
[15.552s] -- Adding nvblox executable library: test_bench
[15.557s] [31mCMake Error at CMakeLists.txt:74 (target_link_libraries):
[15.557s]   The plain signature for target_link_libraries has already been used with
[15.557s]   the target "esdf_node".  All uses of target_link_libraries with a target
[15.557s]   must be either all-keyword or all-plain.
[15.557s] 
[15.557s]   The uses of the plain signature are here:
[15.557s] 
[15.557s]    * /opt/ros/humble/share/ament_cmake_target_dependencies/cmake/ament_target_dependencies.cmake:145 (target_link_libraries)
[15.557s] 
[15.557s] 
[15.557s] [0m
[15.561s] -- Added test 'cppcheck' to perform static code analysis on C / C++ code
[15.561s] -- Configured cppcheck include dirs: $<BUILD_INTERFACE:/home/czz/nvblox_ws/src/my_nvblox/include>
[15.561s] -- Configured cppcheck exclude dirs and/or files: 
[15.561s] -- Added test 'flake8' to check Python code syntax and style conventions
[15.562s] -- Added test 'lint_cmake' to check CMake code style
[15.563s] -- Added test 'pep257' to check Python code against some of the docstring style conventions in PEP 257
[15.564s] -- Added test 'uncrustify' to check C / C++ code style
[15.564s] -- Configured uncrustify additional arguments: 
[15.564s] -- Added test 'xmllint' to check XML markup files
[15.566s] -- Configuring incomplete, errors occurred!
[15.566s] See also "/home/czz/nvblox_ws/build/my_nvblox/CMakeFiles/CMakeOutput.log".
[15.566s] See also "/home/czz/nvblox_ws/build/my_nvblox/CMakeFiles/CMakeError.log".
[15.576s] Invoked command in '/home/czz/nvblox_ws/build/my_nvblox' returned '1': CMAKE_PREFIX_PATH=${CMAKE_PREFIX_PATH}:/home/czz/workspaces/isaac_ros-dev/install/nvblox_ros_python_utils:/home/czz/workspaces/isaac_ros-dev/install/isaac_ros_test:/home/czz/workspaces/isaac_ros-dev/install/isaac_ros_launch_utils:/opt/ros/humble /usr/bin/cmake /home/czz/nvblox_ws/src/my_nvblox -DCMAKE_BUILD_TYPE=Release -DAMENT_CMAKE_SYMLINK_INSTALL=1 -DCMAKE_INSTALL_PREFIX=/home/czz/nvblox_ws/install/my_nvblox
