[0.008s] Invoking command in '/home/czz/nvblox_ws/build/my_nvblox': CMAKE_PREFIX_PATH=${CMAKE_PREFIX_PATH}:/home/czz/workspaces/isaac_ros-dev/install/nvblox_ros_python_utils:/home/czz/workspaces/isaac_ros-dev/install/isaac_ros_test:/home/czz/workspaces/isaac_ros-dev/install/isaac_ros_launch_utils:/opt/ros/humble /usr/bin/cmake /home/czz/nvblox_ws/src/my_nvblox -DCMAKE_INSTALL_PREFIX=/home/czz/nvblox_ws/install/my_nvblox
[0.059s] -- The CXX compiler identification is GNU 11.4.0
[0.089s] -- The C compiler identification is GNU 11.4.0
[0.598s] -- The CUDA compiler identification is NVIDIA 12.6.20
[0.602s] -- Detecting CXX compiler ABI info
[0.661s] -- Detecting CXX compiler ABI info - done
[0.665s] -- Check for working CXX compiler: /usr/bin/c++ - skipped
[0.665s] -- Detecting CXX compile features
[0.665s] -- Detecting CXX compile features - done
[0.667s] -- Detecting C compiler ABI info
[0.716s] -- Detecting C compiler ABI info - done
[0.721s] -- Check for working C compiler: /usr/bin/cc - skipped
[0.721s] -- Detecting C compile features
[0.722s] -- Detecting C compile features - done
[0.723s] -- Detecting CUDA compiler ABI info
[1.228s] -- Detecting CUDA compiler ABI info - done
[1.244s] -- Check for working CUDA compiler: /usr/local/cuda/bin/nvcc - skipped
[1.244s] -- Detecting CUDA compile features
[1.245s] -- Detecting CUDA compile features - done
[1.248s] -- Found ament_cmake: 1.3.12 (/opt/ros/humble/share/ament_cmake/cmake)
[1.670s] -- Found Python3: /usr/bin/python3 (found version "3.10.12") found components: Interpreter 
[1.756s] -- Found rclcpp: 16.0.16 (/opt/ros/humble/share/rclcpp/cmake)
[1.796s] -- Found rosidl_generator_c: 3.1.7 (/opt/ros/humble/share/rosidl_generator_c/cmake)
[1.801s] -- Found rosidl_adapter: 3.1.7 (/opt/ros/humble/share/rosidl_adapter/cmake)
[1.808s] -- Found rosidl_generator_cpp: 3.1.7 (/opt/ros/humble/share/rosidl_generator_cpp/cmake)
[1.818s] -- Using all available rosidl_typesupport_c: rosidl_typesupport_fastrtps_c;rosidl_typesupport_introspection_c
[1.831s] -- Using all available rosidl_typesupport_cpp: rosidl_typesupport_fastrtps_cpp;rosidl_typesupport_introspection_cpp
[1.869s] -- Found rmw_implementation_cmake: 6.1.2 (/opt/ros/humble/share/rmw_implementation_cmake/cmake)
[1.873s] -- Found rmw_fastrtps_cpp: 6.2.9 (/opt/ros/humble/share/rmw_fastrtps_cpp/cmake)
[1.950s] -- Found OpenSSL: /usr/lib/x86_64-linux-gnu/libcrypto.so (found version "3.0.2")  
[1.968s] -- Found FastRTPS: /opt/ros/humble/include  
[1.999s] -- Using RMW implementation 'rmw_fastrtps_cpp' as default
[2.008s] -- Looking for pthread.h
[2.064s] -- Looking for pthread.h - found
[2.064s] -- Performing Test CMAKE_HAVE_LIBC_PTHREAD
[2.121s] -- Performing Test CMAKE_HAVE_LIBC_PTHREAD - Success
[2.122s] -- Found Threads: TRUE  
[2.162s] -- Found sensor_msgs: 4.9.0 (/opt/ros/humble/share/sensor_msgs/cmake)
[2.181s] -- Found tf2: 0.25.17 (/opt/ros/humble/share/tf2/cmake)
[2.189s] -- Found tf2_ros: 0.25.17 (/opt/ros/humble/share/tf2_ros/cmake)
[2.262s] -- Found tf2_geometry_msgs: 0.25.17 (/opt/ros/humble/share/tf2_geometry_msgs/cmake)
[2.277s] -- Found eigen3_cmake_module: 0.1.1 (/opt/ros/humble/share/eigen3_cmake_module/cmake)
[2.278s] -- Found Eigen3: TRUE (found version "3.4.0") 
[2.278s] -- Ensuring Eigen3 include directory is part of orocos-kdl CMake target
[2.281s] -- Found cv_bridge: 3.2.1 (/opt/ros/humble/share/cv_bridge/cmake)
[2.289s] -- Found CUDAToolkit: /usr/local/cuda/include (found version "12.6.20") 
[2.337s] -- Found Unwind: /usr/include/x86_64-linux-gnu (found suitable version "1.3.2", minimum required is "1.3.2") 
[2.402s] -- Configuring done
[2.409s] -- Generating done
[2.411s] -- Build files have been written to: /home/czz/nvblox_ws/build/my_nvblox
[2.418s] Invoked command in '/home/czz/nvblox_ws/build/my_nvblox' returned '0': CMAKE_PREFIX_PATH=${CMAKE_PREFIX_PATH}:/home/czz/workspaces/isaac_ros-dev/install/nvblox_ros_python_utils:/home/czz/workspaces/isaac_ros-dev/install/isaac_ros_test:/home/czz/workspaces/isaac_ros-dev/install/isaac_ros_launch_utils:/opt/ros/humble /usr/bin/cmake /home/czz/nvblox_ws/src/my_nvblox -DCMAKE_INSTALL_PREFIX=/home/czz/nvblox_ws/install/my_nvblox
[2.419s] Invoking command in '/home/czz/nvblox_ws/build/my_nvblox': CMAKE_PREFIX_PATH=${CMAKE_PREFIX_PATH}:/home/czz/workspaces/isaac_ros-dev/install/nvblox_ros_python_utils:/home/czz/workspaces/isaac_ros-dev/install/isaac_ros_test:/home/czz/workspaces/isaac_ros-dev/install/isaac_ros_launch_utils:/opt/ros/humble /usr/bin/cmake --build /home/czz/nvblox_ws/build/my_nvblox -- -j20 -l20
[2.465s] [ 50%] [32mBuilding CXX object CMakeFiles/mapper_node.dir/src/mapper_node.cpp.o[0m
[5.278s] [01m[K/home/czz/nvblox_ws/src/my_nvblox/src/mapper_node.cpp:[m[K In member function ‘[01m[Kvoid MyNvbloxNode::processMappingOutput()[m[K’:
[5.278s] [01m[K/home/czz/nvblox_ws/src/my_nvblox/src/mapper_node.cpp:109:18:[m[K [01;31m[Kerror: [m[K‘[01m[Kusing element_type = class nvblox::Mapper[m[K’ {aka ‘[01m[Kclass nvblox::Mapper[m[K’} has no member named ‘[01m[KupdateMesh[m[K’
[5.278s]   109 |         mapper_->[01;31m[KupdateMesh[m[K();
[5.278s]       |                  [01;31m[K^~~~~~~~~~[m[K
[8.056s] gmake[2]: *** [CMakeFiles/mapper_node.dir/build.make:76：CMakeFiles/mapper_node.dir/src/mapper_node.cpp.o] 错误 1
[8.056s] gmake[1]: *** [CMakeFiles/Makefile2:137：CMakeFiles/mapper_node.dir/all] 错误 2
[8.057s] gmake: *** [Makefile:146：all] 错误 2
[8.058s] Invoked command in '/home/czz/nvblox_ws/build/my_nvblox' returned '2': CMAKE_PREFIX_PATH=${CMAKE_PREFIX_PATH}:/home/czz/workspaces/isaac_ros-dev/install/nvblox_ros_python_utils:/home/czz/workspaces/isaac_ros-dev/install/isaac_ros_test:/home/czz/workspaces/isaac_ros-dev/install/isaac_ros_launch_utils:/opt/ros/humble /usr/bin/cmake --build /home/czz/nvblox_ws/build/my_nvblox -- -j20 -l20
