[0.472s] DEBUG:colcon:Command line arguments: ['/usr/bin/colcon', 'build', '--symlink-install', '--packages-select', 'my_nvblox']
[0.473s] DEBUG:colcon:Parsed command line arguments: Namespace(log_base=None, log_level=None, verb_name='build', build_base='build', install_base='install', merge_install=False, symlink_install=True, test_result_base=None, continue_on_error=False, executor='parallel', parallel_workers=20, event_handlers=None, ignore_user_meta=False, metas=['./colcon.meta'], base_paths=['.'], packages_ignore=None, packages_ignore_regex=None, paths=None, packages_up_to=None, packages_up_to_regex=None, packages_above=None, packages_above_and_dependencies=None, packages_above_depth=None, packages_select_by_dep=None, packages_skip_by_dep=None, packages_skip_up_to=None, packages_select_build_failed=False, packages_skip_build_finished=False, packages_select_test_failures=False, packages_skip_test_passed=False, packages_select=['my_nvblox'], packages_skip=None, packages_select_regex=None, packages_skip_regex=None, packages_start=None, packages_end=None, allow_overriding=[], cmake_args=None, cmake_target=None, cmake_target_skip_unavailable=False, cmake_clean_cache=False, cmake_clean_first=False, cmake_force_configure=False, ament_cmake_args=None, catkin_cmake_args=None, catkin_skip_building_tests=False, verb_parser=<colcon_defaults.argument_parser.defaults.DefaultArgumentsDecorator object at 0x7e0c97e5a3e0>, verb_extension=<colcon_core.verb.build.BuildVerb object at 0x7e0c97f979a0>, main=<bound method BuildVerb.main of <colcon_core.verb.build.BuildVerb object at 0x7e0c97f979a0>>)
[1.061s] Level 1:colcon.colcon_core.package_discovery:discover_packages(colcon_meta) check parameters
[1.062s] Level 1:colcon.colcon_core.package_discovery:discover_packages(recursive) check parameters
[1.062s] Level 1:colcon.colcon_core.package_discovery:discover_packages(ignore) check parameters
[1.062s] Level 1:colcon.colcon_core.package_discovery:discover_packages(path) check parameters
[1.062s] Level 1:colcon.colcon_core.package_discovery:discover_packages(colcon_meta) discover
[1.062s] Level 1:colcon.colcon_core.package_discovery:discover_packages(recursive) discover
[1.062s] INFO:colcon.colcon_core.package_discovery:Crawling recursively for packages in '/home/czz/nvblox_ws'
[1.062s] Level 1:colcon.colcon_core.package_identification:_identify(.) by extensions ['ignore', 'ignore_ament_install']
[1.062s] Level 1:colcon.colcon_core.package_identification:_identify(.) by extension 'ignore'
[1.063s] Level 1:colcon.colcon_core.package_identification:_identify(.) by extension 'ignore_ament_install'
[1.063s] Level 1:colcon.colcon_core.package_identification:_identify(.) by extensions ['colcon_pkg']
[1.063s] Level 1:colcon.colcon_core.package_identification:_identify(.) by extension 'colcon_pkg'
[1.063s] Level 1:colcon.colcon_core.package_identification:_identify(.) by extensions ['colcon_meta']
[1.063s] Level 1:colcon.colcon_core.package_identification:_identify(.) by extension 'colcon_meta'
[1.063s] Level 1:colcon.colcon_core.package_identification:_identify(.) by extensions ['ros']
[1.063s] Level 1:colcon.colcon_core.package_identification:_identify(.) by extension 'ros'
[1.125s] Level 1:colcon.colcon_core.package_identification:_identify(.) by extensions ['cmake', 'python']
[1.125s] Level 1:colcon.colcon_core.package_identification:_identify(.) by extension 'cmake'
[1.126s] Level 1:colcon.colcon_core.package_identification:_identify(.) by extension 'python'
[1.126s] Level 1:colcon.colcon_core.package_identification:_identify(.) by extensions ['python_setup_py']
[1.126s] Level 1:colcon.colcon_core.package_identification:_identify(.) by extension 'python_setup_py'
[1.126s] Level 1:colcon.colcon_core.package_identification:_identify(build) by extensions ['ignore', 'ignore_ament_install']
[1.126s] Level 1:colcon.colcon_core.package_identification:_identify(build) by extension 'ignore'
[1.126s] Level 1:colcon.colcon_core.package_identification:_identify(build) ignored
[1.126s] Level 1:colcon.colcon_core.package_identification:_identify(install) by extensions ['ignore', 'ignore_ament_install']
[1.127s] Level 1:colcon.colcon_core.package_identification:_identify(install) by extension 'ignore'
[1.127s] Level 1:colcon.colcon_core.package_identification:_identify(install) ignored
[1.127s] Level 1:colcon.colcon_core.package_identification:_identify(log) by extensions ['ignore', 'ignore_ament_install']
[1.127s] Level 1:colcon.colcon_core.package_identification:_identify(log) by extension 'ignore'
[1.127s] Level 1:colcon.colcon_core.package_identification:_identify(log) ignored
[1.127s] Level 1:colcon.colcon_core.package_identification:_identify(src) by extensions ['ignore', 'ignore_ament_install']
[1.127s] Level 1:colcon.colcon_core.package_identification:_identify(src) by extension 'ignore'
[1.127s] Level 1:colcon.colcon_core.package_identification:_identify(src) by extension 'ignore_ament_install'
[1.127s] Level 1:colcon.colcon_core.package_identification:_identify(src) by extensions ['colcon_pkg']
[1.127s] Level 1:colcon.colcon_core.package_identification:_identify(src) by extension 'colcon_pkg'
[1.127s] Level 1:colcon.colcon_core.package_identification:_identify(src) by extensions ['colcon_meta']
[1.127s] Level 1:colcon.colcon_core.package_identification:_identify(src) by extension 'colcon_meta'
[1.128s] Level 1:colcon.colcon_core.package_identification:_identify(src) by extensions ['ros']
[1.128s] Level 1:colcon.colcon_core.package_identification:_identify(src) by extension 'ros'
[1.128s] Level 1:colcon.colcon_core.package_identification:_identify(src) by extensions ['cmake', 'python']
[1.128s] Level 1:colcon.colcon_core.package_identification:_identify(src) by extension 'cmake'
[1.128s] Level 1:colcon.colcon_core.package_identification:_identify(src) by extension 'python'
[1.128s] Level 1:colcon.colcon_core.package_identification:_identify(src) by extensions ['python_setup_py']
[1.128s] Level 1:colcon.colcon_core.package_identification:_identify(src) by extension 'python_setup_py'
[1.128s] Level 1:colcon.colcon_core.package_identification:_identify(src/my_nvblox) by extensions ['ignore', 'ignore_ament_install']
[1.128s] Level 1:colcon.colcon_core.package_identification:_identify(src/my_nvblox) by extension 'ignore'
[1.128s] Level 1:colcon.colcon_core.package_identification:_identify(src/my_nvblox) by extension 'ignore_ament_install'
[1.128s] Level 1:colcon.colcon_core.package_identification:_identify(src/my_nvblox) by extensions ['colcon_pkg']
[1.128s] Level 1:colcon.colcon_core.package_identification:_identify(src/my_nvblox) by extension 'colcon_pkg'
[1.128s] Level 1:colcon.colcon_core.package_identification:_identify(src/my_nvblox) by extensions ['colcon_meta']
[1.128s] Level 1:colcon.colcon_core.package_identification:_identify(src/my_nvblox) by extension 'colcon_meta'
[1.128s] Level 1:colcon.colcon_core.package_identification:_identify(src/my_nvblox) by extensions ['ros']
[1.129s] Level 1:colcon.colcon_core.package_identification:_identify(src/my_nvblox) by extension 'ros'
[1.136s] DEBUG:colcon.colcon_core.package_identification:Package 'src/my_nvblox' with type 'ros.ament_cmake' and name 'my_nvblox'
[1.136s] Level 1:colcon.colcon_core.package_identification:_identify(src/nvblox) by extensions ['ignore', 'ignore_ament_install']
[1.136s] Level 1:colcon.colcon_core.package_identification:_identify(src/nvblox) by extension 'ignore'
[1.136s] Level 1:colcon.colcon_core.package_identification:_identify(src/nvblox) by extension 'ignore_ament_install'
[1.136s] Level 1:colcon.colcon_core.package_identification:_identify(src/nvblox) by extensions ['colcon_pkg']
[1.136s] Level 1:colcon.colcon_core.package_identification:_identify(src/nvblox) by extension 'colcon_pkg'
[1.137s] Level 1:colcon.colcon_core.package_identification:_identify(src/nvblox) by extensions ['colcon_meta']
[1.137s] Level 1:colcon.colcon_core.package_identification:_identify(src/nvblox) by extension 'colcon_meta'
[1.137s] Level 1:colcon.colcon_core.package_identification:_identify(src/nvblox) by extensions ['ros']
[1.137s] Level 1:colcon.colcon_core.package_identification:_identify(src/nvblox) by extension 'ros'
[1.137s] Level 1:colcon.colcon_core.package_identification:_identify(src/nvblox) by extensions ['cmake', 'python']
[1.137s] Level 1:colcon.colcon_core.package_identification:_identify(src/nvblox) by extension 'cmake'
[2.546s] Level 1:colcon.colcon_core.package_identification:_identify(src/nvblox) by extension 'python'
[2.546s] DEBUG:colcon.colcon_core.package_identification:Package 'src/nvblox' with type 'cmake' and name 'nvblox'
[2.546s] Level 1:colcon.colcon_core.package_identification:_identify(src/nvblox_realsenseD435) by extensions ['ignore', 'ignore_ament_install']
[2.547s] Level 1:colcon.colcon_core.package_identification:_identify(src/nvblox_realsenseD435) by extension 'ignore'
[2.547s] Level 1:colcon.colcon_core.package_identification:_identify(src/nvblox_realsenseD435) by extension 'ignore_ament_install'
[2.547s] Level 1:colcon.colcon_core.package_identification:_identify(src/nvblox_realsenseD435) by extensions ['colcon_pkg']
[2.547s] Level 1:colcon.colcon_core.package_identification:_identify(src/nvblox_realsenseD435) by extension 'colcon_pkg'
[2.547s] Level 1:colcon.colcon_core.package_identification:_identify(src/nvblox_realsenseD435) by extensions ['colcon_meta']
[2.547s] Level 1:colcon.colcon_core.package_identification:_identify(src/nvblox_realsenseD435) by extension 'colcon_meta'
[2.547s] Level 1:colcon.colcon_core.package_identification:_identify(src/nvblox_realsenseD435) by extensions ['ros']
[2.547s] Level 1:colcon.colcon_core.package_identification:_identify(src/nvblox_realsenseD435) by extension 'ros'
[2.547s] Level 1:colcon.colcon_core.package_identification:_identify(src/nvblox_realsenseD435) by extensions ['cmake', 'python']
[2.547s] Level 1:colcon.colcon_core.package_identification:_identify(src/nvblox_realsenseD435) by extension 'cmake'
[2.547s] Level 1:colcon.colcon_core.package_identification:_identify(src/nvblox_realsenseD435) by extension 'python'
[2.547s] Level 1:colcon.colcon_core.package_identification:_identify(src/nvblox_realsenseD435) by extensions ['python_setup_py']
[2.547s] Level 1:colcon.colcon_core.package_identification:_identify(src/nvblox_realsenseD435) by extension 'python_setup_py'
[2.548s] Level 1:colcon.colcon_core.package_identification:_identify(src/nvblox_realsenseD435/nvblox_D435i) by extensions ['ignore', 'ignore_ament_install']
[2.548s] Level 1:colcon.colcon_core.package_identification:_identify(src/nvblox_realsenseD435/nvblox_D435i) by extension 'ignore'
[2.548s] Level 1:colcon.colcon_core.package_identification:_identify(src/nvblox_realsenseD435/nvblox_D435i) by extension 'ignore_ament_install'
[2.548s] Level 1:colcon.colcon_core.package_identification:_identify(src/nvblox_realsenseD435/nvblox_D435i) by extensions ['colcon_pkg']
[2.548s] Level 1:colcon.colcon_core.package_identification:_identify(src/nvblox_realsenseD435/nvblox_D435i) by extension 'colcon_pkg'
[2.548s] Level 1:colcon.colcon_core.package_identification:_identify(src/nvblox_realsenseD435/nvblox_D435i) by extensions ['colcon_meta']
[2.548s] Level 1:colcon.colcon_core.package_identification:_identify(src/nvblox_realsenseD435/nvblox_D435i) by extension 'colcon_meta'
[2.548s] Level 1:colcon.colcon_core.package_identification:_identify(src/nvblox_realsenseD435/nvblox_D435i) by extensions ['ros']
[2.548s] Level 1:colcon.colcon_core.package_identification:_identify(src/nvblox_realsenseD435/nvblox_D435i) by extension 'ros'
[2.548s] Level 1:colcon.colcon_core.package_identification:_identify(src/nvblox_realsenseD435/nvblox_D435i) by extensions ['cmake', 'python']
[2.548s] Level 1:colcon.colcon_core.package_identification:_identify(src/nvblox_realsenseD435/nvblox_D435i) by extension 'cmake'
[2.548s] Level 1:colcon.colcon_core.package_identification:_identify(src/nvblox_realsenseD435/nvblox_D435i) by extension 'python'
[2.548s] Level 1:colcon.colcon_core.package_identification:_identify(src/nvblox_realsenseD435/nvblox_D435i) by extensions ['python_setup_py']
[2.548s] Level 1:colcon.colcon_core.package_identification:_identify(src/nvblox_realsenseD435/nvblox_D435i) by extension 'python_setup_py'
[2.548s] Level 1:colcon.colcon_core.package_identification:_identify(src/nvblox_realsenseD435/nvblox_D435i/__pycache__) by extensions ['ignore', 'ignore_ament_install']
[2.549s] Level 1:colcon.colcon_core.package_identification:_identify(src/nvblox_realsenseD435/nvblox_D435i/__pycache__) by extension 'ignore'
[2.549s] Level 1:colcon.colcon_core.package_identification:_identify(src/nvblox_realsenseD435/nvblox_D435i/__pycache__) by extension 'ignore_ament_install'
[2.549s] Level 1:colcon.colcon_core.package_identification:_identify(src/nvblox_realsenseD435/nvblox_D435i/__pycache__) by extensions ['colcon_pkg']
[2.549s] Level 1:colcon.colcon_core.package_identification:_identify(src/nvblox_realsenseD435/nvblox_D435i/__pycache__) by extension 'colcon_pkg'
[2.549s] Level 1:colcon.colcon_core.package_identification:_identify(src/nvblox_realsenseD435/nvblox_D435i/__pycache__) by extensions ['colcon_meta']
[2.549s] Level 1:colcon.colcon_core.package_identification:_identify(src/nvblox_realsenseD435/nvblox_D435i/__pycache__) by extension 'colcon_meta'
[2.549s] Level 1:colcon.colcon_core.package_identification:_identify(src/nvblox_realsenseD435/nvblox_D435i/__pycache__) by extensions ['ros']
[2.549s] Level 1:colcon.colcon_core.package_identification:_identify(src/nvblox_realsenseD435/nvblox_D435i/__pycache__) by extension 'ros'
[2.549s] Level 1:colcon.colcon_core.package_identification:_identify(src/nvblox_realsenseD435/nvblox_D435i/__pycache__) by extensions ['cmake', 'python']
[2.549s] Level 1:colcon.colcon_core.package_identification:_identify(src/nvblox_realsenseD435/nvblox_D435i/__pycache__) by extension 'cmake'
[2.549s] Level 1:colcon.colcon_core.package_identification:_identify(src/nvblox_realsenseD435/nvblox_D435i/__pycache__) by extension 'python'
[2.549s] Level 1:colcon.colcon_core.package_identification:_identify(src/nvblox_realsenseD435/nvblox_D435i/__pycache__) by extensions ['python_setup_py']
[2.549s] Level 1:colcon.colcon_core.package_identification:_identify(src/nvblox_realsenseD435/nvblox_D435i/__pycache__) by extension 'python_setup_py'
[2.549s] Level 1:colcon.colcon_core.package_identification:_identify(src/nvblox_realsenseD435/nvblox_D435i/launch) by extensions ['ignore', 'ignore_ament_install']
[2.549s] Level 1:colcon.colcon_core.package_identification:_identify(src/nvblox_realsenseD435/nvblox_D435i/launch) by extension 'ignore'
[2.550s] Level 1:colcon.colcon_core.package_identification:_identify(src/nvblox_realsenseD435/nvblox_D435i/launch) by extension 'ignore_ament_install'
[2.550s] Level 1:colcon.colcon_core.package_identification:_identify(src/nvblox_realsenseD435/nvblox_D435i/launch) by extensions ['colcon_pkg']
[2.550s] Level 1:colcon.colcon_core.package_identification:_identify(src/nvblox_realsenseD435/nvblox_D435i/launch) by extension 'colcon_pkg'
[2.550s] Level 1:colcon.colcon_core.package_identification:_identify(src/nvblox_realsenseD435/nvblox_D435i/launch) by extensions ['colcon_meta']
[2.550s] Level 1:colcon.colcon_core.package_identification:_identify(src/nvblox_realsenseD435/nvblox_D435i/launch) by extension 'colcon_meta'
[2.550s] Level 1:colcon.colcon_core.package_identification:_identify(src/nvblox_realsenseD435/nvblox_D435i/launch) by extensions ['ros']
[2.550s] Level 1:colcon.colcon_core.package_identification:_identify(src/nvblox_realsenseD435/nvblox_D435i/launch) by extension 'ros'
[2.550s] Level 1:colcon.colcon_core.package_identification:_identify(src/nvblox_realsenseD435/nvblox_D435i/launch) by extensions ['cmake', 'python']
[2.550s] Level 1:colcon.colcon_core.package_identification:_identify(src/nvblox_realsenseD435/nvblox_D435i/launch) by extension 'cmake'
[2.550s] Level 1:colcon.colcon_core.package_identification:_identify(src/nvblox_realsenseD435/nvblox_D435i/launch) by extension 'python'
[2.550s] Level 1:colcon.colcon_core.package_identification:_identify(src/nvblox_realsenseD435/nvblox_D435i/launch) by extensions ['python_setup_py']
[2.550s] Level 1:colcon.colcon_core.package_identification:_identify(src/nvblox_realsenseD435/nvblox_D435i/launch) by extension 'python_setup_py'
[2.550s] Level 1:colcon.colcon_core.package_identification:_identify(src/nvblox_realsenseD435/nvblox_D435i/launch/__pycache__) by extensions ['ignore', 'ignore_ament_install']
[2.550s] Level 1:colcon.colcon_core.package_identification:_identify(src/nvblox_realsenseD435/nvblox_D435i/launch/__pycache__) by extension 'ignore'
[2.550s] Level 1:colcon.colcon_core.package_identification:_identify(src/nvblox_realsenseD435/nvblox_D435i/launch/__pycache__) by extension 'ignore_ament_install'
[2.550s] Level 1:colcon.colcon_core.package_identification:_identify(src/nvblox_realsenseD435/nvblox_D435i/launch/__pycache__) by extensions ['colcon_pkg']
[2.550s] Level 1:colcon.colcon_core.package_identification:_identify(src/nvblox_realsenseD435/nvblox_D435i/launch/__pycache__) by extension 'colcon_pkg'
[2.551s] Level 1:colcon.colcon_core.package_identification:_identify(src/nvblox_realsenseD435/nvblox_D435i/launch/__pycache__) by extensions ['colcon_meta']
[2.551s] Level 1:colcon.colcon_core.package_identification:_identify(src/nvblox_realsenseD435/nvblox_D435i/launch/__pycache__) by extension 'colcon_meta'
[2.551s] Level 1:colcon.colcon_core.package_identification:_identify(src/nvblox_realsenseD435/nvblox_D435i/launch/__pycache__) by extensions ['ros']
[2.551s] Level 1:colcon.colcon_core.package_identification:_identify(src/nvblox_realsenseD435/nvblox_D435i/launch/__pycache__) by extension 'ros'
[2.551s] Level 1:colcon.colcon_core.package_identification:_identify(src/nvblox_realsenseD435/nvblox_D435i/launch/__pycache__) by extensions ['cmake', 'python']
[2.551s] Level 1:colcon.colcon_core.package_identification:_identify(src/nvblox_realsenseD435/nvblox_D435i/launch/__pycache__) by extension 'cmake'
[2.551s] Level 1:colcon.colcon_core.package_identification:_identify(src/nvblox_realsenseD435/nvblox_D435i/launch/__pycache__) by extension 'python'
[2.551s] Level 1:colcon.colcon_core.package_identification:_identify(src/nvblox_realsenseD435/nvblox_D435i/launch/__pycache__) by extensions ['python_setup_py']
[2.551s] Level 1:colcon.colcon_core.package_identification:_identify(src/nvblox_realsenseD435/nvblox_D435i/launch/__pycache__) by extension 'python_setup_py'
[2.551s] Level 1:colcon.colcon_core.package_identification:_identify(src/nvblox_realsenseD435/nvblox_D435i/result) by extensions ['ignore', 'ignore_ament_install']
[2.551s] Level 1:colcon.colcon_core.package_identification:_identify(src/nvblox_realsenseD435/nvblox_D435i/result) by extension 'ignore'
[2.551s] Level 1:colcon.colcon_core.package_identification:_identify(src/nvblox_realsenseD435/nvblox_D435i/result) by extension 'ignore_ament_install'
[2.551s] Level 1:colcon.colcon_core.package_identification:_identify(src/nvblox_realsenseD435/nvblox_D435i/result) by extensions ['colcon_pkg']
[2.551s] Level 1:colcon.colcon_core.package_identification:_identify(src/nvblox_realsenseD435/nvblox_D435i/result) by extension 'colcon_pkg'
[2.551s] Level 1:colcon.colcon_core.package_identification:_identify(src/nvblox_realsenseD435/nvblox_D435i/result) by extensions ['colcon_meta']
[2.551s] Level 1:colcon.colcon_core.package_identification:_identify(src/nvblox_realsenseD435/nvblox_D435i/result) by extension 'colcon_meta'
[2.552s] Level 1:colcon.colcon_core.package_identification:_identify(src/nvblox_realsenseD435/nvblox_D435i/result) by extensions ['ros']
[2.552s] Level 1:colcon.colcon_core.package_identification:_identify(src/nvblox_realsenseD435/nvblox_D435i/result) by extension 'ros'
[2.552s] Level 1:colcon.colcon_core.package_identification:_identify(src/nvblox_realsenseD435/nvblox_D435i/result) by extensions ['cmake', 'python']
[2.552s] Level 1:colcon.colcon_core.package_identification:_identify(src/nvblox_realsenseD435/nvblox_D435i/result) by extension 'cmake'
[2.552s] Level 1:colcon.colcon_core.package_identification:_identify(src/nvblox_realsenseD435/nvblox_D435i/result) by extension 'python'
[2.552s] Level 1:colcon.colcon_core.package_identification:_identify(src/nvblox_realsenseD435/nvblox_D435i/result) by extensions ['python_setup_py']
[2.552s] Level 1:colcon.colcon_core.package_identification:_identify(src/nvblox_realsenseD435/nvblox_D435i/result) by extension 'python_setup_py'
[2.552s] Level 1:colcon.colcon_core.package_identification:_identify(src/nvblox_realsenseD435/realsense_gazebo_plugin) by extensions ['ignore', 'ignore_ament_install']
[2.552s] Level 1:colcon.colcon_core.package_identification:_identify(src/nvblox_realsenseD435/realsense_gazebo_plugin) by extension 'ignore'
[2.552s] Level 1:colcon.colcon_core.package_identification:_identify(src/nvblox_realsenseD435/realsense_gazebo_plugin) by extension 'ignore_ament_install'
[2.552s] Level 1:colcon.colcon_core.package_identification:_identify(src/nvblox_realsenseD435/realsense_gazebo_plugin) by extensions ['colcon_pkg']
[2.552s] Level 1:colcon.colcon_core.package_identification:_identify(src/nvblox_realsenseD435/realsense_gazebo_plugin) by extension 'colcon_pkg'
[2.552s] Level 1:colcon.colcon_core.package_identification:_identify(src/nvblox_realsenseD435/realsense_gazebo_plugin) by extensions ['colcon_meta']
[2.552s] Level 1:colcon.colcon_core.package_identification:_identify(src/nvblox_realsenseD435/realsense_gazebo_plugin) by extension 'colcon_meta'
[2.552s] Level 1:colcon.colcon_core.package_identification:_identify(src/nvblox_realsenseD435/realsense_gazebo_plugin) by extensions ['ros']
[2.552s] Level 1:colcon.colcon_core.package_identification:_identify(src/nvblox_realsenseD435/realsense_gazebo_plugin) by extension 'ros'
[2.553s] Level 1:colcon.colcon_core.package_identification:_identify(src/nvblox_realsenseD435/realsense_gazebo_plugin) by extensions ['cmake', 'python']
[2.553s] Level 1:colcon.colcon_core.package_identification:_identify(src/nvblox_realsenseD435/realsense_gazebo_plugin) by extension 'cmake'
[2.553s] Level 1:colcon.colcon_core.package_identification:_identify(src/nvblox_realsenseD435/realsense_gazebo_plugin) by extension 'python'
[2.553s] Level 1:colcon.colcon_core.package_identification:_identify(src/nvblox_realsenseD435/realsense_gazebo_plugin) by extensions ['python_setup_py']
[2.553s] Level 1:colcon.colcon_core.package_identification:_identify(src/nvblox_realsenseD435/realsense_gazebo_plugin) by extension 'python_setup_py'
[2.553s] Level 1:colcon.colcon_core.package_identification:_identify(src/nvblox_realsenseD435/sim_gazebo_scene) by extensions ['ignore', 'ignore_ament_install']
[2.553s] Level 1:colcon.colcon_core.package_identification:_identify(src/nvblox_realsenseD435/sim_gazebo_scene) by extension 'ignore'
[2.553s] Level 1:colcon.colcon_core.package_identification:_identify(src/nvblox_realsenseD435/sim_gazebo_scene) by extension 'ignore_ament_install'
[2.553s] Level 1:colcon.colcon_core.package_identification:_identify(src/nvblox_realsenseD435/sim_gazebo_scene) by extensions ['colcon_pkg']
[2.553s] Level 1:colcon.colcon_core.package_identification:_identify(src/nvblox_realsenseD435/sim_gazebo_scene) by extension 'colcon_pkg'
[2.553s] Level 1:colcon.colcon_core.package_identification:_identify(src/nvblox_realsenseD435/sim_gazebo_scene) by extensions ['colcon_meta']
[2.553s] Level 1:colcon.colcon_core.package_identification:_identify(src/nvblox_realsenseD435/sim_gazebo_scene) by extension 'colcon_meta'
[2.553s] Level 1:colcon.colcon_core.package_identification:_identify(src/nvblox_realsenseD435/sim_gazebo_scene) by extensions ['ros']
[2.553s] Level 1:colcon.colcon_core.package_identification:_identify(src/nvblox_realsenseD435/sim_gazebo_scene) by extension 'ros'
[2.558s] DEBUG:colcon.colcon_core.package_identification:Package 'src/nvblox_realsenseD435/sim_gazebo_scene' with type 'ros.ament_python' and name 'sim_gazebo_scene'
[2.558s] Level 1:colcon.colcon_core.package_identification:_identify(src/nvblox_realsenseD435/sim_gazebo_scene_two_d435) by extensions ['ignore', 'ignore_ament_install']
[2.558s] Level 1:colcon.colcon_core.package_identification:_identify(src/nvblox_realsenseD435/sim_gazebo_scene_two_d435) by extension 'ignore'
[2.558s] Level 1:colcon.colcon_core.package_identification:_identify(src/nvblox_realsenseD435/sim_gazebo_scene_two_d435) by extension 'ignore_ament_install'
[2.558s] Level 1:colcon.colcon_core.package_identification:_identify(src/nvblox_realsenseD435/sim_gazebo_scene_two_d435) by extensions ['colcon_pkg']
[2.558s] Level 1:colcon.colcon_core.package_identification:_identify(src/nvblox_realsenseD435/sim_gazebo_scene_two_d435) by extension 'colcon_pkg'
[2.559s] Level 1:colcon.colcon_core.package_identification:_identify(src/nvblox_realsenseD435/sim_gazebo_scene_two_d435) by extensions ['colcon_meta']
[2.559s] Level 1:colcon.colcon_core.package_identification:_identify(src/nvblox_realsenseD435/sim_gazebo_scene_two_d435) by extension 'colcon_meta'
[2.559s] Level 1:colcon.colcon_core.package_identification:_identify(src/nvblox_realsenseD435/sim_gazebo_scene_two_d435) by extensions ['ros']
[2.559s] Level 1:colcon.colcon_core.package_identification:_identify(src/nvblox_realsenseD435/sim_gazebo_scene_two_d435) by extension 'ros'
[2.560s] DEBUG:colcon.colcon_core.package_identification:Package 'src/nvblox_realsenseD435/sim_gazebo_scene_two_d435' with type 'ros.ament_python' and name 'sim_gazebo_scene_two_d435'
[2.561s] Level 1:colcon.colcon_core.package_identification:_identify(src/nvblox_realsenseD435/sim_nvblox) by extensions ['ignore', 'ignore_ament_install']
[2.561s] Level 1:colcon.colcon_core.package_identification:_identify(src/nvblox_realsenseD435/sim_nvblox) by extension 'ignore'
[2.561s] Level 1:colcon.colcon_core.package_identification:_identify(src/nvblox_realsenseD435/sim_nvblox) by extension 'ignore_ament_install'
[2.561s] Level 1:colcon.colcon_core.package_identification:_identify(src/nvblox_realsenseD435/sim_nvblox) by extensions ['colcon_pkg']
[2.561s] Level 1:colcon.colcon_core.package_identification:_identify(src/nvblox_realsenseD435/sim_nvblox) by extension 'colcon_pkg'
[2.561s] Level 1:colcon.colcon_core.package_identification:_identify(src/nvblox_realsenseD435/sim_nvblox) by extensions ['colcon_meta']
[2.561s] Level 1:colcon.colcon_core.package_identification:_identify(src/nvblox_realsenseD435/sim_nvblox) by extension 'colcon_meta'
[2.561s] Level 1:colcon.colcon_core.package_identification:_identify(src/nvblox_realsenseD435/sim_nvblox) by extensions ['ros']
[2.561s] Level 1:colcon.colcon_core.package_identification:_identify(src/nvblox_realsenseD435/sim_nvblox) by extension 'ros'
[2.563s] DEBUG:colcon.colcon_core.package_identification:Package 'src/nvblox_realsenseD435/sim_nvblox' with type 'ros.ament_python' and name 'sim_nvblox'
[2.563s] Level 1:colcon.colcon_core.package_identification:_identify(src/nvblox_realsenseD435/sim_nvblox_two_d435) by extensions ['ignore', 'ignore_ament_install']
[2.563s] Level 1:colcon.colcon_core.package_identification:_identify(src/nvblox_realsenseD435/sim_nvblox_two_d435) by extension 'ignore'
[2.563s] Level 1:colcon.colcon_core.package_identification:_identify(src/nvblox_realsenseD435/sim_nvblox_two_d435) by extension 'ignore_ament_install'
[2.563s] Level 1:colcon.colcon_core.package_identification:_identify(src/nvblox_realsenseD435/sim_nvblox_two_d435) by extensions ['colcon_pkg']
[2.563s] Level 1:colcon.colcon_core.package_identification:_identify(src/nvblox_realsenseD435/sim_nvblox_two_d435) by extension 'colcon_pkg'
[2.563s] Level 1:colcon.colcon_core.package_identification:_identify(src/nvblox_realsenseD435/sim_nvblox_two_d435) by extensions ['colcon_meta']
[2.563s] Level 1:colcon.colcon_core.package_identification:_identify(src/nvblox_realsenseD435/sim_nvblox_two_d435) by extension 'colcon_meta'
[2.564s] Level 1:colcon.colcon_core.package_identification:_identify(src/nvblox_realsenseD435/sim_nvblox_two_d435) by extensions ['ros']
[2.564s] Level 1:colcon.colcon_core.package_identification:_identify(src/nvblox_realsenseD435/sim_nvblox_two_d435) by extension 'ros'
[2.565s] DEBUG:colcon.colcon_core.package_identification:Package 'src/nvblox_realsenseD435/sim_nvblox_two_d435' with type 'ros.ament_python' and name 'sim_nvblox_two_d435'
[2.565s] Level 1:colcon.colcon_core.package_discovery:discover_packages(recursive) using defaults
[2.565s] Level 1:colcon.colcon_core.package_discovery:discover_packages(ignore) discover
[2.565s] Level 1:colcon.colcon_core.package_discovery:discover_packages(ignore) using defaults
[2.565s] Level 1:colcon.colcon_core.package_discovery:discover_packages(path) discover
[2.565s] Level 1:colcon.colcon_core.package_discovery:discover_packages(path) using defaults
[2.613s] INFO:colcon.colcon_core.package_selection:Skipping not selected package 'nvblox' in 'src/nvblox'
[2.613s] INFO:colcon.colcon_core.package_selection:Skipping not selected package 'sim_gazebo_scene' in 'src/nvblox_realsenseD435/sim_gazebo_scene'
[2.613s] INFO:colcon.colcon_core.package_selection:Skipping not selected package 'sim_gazebo_scene_two_d435' in 'src/nvblox_realsenseD435/sim_gazebo_scene_two_d435'
[2.613s] INFO:colcon.colcon_core.package_selection:Skipping not selected package 'sim_nvblox' in 'src/nvblox_realsenseD435/sim_nvblox'
[2.613s] INFO:colcon.colcon_core.package_selection:Skipping not selected package 'sim_nvblox_two_d435' in 'src/nvblox_realsenseD435/sim_nvblox_two_d435'
[2.614s] Level 1:colcon.colcon_core.package_discovery:discover_packages(prefix_path) check parameters
[2.614s] Level 1:colcon.colcon_core.package_discovery:discover_packages(prefix_path) discover
[2.626s] DEBUG:colcon.colcon_installed_package_information.package_discovery:Found 2 installed packages in /home/czz/nvblox_ws/install
[2.627s] DEBUG:colcon.colcon_installed_package_information.package_discovery:Found 9 installed packages in /home/czz/ros_pack/install
[2.629s] DEBUG:colcon.colcon_installed_package_information.package_discovery:Found 21 installed packages in /home/czz/workspaces/isaac_ros-dev/install
[2.634s] DEBUG:colcon.colcon_installed_package_information.package_discovery:Found 435 installed packages in /opt/ros/humble
[2.637s] Level 1:colcon.colcon_core.package_discovery:discover_packages(prefix_path) using defaults
[2.857s] Level 5:colcon.colcon_core.verb:set package 'my_nvblox' build argument 'cmake_args' from command line to 'None'
[2.857s] Level 5:colcon.colcon_core.verb:set package 'my_nvblox' build argument 'cmake_target' from command line to 'None'
[2.857s] Level 5:colcon.colcon_core.verb:set package 'my_nvblox' build argument 'cmake_target_skip_unavailable' from command line to 'False'
[2.857s] Level 5:colcon.colcon_core.verb:set package 'my_nvblox' build argument 'cmake_clean_cache' from command line to 'False'
[2.857s] Level 5:colcon.colcon_core.verb:set package 'my_nvblox' build argument 'cmake_clean_first' from command line to 'False'
[2.857s] Level 5:colcon.colcon_core.verb:set package 'my_nvblox' build argument 'cmake_force_configure' from command line to 'False'
[2.857s] Level 5:colcon.colcon_core.verb:set package 'my_nvblox' build argument 'ament_cmake_args' from command line to 'None'
[2.857s] Level 5:colcon.colcon_core.verb:set package 'my_nvblox' build argument 'catkin_cmake_args' from command line to 'None'
[2.857s] Level 5:colcon.colcon_core.verb:set package 'my_nvblox' build argument 'catkin_skip_building_tests' from command line to 'False'
[2.857s] DEBUG:colcon.colcon_core.verb:Building package 'my_nvblox' with the following arguments: {'ament_cmake_args': None, 'build_base': '/home/czz/nvblox_ws/build/my_nvblox', 'catkin_cmake_args': None, 'catkin_skip_building_tests': False, 'cmake_args': None, 'cmake_clean_cache': False, 'cmake_clean_first': False, 'cmake_force_configure': False, 'cmake_target': None, 'cmake_target_skip_unavailable': False, 'install_base': '/home/czz/nvblox_ws/install/my_nvblox', 'merge_install': False, 'path': '/home/czz/nvblox_ws/src/my_nvblox', 'symlink_install': True, 'test_result_base': None}
[2.857s] INFO:colcon.colcon_core.executor:Executing jobs using 'parallel' executor
[2.859s] DEBUG:colcon.colcon_parallel_executor.executor.parallel:run_until_complete
[2.859s] INFO:colcon.colcon_ros.task.ament_cmake.build:Building ROS package in '/home/czz/nvblox_ws/src/my_nvblox' with build type 'ament_cmake'
[2.860s] INFO:colcon.colcon_cmake.task.cmake.build:Building CMake package in '/home/czz/nvblox_ws/src/my_nvblox'
[2.867s] INFO:colcon.colcon_core.plugin_system:Skipping extension 'colcon_core.shell.bat': Not used on non-Windows systems
[2.867s] INFO:colcon.colcon_core.shell:Skip shell extension 'powershell' for command environment: Not usable outside of PowerShell
[2.867s] DEBUG:colcon.colcon_core.shell:Skip shell extension 'dsv' for command environment
[2.898s] DEBUG:colcon.colcon_core.event_handler.log_command:Invoking command in '/home/czz/nvblox_ws/build/my_nvblox': CMAKE_PREFIX_PATH=${CMAKE_PREFIX_PATH}:/home/czz/workspaces/isaac_ros-dev/install/nvblox_ros_python_utils:/home/czz/workspaces/isaac_ros-dev/install/isaac_ros_test:/home/czz/workspaces/isaac_ros-dev/install/isaac_ros_launch_utils:/opt/ros/humble /usr/bin/cmake --build /home/czz/nvblox_ws/build/my_nvblox -- -j20 -l20
[37.995s] DEBUG:colcon.colcon_core.event_handler.log_command:Invoked command in '/home/czz/nvblox_ws/build/my_nvblox' returned '2': CMAKE_PREFIX_PATH=${CMAKE_PREFIX_PATH}:/home/czz/workspaces/isaac_ros-dev/install/nvblox_ros_python_utils:/home/czz/workspaces/isaac_ros-dev/install/isaac_ros_test:/home/czz/workspaces/isaac_ros-dev/install/isaac_ros_launch_utils:/opt/ros/humble /usr/bin/cmake --build /home/czz/nvblox_ws/build/my_nvblox -- -j20 -l20
[37.996s] Level 1:colcon.colcon_core.environment:create_environment_scripts_only(my_nvblox)
[38.005s] Level 1:colcon.colcon_core.environment:checking '/home/czz/nvblox_ws/install/my_nvblox' for CMake module files
[38.007s] Level 1:colcon.colcon_core.environment:checking '/home/czz/nvblox_ws/install/my_nvblox' for CMake config files
[38.007s] Level 1:colcon.colcon_core.shell:create_environment_hook('my_nvblox', 'cmake_prefix_path')
[38.008s] INFO:colcon.colcon_core.shell:Creating environment hook '/home/czz/nvblox_ws/install/my_nvblox/share/my_nvblox/hook/cmake_prefix_path.ps1'
[38.009s] INFO:colcon.colcon_core.shell:Creating environment descriptor '/home/czz/nvblox_ws/install/my_nvblox/share/my_nvblox/hook/cmake_prefix_path.dsv'
[38.010s] INFO:colcon.colcon_core.shell:Creating environment hook '/home/czz/nvblox_ws/install/my_nvblox/share/my_nvblox/hook/cmake_prefix_path.sh'
[38.012s] Level 1:colcon.colcon_core.environment:checking '/home/czz/nvblox_ws/install/my_nvblox/lib'
[38.012s] Level 1:colcon.colcon_core.environment:checking '/home/czz/nvblox_ws/install/my_nvblox/bin'
[38.012s] Level 1:colcon.colcon_core.environment:checking '/home/czz/nvblox_ws/install/my_nvblox/lib/pkgconfig/my_nvblox.pc'
[38.013s] Level 1:colcon.colcon_core.environment:checking '/home/czz/nvblox_ws/install/my_nvblox/lib/python3.10/site-packages'
[38.013s] Level 1:colcon.colcon_core.environment:checking '/home/czz/nvblox_ws/install/my_nvblox/bin'
[38.014s] INFO:colcon.colcon_core.shell:Creating package script '/home/czz/nvblox_ws/install/my_nvblox/share/my_nvblox/package.ps1'
[38.015s] INFO:colcon.colcon_core.shell:Creating package descriptor '/home/czz/nvblox_ws/install/my_nvblox/share/my_nvblox/package.dsv'
[38.016s] INFO:colcon.colcon_core.shell:Creating package script '/home/czz/nvblox_ws/install/my_nvblox/share/my_nvblox/package.sh'
[38.017s] INFO:colcon.colcon_core.shell:Creating package script '/home/czz/nvblox_ws/install/my_nvblox/share/my_nvblox/package.bash'
[38.019s] INFO:colcon.colcon_core.shell:Creating package script '/home/czz/nvblox_ws/install/my_nvblox/share/my_nvblox/package.zsh'
[38.020s] Level 1:colcon.colcon_core.environment:create_file_with_runtime_dependencies(/home/czz/nvblox_ws/install/my_nvblox/share/colcon-core/packages/my_nvblox)
[38.031s] DEBUG:colcon.colcon_parallel_executor.executor.parallel:closing loop
[38.031s] DEBUG:colcon.colcon_parallel_executor.executor.parallel:loop closed
[38.032s] DEBUG:colcon.colcon_parallel_executor.executor.parallel:run_until_complete finished with '2'
[38.032s] DEBUG:colcon.colcon_core.event_reactor:joining thread
[38.046s] INFO:colcon.colcon_core.plugin_system:Skipping extension 'colcon_notification.desktop_notification.terminal_notifier': Not used on non-Darwin systems
[38.046s] INFO:colcon.colcon_core.plugin_system:Skipping extension 'colcon_notification.desktop_notification.win32': Not used on non-Windows systems
[38.047s] INFO:colcon.colcon_notification.desktop_notification:Sending desktop notification using 'notify2'
[38.169s] DEBUG:colcon.colcon_core.event_reactor:joined thread
[38.170s] INFO:colcon.colcon_core.shell:Creating prefix script '/home/czz/nvblox_ws/install/local_setup.ps1'
[38.173s] INFO:colcon.colcon_core.shell:Creating prefix util module '/home/czz/nvblox_ws/install/_local_setup_util_ps1.py'
[38.178s] INFO:colcon.colcon_core.shell:Creating prefix chain script '/home/czz/nvblox_ws/install/setup.ps1'
[38.187s] INFO:colcon.colcon_core.shell:Creating prefix script '/home/czz/nvblox_ws/install/local_setup.sh'
[38.189s] INFO:colcon.colcon_core.shell:Creating prefix util module '/home/czz/nvblox_ws/install/_local_setup_util_sh.py'
[38.191s] INFO:colcon.colcon_core.shell:Creating prefix chain script '/home/czz/nvblox_ws/install/setup.sh'
[38.199s] INFO:colcon.colcon_core.shell:Creating prefix script '/home/czz/nvblox_ws/install/local_setup.bash'
[38.201s] INFO:colcon.colcon_core.shell:Creating prefix chain script '/home/czz/nvblox_ws/install/setup.bash'
[38.206s] INFO:colcon.colcon_core.shell:Creating prefix script '/home/czz/nvblox_ws/install/local_setup.zsh'
[38.208s] INFO:colcon.colcon_core.shell:Creating prefix chain script '/home/czz/nvblox_ws/install/setup.zsh'
